C251 COMPILER V5.60.0,  assistant_debug                                                    17/07/26  22:33:47  PAGE 1   


C251 COMPILER V5.60.0, COMPILATION OF MODULE assistant_debug
OBJECT MODULE PLACED IN .\out_file\assistant_debug.obj
COMPILER INVOKED BY: D:\keil_v5\C251\BIN\C251.EXE ..\code\assistant_debug.c LARGE ROM(HUGE) WARNINGLEVEL(3) OPTIMIZE(0,S
                    -IZE) BROWSE INCDIR(..\..\libraries\zf_common;..\..\libraries\zf_components;..\..\libraries\zf_device;..\..\libraries\zf_
                    -driver;..\user;..\code;..\..\libraries\zf_components\stc32g_usb_lib;..\..\libraries\zf_components\seekfree_assistant) DE
                    -BUG PRINT(.\out_file\assistant_debug.lst) TABS(2) OBJECT(.\out_file\assistant_debug.obj) 

stmt  level    source

    1          #include "assistant_debug.h"
    2          
    3          #if ASSISTANT_DEBUG_ENABLE
    4          
    5          #include "image.h"
    6          #include "gyro.h"
    7          #include "laser.h"
    8          #include "motor.h"
    9          #include "pid.h"
   10          #include "ring.h"
   11          #include "visual_avoidance.h"
   12          
   13          #define ASSISTANT_PARAM_MIN_CHANNEL     1u
   14          #define ASSISTANT_PARAM_MAX_CHANNEL     SEEKFREE_ASSISTANT_SET_PARAMETR_COUNT
   15          #define ASSISTANT_EXPOSURE_MIN          1.0f
   16          #define ASSISTANT_EXPOSURE_MAX          4095.0f
   17          #define ASSISTANT_SPEED_MIN              165.0f
   18          #define ASSISTANT_GYRO_KG_MIN            (-3000.0f)
   19          #define ASSISTANT_GYRO_KG_MAX            3000.0f
   20          
   21          static uint8 assistant_image_cnt = 0;
   22          static uint8 assistant_scope_cnt = 0;
   23          static uint8 assistant_visual_avoid_enabled = 0;
   24          static volatile uint16 assistant_time_100us = 0;
   25          static volatile uint16 assistant_image_process_time_100us = 0;
   26          
   27          #if ASSISTANT_DEBUG_IMAGE_ENABLE && ASSISTANT_DEBUG_IMAGE_OVERLAY_ENABLE
   28          static const char *Assistant_Ring_State_Name(void)
   29          {
   30   1          switch (current_step) {
   31   2          case 0: return "NORM";
   32   2          case 1: return "FIRST";
   33   2          case 2: return "ENTER";
   34   2          case 3: return "TURN";
   35   2          case 4: return "IN";
   36   2          case 5: return "OUT";
   37   2          case 6: return "BACK";
   38   2          case 7: return "OVER";
   39   2          default: return "ERR";
   40   2          }
   41   1      }
   42          
   43          static const char *Assistant_Visual_Avoid_State_Name(uint8 enabled,
   44                                                                uint8 state,
   45                                                                uint8 candidate_valid,
   46                                                                uint8 pending_hit)
   47          {
   48   1          if (!enabled) return "OFF";
   49   1          switch (state) {
   50   2          case VISUAL_AVOID_STATE_BYPASS: return "BYP";
   51   2          case VISUAL_AVOID_STATE_RECENTER: return "REC";
   52   2          case VISUAL_AVOID_STATE_FOLLOW:
   53   2              if (pending_hit) return "H1";
   54   2              if (candidate_valid) return "RAW";
   55   2              return "SCN";
   56   2          default:
C251 COMPILER V5.60.0,  assistant_debug                                                    17/07/26  22:33:47  PAGE 2   

   57   2              return "ERR";
   58   2          }
   59   1      }
   60          
   61          static void Assistant_Draw_Image_Point(uint8 x, uint8 y, uint8 gray)
   62          {
   63   1          if (x < MT9V03X_W && y < MT9V03X_H) {
   64   2              mt9v03x_image[y][x] = gray;
   65   2          }
   66   1      }
   67          
   68          static void Assistant_Draw_Image_Char(uint8 x, uint8 y, char dat)
   69          {
   70   1          uint8 row;
   71   1          uint8 col;
   72   1          uint8 temp;
   73   1          uint8 far *p;
   74   1      
   75   1          if (dat < ' ' || dat > '~') {
   76   2              dat = ' ';
   77   2          }
   78   1          if (x + 8u > MT9V03X_W || y + 16u > MT9V03X_H) {
   79   2              return;
   80   2          }
   81   1      
   82   1          for (row = 0; row < 16; row++) {
   83   2              temp = ascii_font_8x16[dat - 32][row];
   84   2              p = &mt9v03x_image[y + row][x];
   85   2              for (col = 0; col < 8; col++) {
   86   3                  *p++ = (temp & 0x01) ? 255 : 0;
   87   3                  temp >>= 1;
   88   3              }
   89   2          }
   90   1      }
   91          
   92          static uint8 Assistant_Draw_Image_String(uint8 x, uint8 y, const char *str)
   93          {
   94   1          while (*str && x + 8u <= MT9V03X_W) {
   95   2              Assistant_Draw_Image_Char(x, y, *str++);
   96   2              x += 8u;
   97   2          }
   98   1      
   99   1          return x;
  100   1      }
  101          
  102          static void Assistant_Draw_Target_Cross(void)
  103          {
  104   1          uint8 i;
  105   1      
  106   1          if (!tar_flag) {
  107   2              return;
  108   2          }
  109   1      
  110   1          for (i = 0; i <= 4; i++) {
  111   2              Assistant_Draw_Image_Point((uint8)(tar_x - 2 + i), tar_y, 255);
  112   2              Assistant_Draw_Image_Point(tar_x, (uint8)(tar_y - 2 + i), 255);
  113   2          }
  114   1      }
  115          
  116          static void Assistant_Draw_Visual_Avoid_Candidate(uint8 valid,
  117                                                            uint8 left,
  118                                                            uint8 right,
  119                                                            uint8 bottom)
  120          {
  121   1          uint8 x;
  122   1          uint8 y;
C251 COMPILER V5.60.0,  assistant_debug                                                    17/07/26  22:33:47  PAGE 3   

  123   1          uint8 top;
  124   1          uint8 lower;
  125   1      
  126   1          if (!valid || left >= MT9V03X_W || right >= MT9V03X_W ||
  127   1              left >= right || bottom >= MT9V03X_H) {
  128   2              return;
  129   2          }
  130   1      
  131   1          top = (bottom > 6u) ? (uint8)(bottom - 6u) : 0u;
  132   1          lower = (bottom + 6u < MT9V03X_H) ?
  133   1                  (uint8)(bottom + 6u) : (uint8)(MT9V03X_H - 1u);
  134   1      
  135   1          for (x = left; x <= right; x++) {
  136   2              Assistant_Draw_Image_Point(x, bottom, 128u);
  137   2          }
  138   1          for (y = top; y <= lower; y++) {
  139   2              Assistant_Draw_Image_Point(left, y, 128u);
  140   2              Assistant_Draw_Image_Point(right, y, 128u);
  141   2          }
  142   1      }
  143          
  144          static void Assistant_Draw_Status_Overlay(void)
  145          {
  146   1          uint8 x;
  147   1          uint8 candidate_valid;
  148   1          uint8 candidate_left;
  149   1          uint8 candidate_right;
  150   1          uint8 candidate_bottom;
  151   1          uint8 avoid_state;
  152   1          uint8 avoid_pending_hit;
  153   1      
  154   1          VisualAvoid_GetDebug(&candidate_valid,
  155   1                               &candidate_left,
  156   1                               &candidate_right,
  157   1                               &candidate_bottom,
  158   1                               &avoid_state,
  159   1                               &avoid_pending_hit,
  160   1                               NULL,
  161   1                               NULL);
  162   1      
  163   1          x = Assistant_Draw_Image_String(2u, 2u, "R:");
  164   1          Assistant_Draw_Image_String(x, 2u, Assistant_Ring_State_Name());
  165   1          x = Assistant_Draw_Image_String(2u, 18u, "V:");
  166   1          Assistant_Draw_Image_String(x, 18u,
  167   1                                      Assistant_Visual_Avoid_State_Name(
  168   1                                          assistant_visual_avoid_enabled,
  169   1                                          avoid_state,
  170   1                                          candidate_valid,
  171   1                                          avoid_pending_hit));
  172   1      
  173   1          Assistant_Draw_Visual_Avoid_Candidate(candidate_valid,
  174   1                                                candidate_left,
  175   1                                                candidate_right,
  176   1                                                candidate_bottom);
  177   1          Assistant_Draw_Target_Cross();
  178   1      }
  179          #endif
  180          
  181          static void Assistant_Send_Camera(void)
  182          {
  183   1      #if ASSISTANT_DEBUG_IMAGE_ENABLE && ASSISTANT_DEBUG_IMAGE_OVERLAY_ENABLE
  184   1          Assistant_Draw_Status_Overlay();
  185   1      #endif
  186   1          seekfree_assistant_camera_send();
  187   1      }
  188          
C251 COMPILER V5.60.0,  assistant_debug                                                    17/07/26  22:33:47  PAGE 4   

  189          static float Assistant_Clamp_Float(float value, float min_value, float max_value)
  190          {
  191   1          if (value < min_value) {
  192   2              return min_value;
  193   2          }
  194   1          if (value > max_value) {
  195   2              return max_value;
  196   2          }
  197   1          return value;
  198   1      }
  199          
  200          static int32 Assistant_Float_To_Int32(float value)
  201          {
  202   1          return (int32)value;
  203   1      }
  204          
  205          static uint8 Assistant_Frame_Div_Hit(uint8 *counter, uint8 divider)
  206          {
  207   1          if (divider <= 1u) {
  208   2              return 1;
  209   2          }
  210   1      
  211   1          (*counter)++;
  212   1          if (*counter >= divider) {
  213   2              *counter = 0;
  214   2              return 1;
  215   2          }
  216   1      
  217   1          return 0;
  218   1      }
  219          
  220          static void Assistant_Load_Default_Params(void)
  221          {
  222   1          int16 speed_min;
  223   1          int16 speed_max;
  224   1      
  225   1          Motor_Get_Speed_Range(&speed_min, &speed_max);
  226   1          seekfree_assistant_parameter[ASSISTANT_PARAM_SERVO_KP - 1] =
  227   1              (float)servo_pidf.kp;
  228   1          seekfree_assistant_parameter[ASSISTANT_PARAM_SERVO_KD - 1] =
  229   1              (float)servo_pidf.kd;
  230   1          seekfree_assistant_parameter[ASSISTANT_PARAM_GYRO_KG - 1] =
  231   1              (float)PID_Get_Servo_Gyro_Gain();
  232   1          seekfree_assistant_parameter[ASSISTANT_PARAM_MOTOR_KP - 1] =
  233   1              (float)pid_lf.kp;
  234   1          seekfree_assistant_parameter[ASSISTANT_PARAM_MOTOR_STOP - 1] = 1.0f;
  235   1          seekfree_assistant_parameter[ASSISTANT_PARAM_MIN_SPEED - 1] =
  236   1              (float)speed_min;
  237   1          seekfree_assistant_parameter[ASSISTANT_PARAM_MAX_SPEED - 1] =
  238   1              (float)speed_max;
  239   1          seekfree_assistant_parameter[ASSISTANT_PARAM_CAMERA_EXPOSURE - 1] =
  240   1              (float)camera_exposure_time;
  241   1      }
  242          
  243          static void Assistant_Apply_Param(uint8 channel, float value)
  244          {
  245   1          bit interrupt_state;
  246   1          int32 fixed_value;
  247   1          uint16 exposure;
  248   1          int16 speed_min;
  249   1          int16 speed_max;
  250   1      
  251   1          switch (channel) {
  252   2          case ASSISTANT_PARAM_SERVO_KP:
  253   2              servo_pidf.kp = Assistant_Float_To_Int32(value);
  254   2              break;
C251 COMPILER V5.60.0,  assistant_debug                                                    17/07/26  22:33:47  PAGE 5   

  255   2      
  256   2          case ASSISTANT_PARAM_SERVO_KD:
  257   2              servo_pidf.kd = Assistant_Float_To_Int32(value);
  258   2              break;
  259   2      
  260   2          case ASSISTANT_PARAM_GYRO_KG:
  261   2              value = Assistant_Clamp_Float(value, ASSISTANT_GYRO_KG_MIN, ASSISTANT_GYRO_KG_MAX);
  262   2              if (value >= 0.0f) {
  263   3                  fixed_value = (int32)(value + 0.5f);
  264   3              } else {
  265   3                  fixed_value = (int32)(value - 0.5f);
  266   3              }
  267   2              PID_Set_Servo_Gyro_Gain((int16)fixed_value);
  268   2              seekfree_assistant_parameter[ASSISTANT_PARAM_GYRO_KG - 1] =
  269   2                  (float)PID_Get_Servo_Gyro_Gain();
  270   2              break;
  271   2      
  272   2          case ASSISTANT_PARAM_MOTOR_KP:
  273   2              fixed_value = Assistant_Float_To_Int32(value);
  274   2              pid_lf.kp = fixed_value;
  275   2              pid_rf.kp = fixed_value;
  276   2              break;
  277   2      
  278   2          case ASSISTANT_PARAM_MOTOR_STOP:
  279   2              fixed_value = Assistant_Float_To_Int32(value + 0.5f);
  280   2              if (fixed_value == 2) {
  281   3                  interrupt_state = EA;
  282   3                  EA = 0;
  283   3                  Motor_Set_Safety_Command(MOTOR_SAFETY_STOP, 0);
  284   3                  EA = interrupt_state;
  285   3                  seekfree_assistant_parameter[ASSISTANT_PARAM_MOTOR_STOP - 1] = 2.0f;
  286   3              } else {
  287   3                  interrupt_state = EA;
  288   3                  EA = 0;
  289   3                  Motor_Set_Safety_Command(MOTOR_SAFETY_NORMAL, 0);
  290   3                  EA = interrupt_state;
  291   3                  seekfree_assistant_parameter[ASSISTANT_PARAM_MOTOR_STOP - 1] = 1.0f;
  292   3              }
  293   2              break;
  294   2      
  295   2          case ASSISTANT_PARAM_MIN_SPEED:
  296   2              value = Assistant_Clamp_Float(value, ASSISTANT_SPEED_MIN, (float)MAX_SPEED_TUNE_MAX);
  297   2              Motor_Get_Speed_Range(&speed_min, &speed_max);
  298   2              speed_min = (int16)(value + 0.5f);
  299   2              if (speed_max < speed_min) {
  300   3                  speed_max = speed_min;
  301   3              }
  302   2              Motor_Set_Speed_Range(speed_min, speed_max);
  303   2              Motor_Get_Speed_Range(&speed_min, &speed_max);
  304   2              seekfree_assistant_parameter[ASSISTANT_PARAM_MIN_SPEED - 1] = (float)speed_min;
  305   2              seekfree_assistant_parameter[ASSISTANT_PARAM_MAX_SPEED - 1] = (float)speed_max;
  306   2              break;
  307   2      
  308   2          case ASSISTANT_PARAM_MAX_SPEED:
  309   2              value = Assistant_Clamp_Float(value, ASSISTANT_SPEED_MIN, (float)MAX_SPEED_TUNE_MAX);
  310   2              Motor_Get_Speed_Range(&speed_min, &speed_max);
  311   2              speed_max = (int16)(value + 0.5f);
  312   2              if (speed_min > speed_max) {
  313   3                  speed_min = speed_max;
  314   3              }
  315   2              Motor_Set_Speed_Range(speed_min, speed_max);
  316   2              Motor_Get_Speed_Range(&speed_min, &speed_max);
  317   2              seekfree_assistant_parameter[ASSISTANT_PARAM_MIN_SPEED - 1] = (float)speed_min;
  318   2              seekfree_assistant_parameter[ASSISTANT_PARAM_MAX_SPEED - 1] = (float)speed_max;
  319   2              break;
  320   2      
C251 COMPILER V5.60.0,  assistant_debug                                                    17/07/26  22:33:47  PAGE 6   

  321   2          case ASSISTANT_PARAM_CAMERA_EXPOSURE:
  322   2              value = Assistant_Clamp_Float(value, ASSISTANT_EXPOSURE_MIN, ASSISTANT_EXPOSURE_MAX);
  323   2              exposure = (uint16)(value + 0.5f);
  324   2              if (exposure != camera_exposure_time) {
  325   3                  camera_exposure_time = exposure;
  326   3                  mt9v03x_set_exposure_time(camera_exposure_time);
  327   3              }
  328   2              break;
  329   2      
  330   2          default:
  331   2              break;
  332   2          }
  333   1      }
  334          
  335          static void Assistant_Apply_Param_Updates(void)
  336          {
  337   1          uint8 i;
  338   1      
  339   1          for (i = ASSISTANT_PARAM_MIN_CHANNEL; i <= ASSISTANT_PARAM_MAX_CHANNEL; i++) {
  340   2              if (seekfree_assistant_parameter_update_flag[i - 1]) {
  341   3                  seekfree_assistant_parameter_update_flag[i - 1] = 0;
  342   3                  Assistant_Apply_Param(i, seekfree_assistant_parameter[i - 1]);
  343   3              }
  344   2          }
  345   1      }
  346          
  347          #if ASSISTANT_DEBUG_SCOPE_ENABLE
               static void Assistant_Send_Scope(void)
               {
                   int16 mid_error;
                   int16 servo_error;
                   int16 gyro_z;
                   int16 gyro_correction;
               
                   mid_error = (int16)mid_line[controlReferenceLine] - (int16)Mid_Col;
                   servo_error = (int16)Out_servo - (int16)SERVO_DUTY_MID;
                   Gyro_Get_Debug(NULL, &gyro_z, &gyro_correction);
               
                   seekfree_assistant_oscilloscope_data.channel_num = SEEKFREE_ASSISTANT_SET_OSCILLOSCOPE_COUNT;
                   seekfree_assistant_oscilloscope_data.dat[0] = (float)mid_error;
                   seekfree_assistant_oscilloscope_data.dat[1] = (float)servo_error;
                   seekfree_assistant_oscilloscope_data.dat[2] = (float)encoder_data_l;
                   seekfree_assistant_oscilloscope_data.dat[3] = (float)encoder_data_r;
                   seekfree_assistant_oscilloscope_data.dat[4] = (float)gyro_z;
                   seekfree_assistant_oscilloscope_data.dat[5] = (float)gyro_correction;
                   seekfree_assistant_oscilloscope_data.dat[6] = (float)motor_pwm_l;
                   seekfree_assistant_oscilloscope_data.dat[7] = (float)motor_pwm_r;
               
                   seekfree_assistant_oscilloscope_send(&seekfree_assistant_oscilloscope_data);
               }
               #endif
  372          
  373          void Assistant_Debug_Init(void)
  374          {
  375   1          seekfree_assistant_interface_init(ASSISTANT_DEBUG_DEVICE);
  376   1          seekfree_assistant_init();
  377   1      
  378   1          seekfree_assistant_camera_information_config(SEEKFREE_ASSISTANT_MT9V03X,
  379   1                                                       (void *)&mt9v03x_image[0][0],
  380   1                                                       MT9V03X_W,
  381   1                                                       MT9V03X_H);
  382   1      #if ASSISTANT_DEBUG_BOUNDARY_ENABLE
  383   1          seekfree_assistant_camera_boundary_config(X_BOUNDARY,
  384   1                                                    SEARCH_IMAGE_H,
  385   1                                                    left_control_line,
  386   1                                                    mid_line,
C251 COMPILER V5.60.0,  assistant_debug                                                    17/07/26  22:33:47  PAGE 7   

  387   1                                                    right_control_line,
  388   1                                                    NULL,
  389   1                                                    NULL,
  390   1                                                    NULL);
  391   1      #else
                   seekfree_assistant_camera_boundary_config(NO_BOUNDARY,
                                                             0,
                                                             NULL,
                                                             NULL,
                                                             NULL,
                                                             NULL,
                                                             NULL,
                                                             NULL);
               #endif
  401   1          Assistant_Load_Default_Params();
  402   1      }
  403          
  404          void Assistant_Debug_Task(void)
  405          {
  406   1      #if ASSISTANT_DEBUG_PARAM_ENABLE
  407   1          seekfree_assistant_data_analysis();
  408   1          Assistant_Apply_Param_Updates();
  409   1      #endif
  410   1      }
  411          
  412          void Assistant_Debug_On_Frame(uint8 visual_avoid_enabled)
  413          {
  414   1          assistant_visual_avoid_enabled = visual_avoid_enabled ? 1u : 0u;
  415   1          Assistant_Debug_Task();
  416   1      
  417   1      #if ASSISTANT_DEBUG_SCOPE_ENABLE
                   if (Assistant_Frame_Div_Hit(&assistant_scope_cnt, ASSISTANT_DEBUG_SCOPE_DIV)) {
                       Assistant_Send_Scope();
                   }
               #endif
  422   1      
  423   1      #if ASSISTANT_DEBUG_IMAGE_ENABLE
  424   1          if (Assistant_Frame_Div_Hit(&assistant_image_cnt, ASSISTANT_DEBUG_IMAGE_DIV)) {
  425   2              Assistant_Send_Camera();
  426   2          }
  427   1      #endif
  428   1      }
  429          
  430          void Assistant_Debug_Send_Now(void)
  431          {
  432   1      #if ASSISTANT_DEBUG_SCOPE_ENABLE
                   Assistant_Send_Scope();
               #endif
  435   1      #if ASSISTANT_DEBUG_IMAGE_ENABLE
  436   1          Assistant_Send_Camera();
  437   1      #endif
  438   1      }
  439          
  440          void Assistant_Debug_Timebase_Tick(void)
  441          {
  442   1          assistant_time_100us++;
  443   1      }
  444          
  445          uint16 Assistant_Debug_Timebase_Now(void)
  446          {
  447   1          return assistant_time_100us;
  448   1      }
  449          
  450          void Assistant_Debug_Set_Image_Process_Time(uint16 time_100us)
  451          {
  452   1          assistant_image_process_time_100us = time_100us;
C251 COMPILER V5.60.0,  assistant_debug                                                    17/07/26  22:33:47  PAGE 8   

  453   1      }
  454          
  455          #else
               
               void Assistant_Debug_Init(void)
               {
               }
               
               void Assistant_Debug_Task(void)
               {
               }
               
               void Assistant_Debug_On_Frame(uint8 visual_avoid_enabled)
               {
                   (void)visual_avoid_enabled;
               }
               
               void Assistant_Debug_Send_Now(void)
               {
               }
               
               void Assistant_Debug_Timebase_Tick(void)
               {
               }
               
               uint16 Assistant_Debug_Timebase_Now(void)
               {
                   return 0;
               }
               
               void Assistant_Debug_Set_Image_Process_Time(uint16 time_100us)
               {
                   (void)time_100us;
               }
               
               #endif


Module Information          Static   Overlayable
------------------------------------------------
  code size            =    ------     ------
  ecode size           =      3178     ------
  data size            =    ------     ------
  idata size           =    ------     ------
  pdata size           =    ------     ------
  xdata size           =        90     ------
  xdata-const size     =    ------     ------
  edata size           =    ------     ------
  bit size             =         1     ------
  ebit size            =    ------     ------
  bitaddressable size  =    ------     ------
  ebitaddressable size =    ------     ------
  far data size        =    ------     ------
  huge data size       =    ------     ------
  const size           =    ------     ------
  hconst size          =       104     ------
End of Module Information.


C251 COMPILATION COMPLETE.  0 WARNING(S),  0 ERROR(S)
