C251 COMPILER V5.60.0,  image                                                              13/06/26  12:52:09  PAGE 1   


C251 COMPILER V5.60.0, COMPILATION OF MODULE image
OBJECT MODULE PLACED IN .\out_file\image.obj
COMPILER INVOKED BY: D:\keil_v5\C251\BIN\C251.EXE ..\code\image.c LARGE ROM(HUGE) WARNINGLEVEL(3) OPTIMIZE(0,SIZE) BROWS
                    -E INCDIR(..\..\libraries\zf_common;..\..\libraries\zf_components;..\..\libraries\zf_device;..\..\libraries\zf_driver;..\
                    -user;..\code;..\..\libraries\zf_components\stc32g_usb_lib;..\..\libraries\zf_components\seekfree_assistant) DEBUG PRINT(
                    -.\out_file\image.lst) TABS(2) OBJECT(.\out_file\image.obj) 

stmt  level    source

    1          #include "image.h"
    2          #include "image2.h"
    3          #include "ring.h"
    4          #include "pid.h"
    5          #include "servo.h"
    6          #include "laser.h"
    7          #include <string.h>
    8          
    9          #define CAMERA_AE_TARGET_BRIGHTNESS    126u
   10          #define CAMERA_AE_BRIGHTNESS_LOW       112u
   11          #define CAMERA_AE_BRIGHTNESS_HIGH      142u
   12          #define CAMERA_AE_MIN_EXPOSURE         60u
   13          #define CAMERA_AE_MAX_EXPOSURE         1200u
   14          #define CAMERA_AE_MAX_ADJUST_TIMES     5u
   15          #define CAMERA_AE_FRAME_TIMEOUT_MS     150u
   16          #define CAMERA_AE_SAMPLE_START_ROW     20u
   17          #define CAMERA_AE_SAMPLE_ROW_STEP      4u
   18          #define CAMERA_AE_SAMPLE_COL_STEP      4u
   19          #define REFLECT_BASE_POINT             225u
   20          #define REFLECT_MIN_POINT              198u
   21          #define REFLECT_WHITE_OFFSET           48u
   22          #define WHITE_MAX_OFFSET               24u
   23          #define REFERENCE_COL_MIN              0u
   24          #define REFERENCE_COL_MAX              160u
   25          
   26          /* 当前帧备份，调试显示或后续处理可以直接看这份图。 */
   27          uint8 far image_copy[MT9V03X_H][MT9V03X_W];
   28          
   29          uint8 reference_point;
   30          uint8 white_max_point;
   31          uint8 white_min_point;
   32          
   33          uint8 refenence_col_line[SEARCH_IMAGE_H];
   34          uint8 reference_contrast_ratio = 32;
   35          uint8 reference_col;
   36          
   37          uint8 left_edge_line[SEARCH_IMAGE_H];
   38          uint8 right_edge_line[SEARCH_IMAGE_H];
   39          uint8 mid_line[SEARCH_IMAGE_H];
   40          
   41          uint8 lost_left;
   42          uint8 lost_right;
   43          
   44          uint8 cross_flag = 0;
   45          uint16 encoder_enter = 0;
   46          uint8 th = 0;
   47          int32 err_sum = 0;
   48          
   49          uint16 camera_exposure_time = MT9V03X_EXP_TIME_DEF;
   50          uint8 camera_init_brightness = 0;
   51          static uint8 reflect_point = REFLECT_BASE_POINT;
   52          
   53          /* 将 int16 数值限制到指定范围内。 */
   54          static int16 limit_i16(int16 x, int16 min_v, int16 max_v)
   55          {
   56   1          if (x < min_v) return min_v;
C251 COMPILER V5.60.0,  image                                                              13/06/26  12:52:09  PAGE 2   

   57   1          if (x > max_v) return max_v;
   58   1          return x;
   59   1      }
   60          
   61          /* 将 uint16 数值限制到指定范围内。 */
   62          static uint16 limit_u16(uint16 x, uint16 min_v, uint16 max_v)
   63          {
   64   1          if (x < min_v) return min_v;
   65   1          if (x > max_v) return max_v;
   66   1          return x;
   67   1      }
   68          
   69          /* 判断像素是否过亮，过亮点通常按反光处理。 */
   70          static uint8 is_reflect_pixel(uint8 pix)
   71          {
   72   1          return pix >= reflect_point;
   73   1      }
   74          
   75          /* 根据当前白色阈值更新反光过滤阈值。 */
   76          static void update_reflect_point(void)
   77          {
   78   1          uint16 point;
   79   1      
   80   1          point = (uint16)white_min_point + REFLECT_WHITE_OFFSET;
   81   1          if (point < REFLECT_MIN_POINT) {
   82   2              point = REFLECT_MIN_POINT;
   83   2          } else if (point > REFLECT_BASE_POINT) {
   84   2              point = REFLECT_BASE_POINT;
   85   2          }
   86   1      
   87   1          reflect_point = (uint8)point;
   88   1      }
   89          
   90          /* 等待摄像头完成一帧图像，超时后返回失败。 */
   91          static uint8 camera_wait_finish_frame(uint16 timeout_ms)
   92          {
   93   1          while (timeout_ms) {
   94   2              if (mt9v03x_finish_flag) {
   95   3                  mt9v03x_finish_flag = 0;
   96   3                  return 1;
   97   3              }
   98   2      
   99   2              system_delay_ms(1);
  100   2              timeout_ms--;
  101   2          }
  102   1      
  103   1          return 0;
  104   1      }
  105          
  106          /* 对图像做稀疏采样，估算当前画面的平均亮度。 */
  107          static uint8 camera_get_average_brightness(void)
  108          {
  109   1          uint8 row;
  110   1          uint8 col;
  111   1          uint16 sample_count;
  112   1          uint32 sum;
  113   1          const uint8 *p;
  114   1      
  115   1          sample_count = 0;
  116   1          sum = 0;
  117   1      
  118   1          for (row = CAMERA_AE_SAMPLE_START_ROW; row < MT9V03X_H; row += CAMERA_AE_SAMPLE_ROW_STEP) {
  119   2              p = &mt9v03x_image[row][0];
  120   2      
  121   2              for (col = 0; col < MT9V03X_W; col += CAMERA_AE_SAMPLE_COL_STEP) {
  122   3                  sum += *(p + col);
C251 COMPILER V5.60.0,  image                                                              13/06/26  12:52:09  PAGE 3   

  123   3                  sample_count++;
  124   3              }
  125   2          }
  126   1      
  127   1          if (!sample_count) {
  128   2              return 0;
  129   2          }
  130   1      
  131   1          return (uint8)(sum / sample_count);
  132   1      }
  133          
  134          /* 上电后自动调整摄像头曝光，让初始画面亮度落到合适范围。 */
  135          void Camera_Auto_Exposure_Init(void)
  136          {
  137   1          uint8 i;
  138   1          uint8 brightness;
  139   1          uint16 target_exposure;
  140   1          uint16 next_exposure;
  141   1          uint32 scaled_exposure;
  142   1      
  143   1          camera_exposure_time = MT9V03X_EXP_TIME_DEF;
  144   1          mt9v03x_finish_flag = 0;
  145   1      
  146   1          for (i = 0; i < CAMERA_AE_MAX_ADJUST_TIMES; i++) {
  147   2              if (!camera_wait_finish_frame(CAMERA_AE_FRAME_TIMEOUT_MS)) {
  148   3                  break;
  149   3              }
  150   2      
  151   2              brightness = camera_get_average_brightness();
  152   2              camera_init_brightness = brightness;
  153   2      
  154   2              if (brightness >= CAMERA_AE_BRIGHTNESS_LOW &&
  155   2                  brightness <= CAMERA_AE_BRIGHTNESS_HIGH) {
  156   3                  break;
  157   3              }
  158   2      
  159   2              if (!brightness) {
  160   3                  brightness = 1;
  161   3              }
  162   2      
  163   2              scaled_exposure = (uint32)camera_exposure_time * CAMERA_AE_TARGET_BRIGHTNESS;
  164   2              target_exposure = (uint16)((scaled_exposure + brightness / 2u) / brightness);
  165   2              next_exposure = (uint16)(((uint32)camera_exposure_time + target_exposure + 1u) >> 1);
  166   2      
  167   2              if (next_exposure < camera_exposure_time * 3u / 4u) {
  168   3                  next_exposure = camera_exposure_time * 3u / 4u;
  169   3              }
  170   2      
  171   2              if (next_exposure > camera_exposure_time * 2u) {
  172   3                  next_exposure = camera_exposure_time * 2u;
  173   3              }
  174   2      
  175   2              next_exposure = limit_u16(next_exposure, CAMERA_AE_MIN_EXPOSURE, CAMERA_AE_MAX_EXPOSURE);
  176   2      
  177   2              if (next_exposure == camera_exposure_time) {
  178   3                  break;
  179   3              }
  180   2      
  181   2              camera_exposure_time = next_exposure;
  182   2              mt9v03x_set_exposure_time(camera_exposure_time);
  183   2          }
  184   1      
  185   1          if (camera_wait_finish_frame(CAMERA_AE_FRAME_TIMEOUT_MS)) {
  186   2              camera_init_brightness = camera_get_average_brightness();
  187   2          }
  188   1          mt9v03x_finish_flag = 0;
C251 COMPILER V5.60.0,  image                                                              13/06/26  12:52:09  PAGE 4   

  189   1      }
  190          
  191          /* 计算两个灰度值之间的对比度，数值越大表示边缘越明显。 */
  192          uint16 get_contrast(uint8 temp1, uint8 temp2)
  193          {
  194   1          int16 diff;
  195   1          diff = (int16)temp1 - (int16)temp2;
  196   1          if (diff < 0) diff = -diff;
  197   1          return (uint16)((uint32)diff * 200u / ((uint16)temp1 + (uint16)temp2 + 1u));
  198   1      }
  199          
  200          /* 根据图像底部参考区域估算黑白阈值和反光过滤阈值。 */
  201          void get_reference_point(const uint8 *image)
  202          {
  203   1          uint16 i;
  204   1          const uint8 *p;
  205   1          uint16 count;
  206   1          uint16 valid_count;
  207   1          uint32 sum;
  208   1          uint8 pix;
  209   1          uint8 reference_min;
  210   1      
  211   1          p = image + (SEARCH_IMAGE_H - REFRENCE_ROW) * SEARCH_IMAGE_W;
  212   1          count = REFRENCE_ROW * SEARCH_IMAGE_W;
  213   1          valid_count = 0;
  214   1          sum = 0;
  215   1      
  216   1          for (i = 0; i < count; i++) {
  217   2              pix = *(p + i);
  218   2              if (!is_reflect_pixel(pix)) {
  219   3                  sum += pix;
  220   3                  valid_count++;
  221   3              }
  222   2          }
  223   1      
  224   1          if (!valid_count) {
  225   2              for (i = 0; i < count; i++) {
  226   3                  sum += *(p + i);
  227   3              }
  228   2              valid_count = count;
  229   2          }
  230   1      
  231   1          reference_point = (uint8)(sum / valid_count);
  232   1      
  233   1          reference_min = (uint8)limit_i16((int16)((uint16)reference_point * WHITE_MIN_MUL / 10u),
  234   1                                           BALACK_POINT, 220);
  235   1      
  236   1          if (th >= OTSU_LIMIT_MIN && th <= OTSU_LIMIT_MAX) {
  237   2              white_min_point = (uint8)limit_i16((int16)(((uint16)reference_min + (uint16)th + 1u) >> 1),
  238   2                                                 BALACK_POINT, 220);
  239   2          } else {
  240   2              white_min_point = reference_min;
  241   2          }
  242   1      
  243   1          update_reflect_point();
  244   1      
  245   1          white_max_point = (uint8)limit_i16((int16)((uint16)white_min_point + WHITE_MAX_OFFSET),
  246   1                                             (int16)white_min_point + 8, (int16)reflect_point - 1);
  247   1      }
  248          
  249          /* 在整幅图中寻找一条较可靠的参考列，作为左右寻线的起点。 */
  250          void Search_reference_col(const uint8 *image)
  251          {
  252   1          uint8 col;
  253   1          uint8 row;
  254   1          uint8 temp1;
C251 COMPILER V5.60.0,  image                                                              13/06/26  12:52:09  PAGE 5   

  255   1          uint8 temp2;
  256   1          uint8 i;
  257   1          uint8 globe_remote;
  258   1          uint8 globe_remote_min;
  259   1          uint16 contrast;
  260   1      
  261   1          globe_remote_min = SEARCH_IMAGE_H;
  262   1          reference_col = SEARCH_IMAGE_W / 2;
  263   1      
  264   1          for (col = REFERENCE_COL_MIN; col <= REFERENCE_COL_MAX; col += PIXEL_OFFSET) {
  265   2              globe_remote = SEARCH_IMAGE_H;
  266   2      
  267   2              for (row = SEARCH_IMAGE_H - 1; row > PIXEL_OFFSET; row -= PIXEL_OFFSET) {
  268   3                  temp1 = *(image + (uint16)row * SEARCH_IMAGE_W + col);
  269   3                  temp2 = *(image + (uint16)(row - PIXEL_OFFSET) * SEARCH_IMAGE_W + col);
  270   3      
  271   3                  if (is_reflect_pixel(temp1) || is_reflect_pixel(temp2)) {
  272   4                      continue;
  273   4                  }
  274   3      
  275   3                  if (temp2 > white_max_point) {
  276   4                      continue;
  277   4                  } else if (temp1 < white_min_point) {
  278   4                      if (globe_remote > row) {
  279   5                          globe_remote = row;
  280   5                      }
  281   4                      break;
  282   4                  }
  283   3      
  284   3                  contrast = get_contrast(temp1, temp2);
  285   3                  if (contrast > reference_contrast_ratio || row == STOP_ROW) {
  286   4                      globe_remote = row;
  287   4                      break;
  288   4                  }
  289   3              }
  290   2      
  291   2              if (globe_remote < globe_remote_min) {
  292   3                  globe_remote_min = globe_remote;
  293   3                  reference_col = col;
  294   3              }
  295   2          }
  296   1      
  297   1          for (i = 0; i < SEARCH_IMAGE_H; i++) {
  298   2              refenence_col_line[i] = reference_col;
  299   2          }
  300   1      }
  301          
  302          /* 从下往上搜索左右边线，并把缺失行插值补齐。 */
  303          void Search_line(const uint8 *image)
  304          {
  305   1          const uint8 *p;
  306   1          uint8 row_max;
  307   1          uint8 row_min;
  308   1          uint8 col_max;
  309   1          uint8 col_min;
  310   1      
  311   1          uint8 left_start_col;
  312   1          uint8 right_start_col;
  313   1          uint8 left_end_col;
  314   1          uint8 right_end_col;
  315   1      
  316   1          uint8 search_time;
  317   1          uint8 temp1;
  318   1          uint8 temp2;
  319   1          int16 contrast;
  320   1      
C251 COMPILER V5.60.0,  image                                                              13/06/26  12:52:09  PAGE 6   

  321   1          uint8 left_stop;
  322   1          uint8 right_stop;
  323   1          uint8 stop_point;
  324   1          uint8 col;
  325   1          uint8 row;
  326   1      
  327   1          p = image;
  328   1          row_max = SEARCH_IMAGE_H - 1;
  329   1          row_min = STOP_ROW;
  330   1          col_max = SEARCH_IMAGE_W - 1;
  331   1          col_min = 0;
  332   1      
  333   1          left_start_col  = reference_col;
  334   1          right_start_col = (uint8)limit_i16((int16)reference_col, 0, col_max);
  335   1          left_end_col    = col_min;
  336   1          right_end_col   = col_max;
  337   1      
  338   1          left_stop = 0;
  339   1          right_stop = 0;
  340   1          stop_point = 0;
  341   1      
  342   1          lost_left = STOP_ROW;
  343   1          lost_right = STOP_ROW;
  344   1      
  345   1          for (row = row_max; row >= row_min; row--) {
  346   2              left_edge_line[row] = 0;
  347   2              right_edge_line[row] = SEARCH_IMAGE_W - 1;
  348   2              if (row == row_min) break;
  349   2          }
  350   1      
  351   1          for (row = row_max; row >= row_min; row -= PIXEL_OFFSET) {
  352   2              p = image + (uint16)row * SEARCH_IMAGE_W;
  353   2      
  354   2              if (!left_stop) {
  355   3                  search_time = 2;
  356   3                  do {
  357   4                      if (search_time == 1) {
  358   5                          left_start_col = reference_col;
  359   5                          left_end_col = col_min;
  360   5                      }
  361   4                      search_time--;
  362   4      
  363   4                      for (col = left_start_col; col > left_end_col + PIXEL_OFFSET; col -= PIXEL_OFFSET) {
  364   5                          temp1 = *(p + col);
  365   5                          temp2 = *(p + col - PIXEL_OFFSET);
  366   5      
  367   5                          if (is_reflect_pixel(temp1) || is_reflect_pixel(temp2)) {
  368   6                              continue;
  369   6                          }
  370   5      
  371   5                          if (temp1 < white_min_point &&
  372   5                              col == left_start_col &&
  373   5                              left_start_col == reference_col) {
  374   6                              left_stop = 1;
  375   6                              search_time = 0;
  376   6      
  377   6                              for (stop_point = row; stop_point > 1; stop_point--) {
  378   7                                  left_edge_line[stop_point] = col_min;
  379   7                              }
  380   6                              lost_left = row;
  381   6                              break;
  382   6                          }
  383   5      
  384   5                          if (temp1 < white_min_point) {
  385   6                              left_edge_line[row] = col;
  386   6                              break;
C251 COMPILER V5.60.0,  image                                                              13/06/26  12:52:09  PAGE 7   

  387   6                          }
  388   5      
  389   5                          if (temp2 > white_max_point) {
  390   6                              continue;
  391   6                          }
  392   5      
  393   5                          contrast = (int16)get_contrast(temp1, temp2);
  394   5                          if (contrast > reference_contrast_ratio || col == col_min) {
  395   6                              left_edge_line[row] = col;
  396   6                              left_start_col = (uint8)limit_i16((int16)col + SEARCH_RANGE, col, col_max);
  397   6                              left_end_col   = (uint8)limit_i16((int16)col - SEARCH_RANGE, col_min, col);
  398   6                              search_time = 0;
  399   6                              break;
  400   6                          }
  401   5                      }
  402   4                  } while (search_time);
  403   3              }
  404   2      
  405   2              if (!right_stop) {
  406   3                  search_time = 2;
  407   3                  do {
  408   4                      if (search_time == 1) {
  409   5                          right_start_col = reference_col;
  410   5                          right_end_col = col_max;
  411   5                      }
  412   4                      search_time--;
  413   4      
  414   4                      for (col = right_start_col; col <= right_end_col - PIXEL_OFFSET; col += PIXEL_OFFSET) {
  415   5                          temp1 = *(p + col);
  416   5                          temp2 = *(p + col + PIXEL_OFFSET);
  417   5      
  418   5                          if (is_reflect_pixel(temp1) || is_reflect_pixel(temp2)) {
  419   6                              continue;
  420   6                          }
  421   5      
  422   5                          if (temp1 < white_min_point &&
  423   5                              col == right_start_col &&
  424   5                              right_start_col == reference_col) {
  425   6                              right_stop = 1;
  426   6                              search_time = 0;
  427   6      
  428   6                              for (stop_point = row; stop_point > row_min; stop_point--) {
  429   7                                  right_edge_line[stop_point] = SEARCH_IMAGE_W - 1;
  430   7                              }
  431   6                              lost_right = row;
  432   6                              break;
  433   6                          }
  434   5      
  435   5                          if (temp1 < white_min_point) {
  436   6                              right_edge_line[row] = col;
  437   6                              break;
  438   6                          }
  439   5      
  440   5                          if (temp2 > white_max_point) {
  441   6                              continue;
  442   6                          }
  443   5      
  444   5                          contrast = (int16)get_contrast(temp1, temp2);
  445   5                          if (contrast > reference_contrast_ratio || col >= col_max - PIXEL_OFFSET) {
  446   6                              right_edge_line[row] = col;
  447   6                              right_start_col = (uint8)limit_i16((int16)col - SEARCH_RANGE, col_min, col);
  448   6                              right_end_col   = (uint8)limit_i16((int16)col + SEARCH_RANGE, col, col_max);
  449   6                              search_time = 0;
  450   6                              break;
  451   6                          }
  452   5                      }
C251 COMPILER V5.60.0,  image                                                              13/06/26  12:52:09  PAGE 8   

  453   4                  } while (search_time);
  454   3              }
  455   2      
  456   2              if (row < row_min + PIXEL_OFFSET) {
  457   3                  break;
  458   3              }
  459   2          }
  460   1      
  461   1          insert_val();
  462   1      
  463   1          memcpy(left_control_line, left_edge_line, sizeof(left_edge_line));
  464   1          memcpy(right_control_line, right_edge_line, sizeof(right_edge_line));
  465   1      }
  466          
  467          /* 对按 PIXEL_OFFSET 搜到的稀疏边线做行间插值。 */
  468          void insert_val(void)
  469          {
  470   1          uint8 i;
  471   1          uint8 j;
  472   1          uint8 front_p;
  473   1          uint8 cur_p;
  474   1          uint8 step;
  475   1      
  476   1          front_p = left_edge_line[SEARCH_IMAGE_H - 1];
  477   1          for (i = SEARCH_IMAGE_H - PIXEL_OFFSET - 1; i >= STOP_ROW; i -= PIXEL_OFFSET) {
  478   2              cur_p = left_edge_line[i];
  479   2              if (cur_p >= front_p) {
  480   3                  step = (uint8)((cur_p - front_p + PIXEL_OFFSET - 1) / PIXEL_OFFSET);
  481   3                  for (j = 1; j < PIXEL_OFFSET; j++) {
  482   4                      left_edge_line[i - j + PIXEL_OFFSET] = front_p + step * j;
  483   4                  }
  484   3              } else {
  485   3                  step = (uint8)((front_p - cur_p + PIXEL_OFFSET - 1) / PIXEL_OFFSET);
  486   3                  for (j = 1; j < PIXEL_OFFSET; j++) {
  487   4                      left_edge_line[i - j + PIXEL_OFFSET] = front_p - step * j;
  488   4                  }
  489   3              }
  490   2              front_p = cur_p;
  491   2      
  492   2              if (i < STOP_ROW + PIXEL_OFFSET) {
  493   3                  break;
  494   3              }
  495   2          }
  496   1      
  497   1          front_p = right_edge_line[SEARCH_IMAGE_H - 1];
  498   1          for (i = SEARCH_IMAGE_H - PIXEL_OFFSET - 1; i >= STOP_ROW; i -= PIXEL_OFFSET) {
  499   2              cur_p = right_edge_line[i];
  500   2              if (cur_p >= front_p) {
  501   3                  step = (uint8)((cur_p - front_p + PIXEL_OFFSET - 1) / PIXEL_OFFSET);
  502   3                  for (j = 1; j < PIXEL_OFFSET; j++) {
  503   4                      right_edge_line[i - j + PIXEL_OFFSET] = front_p + step * j;
  504   4                  }
  505   3              } else {
  506   3                  step = (uint8)((front_p - cur_p + PIXEL_OFFSET - 1) / PIXEL_OFFSET);
  507   3                  for (j = 1; j < PIXEL_OFFSET; j++) {
  508   4                      right_edge_line[i - j + PIXEL_OFFSET] = front_p - step * j;
  509   4                  }
  510   3              }
  511   2              front_p = cur_p;
  512   2      
  513   2              if (i < STOP_ROW + PIXEL_OFFSET) {
  514   3                  break;
  515   3              }
  516   2          }
  517   1      }
  518          
C251 COMPILER V5.60.0,  image                                                              13/06/26  12:52:09  PAGE 9   

  519          /* 根据左右控制线计算中线，舵机控制主要使用这条线。 */
  520          void Fitted_Midline(void)
  521          {
  522   1          uint8 i;
  523   1          for (i = 0; i < SEARCH_IMAGE_H; i++) {
  524   2              mid_line[i] = (uint8)(((uint16)left_control_line[i] + (uint16)right_control_line[i]) >> 1);
  525   2          }
  526   1      }
  527          
  528          /* 分段计算中线平均位置，给速度规划和舵机控制提供整体偏移。 */
  529          void Error_sum(void)
  530          {
  531   1          uint8 i;
  532   1          int32 err1 = 0;
  533   1          int32 err2 = 0;
  534   1          int32 err3 = 0;
  535   1      
  536   1          for (i = 8; i < 28; i++) {
  537   2              err1 += mid_line[i];
  538   2          }
  539   1          err1 /= 20;
  540   1      
  541   1          for (i = 28; i < 88; i++) {
  542   2              err2 += mid_line[i];
  543   2          }
  544   1          err2 /= 60;
  545   1      
  546   1          for (i = 89; i < 111; i++) {
  547   2              err3 += mid_line[i];
  548   2          }
  549   1          err3 /= 22;
  550   1      
  551   1          err_sum = (err1 * 20 + err2 * 30 + err3 * 60) / 100;
  552   1      }
  553          
  554          /* 根据左右边线是否连续，切换直道和转弯时的舵机 P 参数。 */
  555          void straightAccelerate(void)
  556          {
  557   1          uint8 isContinue_left;
  558   1          uint8 isContinue_right;
  559   1      
  560   1          isContinue_left = isContinueLine(left_edge_line);
  561   1          isContinue_right = isContinueLine(right_edge_line);
  562   1      
  563   1          if (isContinue_left && isContinue_right) {
  564   2              servo_pidf.kp = SERVO_KP_STRAIGHT_Q10;
  565   2          } else {
  566   2              servo_pidf.kp = SERVO_KP_TURN_Q10;
  567   2          }
  568   1      }
  569          
  570          /* 单帧图像处理总入口：阈值、寻线、圆环、中线和目标识别都在这里更新。 */
  571          void Image_OldStyle_Process(void)
  572          {
  573   1          const uint8 *img;
  574   1      
  575   1          memcpy(image_copy, mt9v03x_image, sizeof(image_copy));
  576   1      
  577   1          img = &mt9v03x_image[0][0];
  578   1      
  579   1          th = otsuThreshold((uint8 *)img);
  580   1          get_reference_point(img);
  581   1          Search_reference_col(img);
  582   1          Search_line(img);
  583   1      
  584   1          /* 圆环路段边线会断开或跳变，这里统一交给 Ring() 补线。 */
C251 COMPILER V5.60.0,  image                                                              13/06/26  12:52:09  PAGE 10  

  585   1          Ring();
  586   1      
  587   1          Fitted_Midline();
  588   1      
  589   1          /* 识别到目标后，tar_flag 会在 15 ms 中断里控制激光开关。 */
  590   1          tar_th = white_min_point;
  591   1          Pre_Scan();
  592   1          Target_find(pre_find_offset);
  593   1      }


Module Information          Static   Overlayable
------------------------------------------------
  code size            =    ------     ------
  ecode size           =      4719     ------
  data size            =    ------     ------
  idata size           =    ------     ------
  pdata size           =    ------     ------
  xdata size           =       626     ------
  xdata-const size     =    ------     ------
  edata size           =    ------     ------
  bit size             =    ------     ------
  ebit size            =    ------     ------
  bitaddressable size  =    ------     ------
  ebitaddressable size =    ------     ------
  far data size        =     22560     ------
  huge data size       =    ------     ------
  const size           =    ------     ------
  hconst size          =        53     ------
End of Module Information.


C251 COMPILATION COMPLETE.  0 WARNING(S),  0 ERROR(S)
