C251 COMPILER V5.60.0,  ips_ui                                                             23/07/26  02:13:10  PAGE 1   


C251 COMPILER V5.60.0, COMPILATION OF MODULE ips_ui
OBJECT MODULE PLACED IN .\out_file\ips_ui.obj
COMPILER INVOKED BY: D:\keil_v5\C251\BIN\C251.EXE ..\code\ips_ui.c LARGE ROM(HUGE) WARNINGLEVEL(3) OPTIMIZE(0,SIZE) BROW
                    -SE INCDIR(..\..\libraries\zf_common;..\..\libraries\zf_components;..\..\libraries\zf_device;..\..\libraries\zf_driver;..
                    -\user;..\code;..\..\libraries\zf_components\stc32g_usb_lib;..\..\libraries\zf_components\seekfree_assistant) DEBUG PRINT
                    -(.\out_file\ips_ui.lst) TABS(2) OBJECT(.\out_file\ips_ui.obj) 

stmt  level    source

    1          #include "ips_ui.h"
    2          #include "laser.h"
    3          #include "ring.h"
    4          
    5          /* 在指定图像行画一条间隔点标记线，用来提示搜索行或参考行。 */
    6          static void IPS_Draw_Row_Marker(uint16 x, uint16 y, uint8 row, uint16 color)
    7          {
    8   1          uint8 i;
    9   1      
   10   1          if (row >= SEARCH_IMAGE_H) {
   11   2              return;
   12   2          }
   13   1      
   14   1          for (i = 0; i < SEARCH_IMAGE_W; i += 2) {
   15   2              ips200_draw_point(x + i, y + row, color);
   16   2          }
   17   1      }
   18          
   19          /* 显示摄像头灰度图，并叠加左右控制线、中线、参考行和目标点。 */
   20          void IPS_Show_Image_And_Line(uint16 x, uint16 y)
   21          {
   22   1          uint8 r;
   23   1          int16 p;
   24   1      
   25   1          ips200_show_gray_image(x, y, &mt9v03x_image[0][0],
   26   1                                 SEARCH_IMAGE_W, SEARCH_IMAGE_H,
   27   1                                 SEARCH_IMAGE_W, SEARCH_IMAGE_H,
   28   1                                 white_min_point);
   29   1      
   30   1          IPS_Draw_Row_Marker(x, y, STOP_ROW, RGB565_CYAN);
   31   1          IPS_Draw_Row_Marker(x, y, controlReferenceLine, RGB565_YELLOW);
   32   1      
   33   1          if (current_step != 0) {
   34   2              IPS_Draw_Row_Marker(x, y, (uint8)((controlReferenceLine + SEARCH_IMAGE_H - 1) >> 1), RGB565_MAGEN
             -TA);
   35   2          }
   36   1      
   37   1          for (r = STOP_ROW; r < SEARCH_IMAGE_H; r++) {
   38   2              p = left_control_line[r];
   39   2              if (p >= 0 && p < SEARCH_IMAGE_W) {
   40   3                  ips200_draw_point(x + p, y + r, RGB565_BLUE);
   41   3              }
   42   2      
   43   2              p = right_control_line[r];
   44   2              if (p >= 0 && p < SEARCH_IMAGE_W) {
   45   3                  ips200_draw_point(x + p, y + r, RGB565_BLUE);
   46   3              }
   47   2      
   48   2              p = mid_line[r];
   49   2              if (p >= 0 && p < SEARCH_IMAGE_W) {
   50   3                  ips200_draw_point(x + p, y + r, RGB565_RED);
   51   3              }
   52   2          }
   53   1      
   54   1          if (tar_flag &&
   55   1              tar_x > 1 && tar_x < SEARCH_IMAGE_W - 2 &&
C251 COMPILER V5.60.0,  ips_ui                                                             23/07/26  02:13:10  PAGE 2   

   56   1              tar_y > 1 && tar_y < SEARCH_IMAGE_H - 2) {
   57   2              p = tar_x;
   58   2              r = tar_y;
   59   2              ips200_draw_point(x + p, y + r, RGB565_MAGENTA);
   60   2              ips200_draw_point(x + p - 1, y + r, RGB565_MAGENTA);
   61   2              ips200_draw_point(x + p + 1, y + r, RGB565_MAGENTA);
   62   2              ips200_draw_point(x + p, y + r - 1, RGB565_MAGENTA);
   63   2              ips200_draw_point(x + p, y + r + 1, RGB565_MAGENTA);
   64   2          }
   65   1      }


Module Information          Static   Overlayable
------------------------------------------------
  code size            =    ------     ------
  ecode size           =       853     ------
  data size            =    ------     ------
  idata size           =    ------     ------
  pdata size           =    ------     ------
  xdata size           =        15     ------
  xdata-const size     =    ------     ------
  edata size           =    ------     ------
  bit size             =    ------     ------
  ebit size            =    ------     ------
  bitaddressable size  =    ------     ------
  ebitaddressable size =    ------     ------
  far data size        =    ------     ------
  huge data size       =    ------     ------
  const size           =    ------     ------
  hconst size          =    ------     ------
End of Module Information.


C251 COMPILATION COMPLETE.  0 WARNING(S),  0 ERROR(S)
