C251 COMPILER V5.60.0,  isr                                                                19/07/26  16:34:11  PAGE 1   


C251 COMPILER V5.60.0, COMPILATION OF MODULE isr
OBJECT MODULE PLACED IN .\out_file\isr.obj
COMPILER INVOKED BY: D:\keil_v5\C251\BIN\C251.EXE ..\user\isr.c LARGE ROM(HUGE) WARNINGLEVEL(3) OPTIMIZE(0,SIZE) BROWSE 
                    -INCDIR(..\..\libraries\zf_common;..\..\libraries\zf_components;..\..\libraries\zf_device;..\..\libraries\zf_driver;..\us
                    -er;..\code;..\..\libraries\zf_components\stc32g_usb_lib;..\..\libraries\zf_components\seekfree_assistant) DEBUG PRINT(.\
                    -out_file\isr.lst) TABS(2) OBJECT(.\out_file\isr.obj) 

stmt  level    source

    1          /********************************************************************************************************
             -*************
    2           * STC32G144K Opensourec Library 即（STC32G144K 开源库）是一个基于官方 SDK 接口的第三方开源库
    3           * Copyright (c) 2025 SEEKFREE 逐飞科技
    4           *
    5           * 本文件是STC32G144K开源库的一部分
    6           *
    7           * STC32G144K 开源库 是免费软件
    8           * 您可以根据自由软件基金会发布的 GPL（GNU General Public License，即 GNU通用公共许可证）的条款
    9           * 即 GPL 的第3版（即 GPL3.0）或（您选择的）任何后来的版本，重新发布和/或修改它
   10           *
   11           * 本开源库的发布是希望它能发挥作用，但并未对其作任何的保证
   12           * 甚至没有隐含的适销性或适合特定用途的保证
   13           * 更多细节请参见 GPL
   14           *
   15           * 您应该在收到本开源库的同时收到一份 GPL 的副本
   16           * 如果没有，请参阅<https://www.gnu.org/licenses/>
   17           *
   18           * 额外注明：
   19           * 本开源库使用 GPL3.0 开源许可证协议 以上许可申明为译文版本
   20           * 许可申明英文版在 libraries/doc 文件夹下的 GPL3_permission_statement.txt 文件中
   21           * 许可证副本在 libraries 文件夹下 即该文件夹下的 LICENSE 文件
   22           * 欢迎各位使用并传播本程序 但修改内容时必须保留逐飞科技的版权声明（即本声明）
   23           *
   24           * 文件名称
   25           * 公司名称          成都逐飞科技有限公司
   26           * 版本信息          查看 libraries/doc 文件夹内 version 文件 版本说明
   27           * 开发环境          MDK FOR C251
   28           * 适用平台          STC32G144K
   29           * 店铺链接          https://seekfree.taobao.com/
   30           *
   31           * 修改记录
   32           * 日期              作者           备注
   33           * 2025-11-20         大W            first version
   34           ********************************************************************************************************
             -************/
   35          
   36          #include "zf_common_headfile.h"
   37          
   38          
   39          void P0_IRQHandler() interrupt P0INT_VECTOR
   40          {
   41   1        uint8 i;
   42   1        volatile uint8 far *intf_reg = (volatile uint8 far *)(0x7efd10 + 0x00);//保存中断端口
   43   1        uint8 flags = *intf_reg;
   44   1        *intf_reg &= ~flags;
   45   1      
   46   1        for(i=0; i<8; i++)//查找中断
   47   1          {
   48   2              if(flags & (0x01 << i))
   49   2              {
   50   3                  gpio_int_irq_handlers[0x01][i]();
   51   3              }
   52   2          }
   53   1      }
   54          
C251 COMPILER V5.60.0,  isr                                                                19/07/26  16:34:11  PAGE 2   

   55          void P1_IRQHandler() interrupt P1INT_VECTOR
   56          {
   57   1        uint8 i;
   58   1        volatile uint8 far *intf_reg = (volatile uint8 far *)(0x7efd10 + 0x01);//保存中断端口
   59   1        uint8 flags = *intf_reg;
   60   1        *intf_reg &= ~flags;
   61   1      
   62   1        for(i=0; i<8; i++)//查找中断
   63   1          {
   64   2              if(flags & (0x01 << i))
   65   2              {
   66   3                  gpio_int_irq_handlers[0x01][i]();
   67   3              }
   68   2          }
   69   1      }
   70          
   71          void P2_IRQHandler() interrupt P2INT_VECTOR
   72          {
   73   1        uint8 i;
   74   1        volatile uint8 far *intf_reg = (volatile uint8 far *)(0x7efd10 + 0x02);//保存中断端口
   75   1        uint8 flags = *intf_reg;
   76   1        *intf_reg &= ~flags;
   77   1      
   78   1        for(i=0; i<8; i++)//查找中断
   79   1          {
   80   2              if(flags & (0x01 << i))
   81   2              {
   82   3                  gpio_int_irq_handlers[0x02][i]();
   83   3              }
   84   2          }
   85   1      }
   86          
   87          void P3_IRQHandler() interrupt P3INT_VECTOR
   88          {
   89   1        uint8 i;
   90   1        volatile uint8 far *intf_reg = (volatile uint8 far *)(0x7efd10 + 0x03);//保存中断端口
   91   1        uint8 flags = *intf_reg;
   92   1        *intf_reg &= ~flags;
   93   1      
   94   1        for(i=0; i<8; i++)//查找中断
   95   1          {
   96   2              if(flags & (0x01 << i))
   97   2              {
   98   3                  gpio_int_irq_handlers[0x03][i]();
   99   3              }
  100   2          }
  101   1      }
  102          
  103          void P4_IRQHandler() interrupt P4INT_VECTOR
  104          {
  105   1        uint8 i;
  106   1        volatile uint8 far *intf_reg = (volatile uint8 far *)(0x7efd10 + 0x04);//保存中断端口
  107   1        uint8 flags = *intf_reg;
  108   1        *intf_reg &= ~flags;
  109   1      
  110   1        for(i=0; i<8; i++)//查找中断
  111   1          {
  112   2              if(flags & (0x01 << i))
  113   2              {
  114   3                  gpio_int_irq_handlers[0x04][i]();
  115   3              }
  116   2          }
  117   1      }
  118          
  119          void P5_IRQHandler() interrupt P5INT_VECTOR
  120          {
C251 COMPILER V5.60.0,  isr                                                                19/07/26  16:34:11  PAGE 3   

  121   1        uint8 i;
  122   1        volatile uint8 far *intf_reg = (volatile uint8 far *)(0x7efd10 + 0x05);//保存中断端口
  123   1        uint8 flags = *intf_reg;
  124   1        *intf_reg &= ~flags;
  125   1      
  126   1        for(i=0; i<8; i++)//查找中断
  127   1          {
  128   2              if(flags & (0x01 << i))
  129   2              {
  130   3                  gpio_int_irq_handlers[0x05][i]();
  131   3              }
  132   2          }
  133   1      }
  134          
  135          void P6_IRQHandler() interrupt P6INT_VECTOR
  136          {
  137   1        uint8 i;
  138   1        volatile uint8 far *intf_reg = (volatile uint8 far *)(0x7efd10 + 0x06);//保存中断端口
  139   1        uint8 flags = *intf_reg;
  140   1        *intf_reg &= ~flags;
  141   1      
  142   1        for(i=0; i<8; i++)//查找中断
  143   1          {
  144   2              if(flags & (0x01 << i))
  145   2              {
  146   3                  gpio_int_irq_handlers[0x06][i]();
  147   3              }
  148   2          }
  149   1      }
  150          
  151          void P7_IRQHandler() interrupt P7INT_VECTOR
  152          {
  153   1        uint8 i;
  154   1        volatile uint8 far *intf_reg = (volatile uint8 far *)(0x7efd10 + 0x07);//保存中断端口
  155   1        uint8 flags = *intf_reg;
  156   1        *intf_reg &= ~flags;
  157   1      
  158   1        for(i=0; i<8; i++)//查找中断
  159   1          {
  160   2              if(flags & (0x01 << i))
  161   2              {
  162   3                  gpio_int_irq_handlers[0x07][i]();
  163   3              }
  164   2          }
  165   1      }
  166          
  167          void P8_IRQHandler() interrupt P8INT_VECTOR
  168          {
  169   1        uint8 i;
  170   1        volatile uint8 far *intf_reg = (volatile uint8 far *)(0x7efd10 + 0x08);//保存中断端口
  171   1        uint8 flags = *intf_reg;
  172   1        *intf_reg &= ~flags;
  173   1      
  174   1        for(i=0; i<8; i++)//查找中断
  175   1          {
  176   2              if(flags & (0x01 << i))
  177   2              {
  178   3                  gpio_int_irq_handlers[0x08][i]();
  179   3              }
  180   2          }
  181   1      }
  182          
  183          void P9_IRQHandler() interrupt P9INT_VECTOR
  184          {
  185   1        uint8 i;
  186   1        volatile uint8 far *intf_reg = (volatile uint8 far *)(0x7efd10 + 0x09);//保存中断端口
C251 COMPILER V5.60.0,  isr                                                                19/07/26  16:34:11  PAGE 4   

  187   1        uint8 flags = *intf_reg;
  188   1        *intf_reg &= ~flags;
  189   1      
  190   1        for(i=0; i<8; i++)//查找中断
  191   1          {
  192   2              if(flags & (0x01 << i))
  193   2              {
  194   3                  gpio_int_irq_handlers[0x09][i]();
  195   3              }
  196   2          }
  197   1      }
  198          
  199          void PA_IRQHandler() interrupt PAINT_VECTOR
  200          {
  201   1        uint8 i;
  202   1        volatile uint8 far *intf_reg = (volatile uint8 far *)(0x7efd10 + 0x0a);//保存中断端口
  203   1        uint8 flags = *intf_reg;
  204   1        *intf_reg &= ~flags;
  205   1      
  206   1        for(i=0; i<8; i++)//查找中断
  207   1          {
  208   2              if(flags & (0x01 << i))
  209   2              {
  210   3                  gpio_int_irq_handlers[0x0a][i]();
  211   3              }
  212   2          }
  213   1      }
  214          
  215          void PB_IRQHandler() interrupt PBINT_VECTOR
  216          {
  217   1        uint8 i;
  218   1        volatile uint8 far *intf_reg = (volatile uint8 far *)(0x7efd10 + 0x0b);//保存中断端口
  219   1        uint8 flags = *intf_reg;
  220   1        *intf_reg &= ~flags;
  221   1      
  222   1        for(i=0; i<8; i++)//查找中断
  223   1          {
  224   2              if(flags & (0x01 << i))
  225   2              {
  226   3                  gpio_int_irq_handlers[0x0b][i]();
  227   3              }
  228   2          }
  229   1      }
  230          
  231          
  232          
  233          void INT0_IRQHandler() interrupt INT0_VECTOR
  234          {
  235   1        if (int_irq_handlers[0] != NULL)
  236   1          {
  237   2              int_irq_handlers[0]();
  238   2          }
  239   1      }
  240          
  241          //void INT1_IRQHandler(void) interrupt INT1_VECTOR  //外部中断1，默认留给摄像头
  242          
  243          void INT2_IRQHandler(void) interrupt INT2_VECTOR
  244          {
  245   1        if (int_irq_handlers[2] != NULL)
  246   1          {
  247   2          int_irq_handlers[2]();
  248   2          }
  249   1      }
  250          void INT3_IRQHandler(void) interrupt INT3_VECTOR
  251          {
  252   1        if (int_irq_handlers[3] != NULL)
C251 COMPILER V5.60.0,  isr                                                                19/07/26  16:34:11  PAGE 5   

  253   1          {
  254   2          int_irq_handlers[3]();
  255   2          }
  256   1      }
  257          
  258          void INT4_IRQHandler(void) interrupt INT4_VECTOR
  259          {
  260   1        if (int_irq_handlers[4] != NULL)
  261   1          {
  262   2          int_irq_handlers[4]();
  263   2          }
  264   1      }
  265          
  266          void DMA_UART1_IRQHandler(void) interrupt DMA_UR1R_VECTOR
  267          {
  268   1          static vuint8 dwon_count = 0;
  269   1      
  270   1          if (DMA_UR1R_STA & 0x01) // 接收完成
  271   1          {
  272   2              DMA_UR1R_STA &= ~0x01;      // 清标志位
  273   2              uart_rx_start_buff(UART_1); // 设置下一次接收，务必保留
  274   2      
  275   2              // 程序自动下载
  276   2              if (uart_rx_buff[UART_1][0] == 0x7F)
  277   2              {
  278   3                  if (dwon_count++ > 20)
  279   3                  {
  280   4                      IAP_CONTR = 0x60;
  281   4                  }
  282   3              }
  283   2              else
  284   2              {
  285   3                  dwon_count = 0;
  286   3              }
  287   2      
  288   2              if (uart_rx_handlers[UART_1] != NULL)
  289   2              {
  290   3                  uart_rx_handlers[UART_1](uart_rx_buff[UART_1][0]);
  291   3              }
  292   2          }
  293   1      
  294   1          if (DMA_UR1R_STA & 0x02) // 数据丢弃
  295   1          {
  296   2              DMA_UR1R_STA &= ~0x02;      // 清标志位
  297   2              uart_rx_start_buff(UART_1); // 设置下一次接收，务必保留
  298   2              // 如果进入了这个中断，则代表UART的数据在没有取走之前被覆盖!
  299   2              // 如果进入了这个中断，则代表UART的数据在没有取走之前被覆盖!
  300   2              // 如果进入了这个中断，则代表UART的数据在没有取走之前被覆盖!
  301   2          }
  302   1      }
  303          
  304          void DMA_UART2_IRQHandler(void) interrupt DMA_UR2R_VECTOR
  305          {
  306   1          if (DMA_UR2R_STA & 0x01) // 接收完成
  307   1          {
  308   2              DMA_UR2R_STA &= ~0x01;      // 清标志位
  309   2              uart_rx_start_buff(UART_2); // 设置下一次接收，务必保留
  310   2      
  311   2              if (uart_rx_handlers[UART_2] != NULL)
  312   2              {
  313   3                  uart_rx_handlers[UART_2](uart_rx_buff[UART_2][0]);
  314   3              }
  315   2          }
  316   1      
  317   1          if (DMA_UR2R_STA & 0x02) // 数据丢弃
  318   1          {
C251 COMPILER V5.60.0,  isr                                                                19/07/26  16:34:11  PAGE 6   

  319   2              DMA_UR2R_STA &= ~0x02;      // 清标志位
  320   2              uart_rx_start_buff(UART_2); // 设置下一次接收，务必保留
  321   2              // 如果进入了这个中断，则代表UART的数据在没有取走之前被覆盖!
  322   2              // 如果进入了这个中断，则代表UART的数据在没有取走之前被覆盖!
  323   2              // 如果进入了这个中断，则代表UART的数据在没有取走之前被覆盖!
  324   2          }
  325   1      }
  326          
  327          void DMA_UART3_IRQHandler(void) interrupt DMA_UR3R_VECTOR
  328          {
  329   1          if (DMA_UR3R_STA & 0x01) // 接收完成
  330   1          {
  331   2              DMA_UR3R_STA &= ~0x01;      // 清标志位
  332   2              uart_rx_start_buff(UART_3); // 设置下一次接收，务必保留
  333   2      
  334   2              if (uart_rx_handlers[UART_3] != NULL)
  335   2              {
  336   3                  uart_rx_handlers[UART_3](uart_rx_buff[UART_3][0]);
  337   3              }
  338   2          }
  339   1      
  340   1          if (DMA_UR3R_STA & 0x02) // 数据丢弃
  341   1          {
  342   2              DMA_UR3R_STA &= ~0x02;      // 清标志位
  343   2              uart_rx_start_buff(UART_3); // 设置下一次接收，务必保留
  344   2              // 如果进入了这个中断，则代表UART的数据在没有取走之前被覆盖!
  345   2              // 如果进入了这个中断，则代表UART的数据在没有取走之前被覆盖!
  346   2              // 如果进入了这个中断，则代表UART的数据在没有取走之前被覆盖!
  347   2          }
  348   1      }
  349          
  350          void DMA_UART4_IRQHandler(void) interrupt DMA_UR4R_VECTOR
  351          {
  352   1          if (DMA_UR4R_STA & 0x01) // 接收完成
  353   1          {
  354   2              DMA_UR4R_STA &= ~0x01;      // 清标志位
  355   2              uart_rx_start_buff(UART_4); // 设置下一次接收，务必保留
  356   2      
  357   2              if (uart_rx_handlers[UART_4] != NULL)
  358   2              {
  359   3                  uart_rx_handlers[UART_4](uart_rx_buff[UART_4][0]);
  360   3              }
  361   2          }
  362   1      
  363   1          if (DMA_UR4R_STA & 0x02) // 数据丢弃
  364   1          {
  365   2              DMA_UR4R_STA &= ~0x02;      // 清标志位
  366   2              uart_rx_start_buff(UART_4); // 设置下一次接收，务必保留
  367   2              // 如果进入了这个中断，则代表UART的数据在没有取走之前被覆盖!
  368   2              // 如果进入了这个中断，则代表UART的数据在没有取走之前被覆盖!
  369   2              // 如果进入了这个中断，则代表UART的数据在没有取走之前被覆盖!
  370   2          }
  371   1      }
  372          
  373          
  374          void DMA_UART5_IRQHandler(void) interrupt DMA_UR5R_VECTOR
  375          {
  376   1          if (DMA_UR5R_STA & 0x01) // 接收完成
  377   1          {
  378   2              DMA_UR5R_STA &= ~0x01;      // 清标志位
  379   2              uart_rx_start_buff(UART_5); // 设置下一次接收，务必保留
  380   2      
  381   2              if (uart_rx_handlers[UART_5] != NULL)
  382   2              {
  383   3                  uart_rx_handlers[UART_5](uart_rx_buff[UART_5][0]);
  384   3              }
C251 COMPILER V5.60.0,  isr                                                                19/07/26  16:34:11  PAGE 7   

  385   2          }
  386   1      
  387   1          if (DMA_UR5R_STA & 0x02) // 数据丢弃
  388   1          {
  389   2              DMA_UR5R_STA &= ~0x02;      // 清标志位
  390   2              uart_rx_start_buff(UART_5); // 设置下一次接收，务必保留
  391   2              // 如果进入了这个中断，则代表UART的数据在没有取走之前被覆盖!
  392   2              // 如果进入了这个中断，则代表UART的数据在没有取走之前被覆盖!
  393   2              // 如果进入了这个中断，则代表UART的数据在没有取走之前被覆盖!
  394   2          }
  395   1      }
  396          
  397          void DMA_UART6_IRQHandler(void) interrupt DMA_UR6R_VECTOR
  398          {
  399   1          if (DMA_UR6R_STA & 0x01) // 接收完成
  400   1          {
  401   2              DMA_UR6R_STA &= ~0x01;      // 清标志位
  402   2              uart_rx_start_buff(UART_6); // 设置下一次接收，务必保留
  403   2      
  404   2              if (uart_rx_handlers[UART_6] != NULL)
  405   2              {
  406   3                  uart_rx_handlers[UART_6](uart_rx_buff[UART_6][0]);
  407   3              }
  408   2          }
  409   1      
  410   1          if (DMA_UR6R_STA & 0x02) // 数据丢弃
  411   1          {
  412   2              DMA_UR6R_STA &= ~0x02;      // 清标志位
  413   2              uart_rx_start_buff(UART_6); // 设置下一次接收，务必保留
  414   2              // 如果进入了这个中断，则代表UART的数据在没有取走之前被覆盖!
  415   2              // 如果进入了这个中断，则代表UART的数据在没有取走之前被覆盖!
  416   2              // 如果进入了这个中断，则代表UART的数据在没有取走之前被覆盖!
  417   2          }
  418   1      }
  419          
  420          void DMA_UART7_IRQHandler(void) interrupt DMA_UR7R_VECTOR
  421          {
  422   1          if (DMA_UR7R_STA & 0x01) // 接收完成
  423   1          {
  424   2              DMA_UR7R_STA &= ~0x01;      // 清标志位
  425   2              uart_rx_start_buff(UART_7); // 设置下一次接收，务必保留
  426   2      
  427   2              if (uart_rx_handlers[UART_7] != NULL)
  428   2              {
  429   3                  uart_rx_handlers[UART_7](uart_rx_buff[UART_7][0]);
  430   3              }
  431   2          }
  432   1      
  433   1          if (DMA_UR7R_STA & 0x02) // 数据丢弃
  434   1          {
  435   2              DMA_UR7R_STA &= ~0x02;      // 清标志位
  436   2              uart_rx_start_buff(UART_7); // 设置下一次接收，务必保留
  437   2              // 如果进入了这个中断，则代表UART的数据在没有取走之前被覆盖!
  438   2              // 如果进入了这个中断，则代表UART的数据在没有取走之前被覆盖!
  439   2              // 如果进入了这个中断，则代表UART的数据在没有取走之前被覆盖!
  440   2          }
  441   1      }
  442          
  443          void DMA_UART8_IRQHandler(void) interrupt DMA_UR8R_VECTOR
  444          {
  445   1          if (DMA_UR8R_STA & 0x01) // 接收完成
  446   1          {
  447   2              DMA_UR8R_STA &= ~0x01;      // 清标志位
  448   2              uart_rx_start_buff(UART_8); // 设置下一次接收，务必保留
  449   2      
  450   2              if (uart_rx_handlers[UART_8] != NULL)
C251 COMPILER V5.60.0,  isr                                                                19/07/26  16:34:11  PAGE 8   

  451   2              {
  452   3                  uart_rx_handlers[UART_8](uart_rx_buff[UART_8][0]);
  453   3              }
  454   2          }
  455   1      
  456   1          if (DMA_UR8R_STA & 0x02) // 数据丢弃
  457   1          {
  458   2              DMA_UR8R_STA &= ~0x02;      // 清标志位
  459   2              uart_rx_start_buff(UART_8); // 设置下一次接收，务必保留
  460   2              // 如果进入了这个中断，则代表UART的数据在没有取走之前被覆盖!
  461   2              // 如果进入了这个中断，则代表UART的数据在没有取走之前被覆盖!
  462   2              // 如果进入了这个中断，则代表UART的数据在没有取走之前被覆盖!
  463   2          }
  464   1      }
  465          
  466          
  467          void TM0_IRQHandler() interrupt TMR0_VECTOR
  468          {
  469   1          TIM0_CLEAR_FLAG;
  470   1          if (tim_irq_handlers[TIM_0] != NULL)
  471   1          {
  472   2              tim_irq_handlers[TIM_0]();
  473   2          }
  474   1      }
  475          
  476          void TM1_IRQHandler() interrupt TMR1_VECTOR
  477          {
  478   1          TIM1_CLEAR_FLAG;
  479   1          if (tim_irq_handlers[TIM_1] != NULL)
  480   1          {
  481   2              tim_irq_handlers[TIM_1]();
  482   2          }
  483   1      }
  484          
  485          void TM2_IRQHandler() interrupt TMR2_VECTOR
  486          {
  487   1          TIM2_CLEAR_FLAG;
  488   1          if (tim_irq_handlers[TIM_2] != NULL)
  489   1          {
  490   2              tim_irq_handlers[TIM_2]();
  491   2          }
  492   1      }
  493          
  494          void TM3_IRQHandler() interrupt TMR3_VECTOR
  495          {
  496   1          TIM3_CLEAR_FLAG;
  497   1          if (tim_irq_handlers[TIM_3] != NULL)
  498   1          {
  499   2              tim_irq_handlers[TIM_3]();
  500   2          }
  501   1      }
  502          
  503          void TM4_IRQHandler() interrupt TMR4_VECTOR
  504          {
  505   1          TIM4_CLEAR_FLAG;
  506   1          if (tim_irq_handlers[TIM_4] != NULL)
  507   1          {
  508   2              tim_irq_handlers[TIM_4]();
  509   2          }
  510   1      }
  511          
  512          void TM5_TM6_IRQHandler() interrupt TMR5_TMR6_VECTOR
  513          {
  514   1          if(TIM5_GET_FLAG)
  515   1          {
  516   2              TIM5_CLEAR_FLAG;
C251 COMPILER V5.60.0,  isr                                                                19/07/26  16:34:11  PAGE 9   

  517   2              if (tim_irq_handlers[TIM_5] != NULL)
  518   2              {
  519   3                  tim_irq_handlers[TIM_5]();
  520   3              }
  521   2          }
  522   1          
  523   1          if(TIM6_GET_FLAG)
  524   1          {
  525   2              TIM6_CLEAR_FLAG;
  526   2              if (tim_irq_handlers[TIM_6] != NULL)
  527   2              {
  528   3                  tim_irq_handlers[TIM_6]();
  529   3              }
  530   2          }
  531   1      }
  532          
  533          void TM7_IRQHandler() interrupt TMR7_TMR8_VECTOR
  534          {
  535   1          if(TIM7_GET_FLAG)
  536   1          {
  537   2              TIM7_CLEAR_FLAG;
  538   2              if (tim_irq_handlers[TIM_7] != NULL)
  539   2              {
  540   3                  tim_irq_handlers[TIM_7]();
  541   3              }
  542   2          }
  543   1          
  544   1          if(TIM8_GET_FLAG)
  545   1          {
  546   2              TIM8_CLEAR_FLAG;
  547   2              if (tim_irq_handlers[TIM_8] != NULL)
  548   2              {
  549   3                  tim_irq_handlers[TIM_8]();
  550   3              }
  551   2          }
  552   1      }
  553          
  554          
  555          void TM9_TM10_IRQHandler() interrupt TMR9_TMR10_VECTOR
  556          {
  557   1          if(TIM9_GET_FLAG)
  558   1          {
  559   2              TIM9_CLEAR_FLAG;
  560   2              if (tim_irq_handlers[TIM_9] != NULL)
  561   2              {
  562   3                  tim_irq_handlers[TIM_9]();
  563   3              }
  564   2          }
  565   1          
  566   1          if(TIM10_GET_FLAG)
  567   1          {
  568   2              TIM10_CLEAR_FLAG;
  569   2              if (tim_irq_handlers[TIM_10] != NULL)
  570   2              {
  571   3                  tim_irq_handlers[TIM_10]();
  572   3              }
  573   2          }
  574   1      }
  575          
  576          
  577          
  578          void TM11_IRQHandler() interrupt TMR11_VECTOR
  579          {
  580   1          TIM11_CLEAR_FLAG;
  581   1      
  582   1          if (tim_irq_handlers[TIM_11] != NULL)
C251 COMPILER V5.60.0,  isr                                                                19/07/26  16:34:11  PAGE 10  

  583   1          {
  584   2              tim_irq_handlers[TIM_11]();
  585   2          }
  586   1      }
  587          
  588          void TM17_TM18_IRQHandler() interrupt TMR17_TMR18_VECTOR
  589          {
  590   1          if(TIM17_GET_FLAG)
  591   1          {
  592   2              TIM17_CLEAR_FLAG;
  593   2              if (tim_irq_handlers[TIM_17] != NULL)
  594   2              {
  595   3                  tim_irq_handlers[TIM_17]();
  596   3              }
  597   2          }
  598   1          
  599   1          if(TIM18_GET_FLAG)
  600   1          {
  601   2              TIM18_CLEAR_FLAG;
  602   2              if (tim_irq_handlers[TIM_18] != NULL)
  603   2              {
  604   3                  tim_irq_handlers[TIM_18]();
  605   3              }
  606   2          }
  607   1      }
  608          
  609          void INT1_IRQHandler() interrupt INT1_VECTOR
  610          {
  611   1      //    if(mt9v03x_finish_flag == 1)
  612   1      //    {
  613   1      //        return;
  614   1      //    }
  615   1          mt9v03x_vsync_handler();
  616   1      }
  617          
  618          
  619          void DMA_LCM_IRQHandler() interrupt DMA_LCM_VECTOR
  620          {
  621   1          mt9v03x_dma_handler();
  622   1      }
  623          
  624          
  625          
  626          
  627          
  628          //#define     INT0_VECTOR             0       //0003H
  629          //#define     TMR0_VECTOR             1       //000BH
  630          //#define     INT1_VECTOR             2       //0013H
  631          //#define     TMR1_VECTOR             3       //001BH
  632          //#define     UART1_VECTOR            4       //0023H
  633          //#define     ADC_VECTOR              5       //002BH
  634          //#define     LVD_VECTOR              6       //0033H
  635          ////#define   PCA_VECTOR              7       //003BH
  636          //#define     UART2_VECTOR            8       //0043H
  637          //#define     SPI_VECTOR              9       //004BH
  638          //#define     INT2_VECTOR             10      //0053H
  639          //#define     INT3_VECTOR             11      //005BH
  640          //#define     TMR2_VECTOR             12      //0063H
  641          //#define     USER_VECTOR             13      //006BH
  642          //#define     BRK_VECTOR              14      //0073H
  643          //#define     ICEP_VECTOR             15      //007BH
  644          //#define     INT4_VECTOR             16      //0083H
  645          //#define     UART3_VECTOR            17      //008BH
  646          //#define     UART4_VECTOR            18      //0093H
  647          //#define     TMR3_VECTOR             19      //009BH
  648          //#define     TMR4_VECTOR             20      //00A3H
C251 COMPILER V5.60.0,  isr                                                                19/07/26  16:34:11  PAGE 11  

  649          //#define     CMP_VECTOR              21      //00ABH
  650          ////#define   PWM_VECTOR              22      //00B3H
  651          ////#define   PWMFD_VECTOR            23      //00BBH
  652          //#define     I2C_VECTOR              24      //00C3H
  653          //#define     USB_VECTOR              25      //00CBH
  654          //#define     PWMA_VECTOR             26      //00D3H
  655          //#define     PWMB_VECTOR             27      //00DBH
  656          //#define     CAN1_VECTOR             28      //00E3H
  657          //#define     CAN2_VECTOR             29      //00EBH
  658          //#define     LIN_VECTOR              30      //00F3H
  659          
  660          //#define     RTC_VECTOR              36      //0123H
  661          //#define     P0INT_VECTOR            37      //012BH
  662          //#define     P1INT_VECTOR            38      //0133H
  663          //#define     P2INT_VECTOR            39      //013BH
  664          //#define     P3INT_VECTOR            40      //0143H
  665          //#define     P4INT_VECTOR            41      //014BH
  666          //#define     P5INT_VECTOR            42      //0153H
  667          //#define     P6INT_VECTOR            43      //015BH
  668          //#define     P7INT_VECTOR            44      //0163H
  669          //#define     DMA_M2M_VECTOR          47      //017BH
  670          //#define     DMA_ADC_VECTOR          48      //0183H
  671          //#define     DMA_SPI_VECTOR          49      //018BH
  672          //#define     DMA_UR1T_VECTOR         50      //0193H
  673          //#define     DMA_UR1R_VECTOR         51      //019BH
  674          //#define     DMA_UR2T_VECTOR         52      //01A3H
  675          //#define     DMA_UR2R_VECTOR         53      //01ABH
  676          //#define     DMA_UR3T_VECTOR         54      //01B3H
  677          //#define     DMA_UR3R_VECTOR         55      //01BBH
  678          //#define     DMA_UR4T_VECTOR         56      //01C3H
  679          //#define     DMA_UR4R_VECTOR         57      //01CBH
  680          //#define     DMA_LCM_VECTOR          58      //01D3H
  681          //#define     LCM_VECTOR              59      //01DBH
  682          //#define     DMA_I2CT_VECTOR         60      //01E3H
  683          //#define     DMA_I2CR_VECTOR         61      //01EBH
  684          //#define     I2S_VECTOR              62      //01F3H
  685          //#define     DMA_I2ST_VECTOR         63      //01FBH
  686          //#define     DMA_I2SR_VECTOR         64      //0203H


Module Information          Static   Overlayable
------------------------------------------------
  code size            =       144     ------
  ecode size           =      5030     ------
  data size            =    ------     ------
  idata size           =    ------     ------
  pdata size           =    ------     ------
  xdata size           =        73     ------
  xdata-const size     =    ------     ------
  edata size           =    ------     ------
  bit size             =    ------     ------
  ebit size            =    ------     ------
  bitaddressable size  =    ------     ------
  ebitaddressable size =    ------     ------
  far data size        =    ------     ------
  huge data size       =    ------     ------
  const size           =    ------     ------
  hconst size          =         6     ------
End of Module Information.


C251 COMPILATION COMPLETE.  0 WARNING(S),  0 ERROR(S)
