C251 COMPILER V5.60.0,  key                                                                19/07/26  16:34:09  PAGE 1   


C251 COMPILER V5.60.0, COMPILATION OF MODULE key
OBJECT MODULE PLACED IN .\out_file\key.obj
COMPILER INVOKED BY: D:\keil_v5\C251\BIN\C251.EXE ..\code\key.c LARGE ROM(HUGE) WARNINGLEVEL(3) OPTIMIZE(0,SIZE) BROWSE 
                    -INCDIR(..\..\libraries\zf_common;..\..\libraries\zf_components;..\..\libraries\zf_device;..\..\libraries\zf_driver;..\us
                    -er;..\code;..\..\libraries\zf_components\stc32g_usb_lib;..\..\libraries\zf_components\seekfree_assistant) DEBUG PRINT(.\
                    -out_file\key.lst) TABS(2) OBJECT(.\out_file\key.obj) 

stmt  level    source

    1          #include "key.h"
    2          
    3          uint8 key1_status = 1;
    4          uint8 key2_status = 1;
    5          uint8 key3_status = 1;
    6          uint8 key4_status = 1;
    7          
    8          uint8 key1_last_status = 1;
    9          uint8 key2_last_status = 1;
   10          uint8 key3_last_status = 1;
   11          uint8 key4_last_status = 1;
   12          
   13          uint8 key1_flag = 0;
   14          uint8 key2_flag = 0;
   15          uint8 key3_flag = 0;
   16          uint8 key4_flag = 0;
   17          
   18          /* 初始化四个按键和两个拨码开关，全部使用上拉输入。 */
   19          void Key_Init(void)
   20          {
   21   1          gpio_init(KEY1_PIN, GPI, 1, GPI_PULL_UP);
   22   1          gpio_init(KEY2_PIN, GPI, 1, GPI_PULL_UP);
   23   1          gpio_init(KEY3_PIN, GPI, 1, GPI_PULL_UP);
   24   1          gpio_init(KEY4_PIN, GPI, 1, GPI_PULL_UP);
   25   1      
   26   1          gpio_init(SWITCH1_PIN, GPI, 1, GPI_PULL_UP);
   27   1          gpio_init(SWITCH2_PIN, GPI, 1, GPI_PULL_UP);
   28   1      }
   29          
   30          /* 读取按键电平，并在按键松开沿产生一次标志位。 */
   31          void Key_GetNum(void)
   32          {
   33   1          key1_last_status = key1_status;
   34   1          key2_last_status = key2_status;
   35   1          key3_last_status = key3_status;
   36   1          key4_last_status = key4_status;
   37   1      
   38   1          key1_status = gpio_get_level(KEY1_PIN);
   39   1          key2_status = gpio_get_level(KEY2_PIN);
   40   1          key3_status = gpio_get_level(KEY3_PIN);
   41   1          key4_status = gpio_get_level(KEY4_PIN);
   42   1      
   43   1          if (key1_status && !key1_last_status) key1_flag = 1;
   44   1          if (key2_status && !key2_last_status) key2_flag = 1;
   45   1          if (key3_status && !key3_last_status) key3_flag = 1;
   46   1          if (key4_status && !key4_last_status) key4_flag = 1;
   47   1      }
   48          
   49          /* 处理按键标志位；当前只清除标志，功能可以在这里继续扩展。 */
   50          void Key_Anlysis(void)
   51          {
   52   1          Key_GetNum();
   53   1      
   54   1          if (key1_flag) {
   55   2              key1_flag = 0;
   56   2          }
C251 COMPILER V5.60.0,  key                                                                19/07/26  16:34:09  PAGE 2   

   57   1      
   58   1          if (key2_flag) {
   59   2              key2_flag = 0;
   60   2          }
   61   1      
   62   1          if (key3_flag) {
   63   2              key3_flag = 0;
   64   2          }
   65   1      
   66   1          if (key4_flag) {
   67   2              key4_flag = 0;
   68   2          }
   69   1      }


Module Information          Static   Overlayable
------------------------------------------------
  code size            =    ------     ------
  ecode size           =       335     ------
  data size            =    ------     ------
  idata size           =    ------     ------
  pdata size           =    ------     ------
  xdata size           =        12     ------
  xdata-const size     =    ------     ------
  edata size           =    ------     ------
  bit size             =    ------     ------
  ebit size            =    ------     ------
  bitaddressable size  =    ------     ------
  ebitaddressable size =    ------     ------
  far data size        =    ------     ------
  huge data size       =    ------     ------
  const size           =    ------     ------
  hconst size          =        72     ------
End of Module Information.


C251 COMPILATION COMPLETE.  0 WARNING(S),  0 ERROR(S)
