C251 COMPILER V5.60.0,  motor                                                              23/07/26  00:12:33  PAGE 1   


C251 COMPILER V5.60.0, COMPILATION OF MODULE motor
OBJECT MODULE PLACED IN .\out_file\motor.obj
COMPILER INVOKED BY: D:\keil_v5\C251\BIN\C251.EXE ..\code\motor.c LARGE ROM(HUGE) WARNINGLEVEL(3) OPTIMIZE(0,SIZE) BROWS
                    -E INCDIR(..\..\libraries\zf_common;..\..\libraries\zf_components;..\..\libraries\zf_device;..\..\libraries\zf_driver;..\
                    -user;..\code;..\..\libraries\zf_components\stc32g_usb_lib;..\..\libraries\zf_components\seekfree_assistant) DEBUG PRINT(
                    -.\out_file\motor.lst) TABS(2) OBJECT(.\out_file\motor.obj) 

stmt  level    source

    1          #include "motor.h"
    2          #include "pid.h"
    3          #include "servo.h"
    4          #include "image.h"
    5          
    6          volatile int16 encoder_data_r = 0;
    7          volatile int16 encoder_data_l = 0;
    8          
    9          int16 tar_speed = BASE_TARGET_SPEED;
   10          volatile int16 min_speed = MIN_SPEED;
   11          volatile int16 max_speed = MAX_SPEED;
   12          volatile int16 target_speed_l = BASE_TARGET_SPEED;
   13          volatile int16 target_speed_r = BASE_TARGET_SPEED;
   14          volatile int16 motor_pwm_l = 0;
   15          volatile int16 motor_pwm_r = 0;
   16          
   17          static volatile motor_safety_mode_enum motor_safety_mode = MOTOR_SAFETY_NORMAL;
   18          static volatile int16 motor_safety_cap = WHEEL_TARGET_MIN;
   19          static volatile uint8 motor_force_stopped = 0u;
   20          
   21          static int16 clamp_speed_setting(int16 speed)
   22          {
   23   1          if (speed < WHEEL_TARGET_MIN) return WHEEL_TARGET_MIN;
   24   1          if (speed > MAX_SPEED_TUNE_MAX) return MAX_SPEED_TUNE_MAX;
   25   1          return speed;
   26   1      }
   27          
   28          static void motor_get_safety_command(motor_safety_mode_enum *mode, int16 *cap)
   29          {
   30   1          bit interrupt_state;
   31   1      
   32   1          interrupt_state = EA;
   33   1          EA = 0;
   34   1          if (mode != NULL) {
   35   2              *mode = motor_safety_mode;
   36   2          }
   37   1          if (cap != NULL) {
   38   2              *cap = motor_safety_cap;
   39   2          }
   40   1          EA = interrupt_state;
   41   1      }
   42          
   43          void Motor_Set_Safety_Command(motor_safety_mode_enum mode, int16 cap)
   44          {
   45   1          bit interrupt_state;
   46   1      
   47   1          if (mode == MOTOR_SAFETY_STOP) {
   48   2              Motor_Force_Stop_Reset();
   49   2              return;
   50   2          }
   51   1      
   52   1          if (mode != MOTOR_SAFETY_CAP) {
   53   2              mode = MOTOR_SAFETY_NORMAL;
   54   2          }
   55   1          cap = clamp_speed_setting(cap);
   56   1      
C251 COMPILER V5.60.0,  motor                                                              23/07/26  00:12:33  PAGE 2   

   57   1          interrupt_state = EA;
   58   1          EA = 0;
   59   1          motor_safety_cap = cap;
   60   1          motor_safety_mode = mode;
   61   1          motor_force_stopped = 0u;
   62   1          EA = interrupt_state;
   63   1      }
   64          
   65          uint8 Motor_Is_Force_Stopped(void)
   66          {
   67   1          return motor_force_stopped;
   68   1      }
   69          
   70          void Motor_Force_Stop_Reset(void)
   71          {
   72   1          bit interrupt_state;
   73   1      
   74   1          interrupt_state = EA;
   75   1          EA = 0;
   76   1      
   77   1          motor_safety_mode = MOTOR_SAFETY_STOP;
   78   1          motor_force_stopped = 1u;
   79   1          tar_speed = 0;
   80   1          target_speed_l = 0;
   81   1          target_speed_r = 0;
   82   1          motor_pwm_l = 0;
   83   1          motor_pwm_r = 0;
   84   1          PID_Reset(&pid_lf);
   85   1          PID_Reset(&pid_rf);
   86   1      
   87   1          /* Bypass minimum PWM and both slew-rate limits for a true hard stop. */
   88   1          Motor_control(PWM_L, 0);
   89   1          Motor_control(PWM_R, 0);
   90   1      
   91   1          EA = interrupt_state;
   92   1      }
   93          
   94          void Motor_Set_Speed_Range(int16 speed_min, int16 speed_max)
   95          {
   96   1          bit interrupt_state;
   97   1      
   98   1          speed_min = clamp_speed_setting(speed_min);
   99   1          speed_max = clamp_speed_setting(speed_max);
  100   1          if (speed_min > speed_max) {
  101   2              speed_min = speed_max;
  102   2          }
  103   1      
  104   1          interrupt_state = EA;
  105   1          EA = 0;
  106   1          min_speed = speed_min;
  107   1          max_speed = speed_max;
  108   1          EA = interrupt_state;
  109   1      }
  110          
  111          void Motor_Get_Speed_Range(int16 *speed_min, int16 *speed_max)
  112          {
  113   1          bit interrupt_state;
  114   1      
  115   1          if (speed_min == NULL || speed_max == NULL) {
  116   2              return;
  117   2          }
  118   1      
  119   1          interrupt_state = EA;
  120   1          EA = 0;
  121   1          *speed_min = min_speed;
  122   1          *speed_max = max_speed;
C251 COMPILER V5.60.0,  motor                                                              23/07/26  00:12:33  PAGE 3   

  123   1          EA = interrupt_state;
  124   1      }
  125          
  126          /* 限制电机 PWM 输出，防止超过驱动允许范围。 */
  127          static int16 clamp_motor(int16 x)
  128          {
  129   1          if (x > MOTOR_MAX_LIMIT) return MOTOR_MAX_LIMIT;
  130   1          if (x < -MOTOR_MAX_LIMIT) return -MOTOR_MAX_LIMIT;
  131   1          return x;
  132   1      }
  133          
  134          /* 将单轮目标速度限制在可用范围内。 */
  135          static int16 clamp_wheel_target(int16 x, int16 speed_ceiling)
  136          {
  137   1          if (x > speed_ceiling) return speed_ceiling;
  138   1          if (x < WHEEL_TARGET_MIN) return WHEEL_TARGET_MIN;
  139   1          return x;
  140   1      }
  141          
  142          /*
  143           * 对 PI 请求的 PWM 加死区补偿和变化率限制。
  144           * 返回值是本周期真正写入电机的 PWM，后续同步回 pid.out。
  145           */
  146          #if !MOTOR_FIXED_DUTY_ENABLE
               static int16 shape_motor_pwm(int16 target, int32 requested, int16 previous)
               {
                   int32 next;
                   int32 upper;
                   int32 lower;
               
                   next = requested;
                   if (target > 0 && next < MOTOR_MIN_EFFECTIVE_PWM) {
                       next = MOTOR_MIN_EFFECTIVE_PWM;
                   }
               
                   if (next > MOTOR_MAX_LIMIT) {
                       next = MOTOR_MAX_LIMIT;
                   } else if (next < -MOTOR_MAX_LIMIT) {
                       next = -MOTOR_MAX_LIMIT;
                   }
               
                   upper = (int32)previous + MOTOR_PWM_RISE_STEP;
                   lower = (int32)previous - MOTOR_PWM_FALL_STEP;
                   if (next > upper) {
                       next = upper;
                   } else if (next < lower) {
                       next = lower;
                   }
               
                   return clamp_motor((int16)next);
               }
               #endif
  175          
  176          /* 初始化左右轮编码器通道。 */
  177          void Encoder_Init(void)
  178          {
  179   1          encoder_quad_init(ENCODER_DIR_1, ENCODER_DIR_PULSE_1, ENCODER_DIR_DIR_1);
  180   1          encoder_quad_init(ENCODER_DIR_2, ENCODER_DIR_PULSE_2, ENCODER_DIR_DIR_2);
  181   1      }
  182          
  183          /* 初始化左右电机 PWM 和方向控制引脚。 */
  184          void Motor_Init(void)
  185          {
  186   1          pwm_init(PWM_L, MOTOR_FREQ, 0);
  187   1          pwm_init(PWM_R, MOTOR_FREQ, 0);
  188   1      
C251 COMPILER V5.60.0,  motor                                                              23/07/26  00:12:33  PAGE 4   

  189   1          gpio_init(DIR_L, GPO, 0, GPO_PUSH_PULL);
  190   1          gpio_init(DIR_R, GPO, 0, GPO_PUSH_PULL);
  191   1      }
  192          
  193          /* 电机正反转测试函数，用于单独检查左右电机接线和方向。 */
  194          void motor_test(void)
  195          {
  196   1          Motor_control(PWM_L, MOTOR_MIN_EFFECTIVE_PWM);
  197   1          system_delay_ms(1000);
  198   1          Motor_control(PWM_L, -MOTOR_MIN_EFFECTIVE_PWM);
  199   1          system_delay_ms(1000);
  200   1          Motor_control(PWM_L, 0);
  201   1      
  202   1          Motor_control(PWM_R, MOTOR_MIN_EFFECTIVE_PWM);
  203   1          system_delay_ms(1000);
  204   1          Motor_control(PWM_R, -MOTOR_MIN_EFFECTIVE_PWM);
  205   1          system_delay_ms(1000);
  206   1          Motor_control(PWM_R, 0);
  207   1      }
  208          
  209          /* 控制指定电机输出，speed 正负决定方向，绝对值决定 PWM 占空比。 */
  210          void Motor_control(pwm_channel_enum wheel, int16 speed)
  211          {
  212   1          speed = clamp_motor(speed);
  213   1      
  214   1          if (wheel == PWM_L) {
  215   2              if (speed >= 0) {
  216   3                  gpio_set_level(DIR_L, 1);
  217   3                  pwm_set_duty(PWM_L, (uint32)speed);
  218   3              } else {
  219   3                  gpio_set_level(DIR_L, 0);
  220   3                  pwm_set_duty(PWM_L, (uint32)(-speed));
  221   3              }
  222   2          } else {
  223   2              if (speed >= 0) {
  224   3                  gpio_set_level(DIR_R, 1);
  225   3                  pwm_set_duty(PWM_R, (uint32)speed);
  226   3              } else {
  227   3                  gpio_set_level(DIR_R, 0);
  228   3                  pwm_set_duty(PWM_R, (uint32)(-speed));
  229   3              }
  230   2          }
  231   1      }
  232          
  233          /* 读取左右编码器脉冲并清零，供本周期速度闭环使用。 */
  234          void Encoder_GetValue(void)
  235          {
  236   1          /* 右轮编码器安装方向相反，所以读取后取负。 */
  237   1          encoder_data_l = encoder_get_count(ENCODER_DIR_2);
  238   1          encoder_clear_count(ENCODER_DIR_2);
  239   1      
  240   1          encoder_data_r = -encoder_get_count(ENCODER_DIR_1);
  241   1          encoder_clear_count(ENCODER_DIR_1);
  242   1      }
  243          
  244          /* 根据当前舵机转角降低目标速度，并计算左右轮差速补偿。 */
  245          void Dream_speed(void)
  246          {
  247   1          uint16 tp_turn;
  248   1          uint16 turn_limit;
  249   1          uint32 turn_square;
  250   1          uint32 max_turn_square;
  251   1          int16 speed_floor;
  252   1          int16 schedule_ceiling;
  253   1          int16 output_ceiling;
  254   1          int16 scheduled_speed;
C251 COMPILER V5.60.0,  motor                                                              23/07/26  00:12:33  PAGE 5   

  255   1          int16 turn_diff;
  256   1          int16 left_target;
  257   1          int16 right_target;
  258   1          int16 safety_cap;
  259   1          motor_safety_mode_enum safety_mode;
  260   1      
  261   1          if (Out_servo > SERVO_CENTER) {
  262   2              tp_turn = Out_servo - SERVO_CENTER;
  263   2              turn_limit = SERVO_DUTY_MAX - SERVO_CENTER;
  264   2          } else {
  265   2              tp_turn = SERVO_CENTER - Out_servo;
  266   2              turn_limit = SERVO_CENTER - SERVO_DUTY_MIN;
  267   2          }
  268   1      
  269   1          if (turn_limit > MAX_TURN) {
  270   2              turn_limit = MAX_TURN;
  271   2          }
  272   1          if (tp_turn > turn_limit) {
  273   2              tp_turn = turn_limit;
  274   2          }
  275   1      
  276   1          /* 每个控制周期使用同一份原子快照，避免 WiFi 更新时混用新旧范围。 */
  277   1          Motor_Get_Speed_Range(&speed_floor, &schedule_ceiling);
  278   1          motor_get_safety_command(&safety_mode, &safety_cap);
  279   1      
  280   1          if (schedule_ceiling < WHEEL_TARGET_MIN) {
  281   2              schedule_ceiling = WHEEL_TARGET_MIN;
  282   2          } else if (schedule_ceiling > MAX_SPEED_TUNE_MAX) {
  283   2              schedule_ceiling = MAX_SPEED_TUNE_MAX;
  284   2          }
  285   1      
  286   1          if (speed_floor < WHEEL_TARGET_MIN) {
  287   2              speed_floor = WHEEL_TARGET_MIN;
  288   2          } else if (speed_floor > schedule_ceiling) {
  289   2              speed_floor = schedule_ceiling;
  290   2          }
  291   1      
  292   1          /* The curve uses entered maximum n; normal output is gated at n - 80. */
  293   1          output_ceiling = (int16)(schedule_ceiling - MOTOR_SPEED_GATE_MARGIN);
  294   1          if (safety_mode == MOTOR_SAFETY_CAP && safety_cap < output_ceiling) {
  295   2              output_ceiling = safety_cap;
  296   2          }
  297   1          if (output_ceiling < WHEEL_TARGET_MIN) {
  298   2              output_ceiling = WHEEL_TARGET_MIN;
  299   2          } else if (output_ceiling > MAX_SPEED_TUNE_MAX) {
  300   2              output_ceiling = MAX_SPEED_TUNE_MAX;
  301   2          }
  302   1      
  303   1          /* 转角平方映射：中小弯少降速，大转角仍平滑降到可调最低速度。 */
  304   1          turn_square = (uint32)tp_turn * (uint32)tp_turn;
  305   1          max_turn_square = (uint32)turn_limit * (uint32)turn_limit;
  306   1          scheduled_speed = schedule_ceiling -
  307   1              (int16)(((uint32)(schedule_ceiling - speed_floor) * turn_square) / max_turn_square);
  308   1          tar_speed = (scheduled_speed > output_ceiling) ? output_ceiling : scheduled_speed;
  309   1      
  310   1          turn_diff = (int16)(((uint32)TURN_DIFF_MAX * tp_turn) / turn_limit);
  311   1          left_target = tar_speed;
  312   1          right_target = tar_speed;
  313   1      
  314   1          /* 沿用当前舵机方向约定：大于中值时右轮为内轮。 */
  315   1          if (Out_servo > SERVO_CENTER) {
  316   2              left_target += turn_diff;
  317   2              right_target -= turn_diff;
  318   2          } else if (Out_servo < SERVO_CENTER) {
  319   2              left_target -= turn_diff;
  320   2              right_target += turn_diff;
C251 COMPILER V5.60.0,  motor                                                              23/07/26  00:12:33  PAGE 6   

  321   2          }
  322   1      
  323   1          target_speed_l = clamp_wheel_target(left_target, output_ceiling);
  324   1          target_speed_r = clamp_wheel_target(right_target, output_ceiling);
  325   1      }
  326          
  327          /* 电机任务：固定模式直接输出；关闭固定模式后执行速度 PI。 */
  328          void Motor_Loop(void)
  329          {
  330   1          motor_safety_mode_enum safety_mode;
  331   1      
  332   1          motor_get_safety_command(&safety_mode, NULL);
  333   1          if (safety_mode == MOTOR_SAFETY_STOP) {
  334   2              Motor_Force_Stop_Reset();
  335   2              return;
  336   2          }
  337   1      
  338   1      #if MOTOR_FIXED_DUTY_ENABLE
  339   1          /* PB2 starts this task; keep hard-stop handling above this fixed output. */
  340   1          motor_pwm_l = MOTOR_FIXED_DUTY;
  341   1          motor_pwm_r = MOTOR_FIXED_DUTY;
  342   1          Motor_control(PWM_L, motor_pwm_l);
  343   1          Motor_control(PWM_R, motor_pwm_r);
  344   1          return;
  345   1      #else
                   Dream_speed();
               
                   Increment_PID(&pid_lf, target_speed_l, encoder_data_l);
                   Increment_PID(&pid_rf, target_speed_r, encoder_data_r);
               
                   motor_pwm_l = shape_motor_pwm(target_speed_l, pid_lf.out, motor_pwm_l);
                   motor_pwm_r = shape_motor_pwm(target_speed_r, pid_rf.out, motor_pwm_r);
               
                   /* PI 内部输出与实际 PWM 保持一致，不留隐藏积累。 */
                   pid_lf.out = motor_pwm_l;
                   pid_rf.out = motor_pwm_r;
               
                   Motor_control(PWM_L, motor_pwm_l);
                   Motor_control(PWM_R, motor_pwm_r);
               #endif
  361   1      }


Module Information          Static   Overlayable
------------------------------------------------
  code size            =    ------     ------
  ecode size           =      2038     ------
  data size            =    ------     ------
  idata size           =    ------     ------
  pdata size           =    ------     ------
  xdata size           =        91     ------
  xdata-const size     =    ------     ------
  edata size           =    ------     ------
  bit size             =         5     ------
  ebit size            =    ------     ------
  bitaddressable size  =    ------     ------
  ebitaddressable size =    ------     ------
  far data size        =    ------     ------
  huge data size       =    ------     ------
  const size           =    ------     ------
  hconst size          =        83     ------
End of Module Information.


C251 COMPILATION COMPLETE.  0 WARNING(S),  0 ERROR(S)
