C251 COMPILER V5.60.0,  pid                                                                15/07/26  19:17:45  PAGE 1   


C251 COMPILER V5.60.0, COMPILATION OF MODULE pid
OBJECT MODULE PLACED IN .\out_file\pid.obj
COMPILER INVOKED BY: D:\keil_v5\C251\BIN\C251.EXE ..\code\pid.c LARGE ROM(HUGE) WARNINGLEVEL(3) OPTIMIZE(0,SIZE) BROWSE 
                    -INCDIR(..\..\libraries\zf_common;..\..\libraries\zf_components;..\..\libraries\zf_device;..\..\libraries\zf_driver;..\us
                    -er;..\code;..\..\libraries\zf_components\stc32g_usb_lib;..\..\libraries\zf_components\seekfree_assistant) DEBUG PRINT(.\
                    -out_file\pid.lst) TABS(2) OBJECT(.\out_file\pid.obj) 

stmt  level    source

    1          #include "pid.h"
    2          #include "image.h"
    3          #include "gyro.h"
    4          
    5          volatile uint16 Out_servo = SERVO_DUTY_MID;
    6          
    7          /* 左右电机各一套 PI，参数在 pid.h 里改。 */
    8          volatile PID_t pid_rf = {MOTOR_KP_Q10, MOTOR_KI_Q10, MOTOR_KD_Q10, 0, 0, 0, 0, 0, 0, 0};
    9          volatile PID_t pid_lf = {MOTOR_KP_Q10, MOTOR_KI_Q10, MOTOR_KD_Q10, 0, 0, 0, 0, 0, 0, 0};
   10          
   11          /* 舵机根据中线偏差、偏差变化和弯道趋势一起算输出。 */
   12          volatile PID_t servo_pidf = {SERVO_KP_TURN_Q10, 0, SERVO_KD_Q10,
   13                                       SERVO_KG_Q10, SERVO_KF_Q10, SERVO_KP2_Q10,
   14                                       0, 0, 0, 0};
   15          
   16          /* 返回 int16 的绝对值，供舵机非线性项计算使用。 */
   17          static int16 abs16_local(int16 x)
   18          {
   19   1          return (x < 0) ? (int16)(-x) : x;
   20   1      }
   21          
   22          /* 将 32 位计算结果限制到给定 int16 范围内。 */
   23          int16 limit_int16(int32 x, int16 min_v, int16 max_v)
   24          {
   25   1          if (x > max_v) return max_v;
   26   1          if (x < min_v) return min_v;
   27   1          return (int16)x;
   28   1      }
   29          
   30          /* 增量式 PID，用于左右电机速度闭环。 */
   31          void Increment_PID(volatile PID_t *pid, int16 tar_val, int16 act_val)
   32          {
   33   1          int16 error;
   34   1          int16 d_err;
   35   1          int16 dd_err;
   36   1          int32 delta;
   37   1      
   38   1          error = tar_val - act_val;
   39   1          d_err = error - pid->err1;
   40   1          dd_err = error - (int16)(2 * pid->err1) + pid->err2;
   41   1      
   42   1          delta = (pid->kp * (int32)d_err +
   43   1                   pid->ki * (int32)error +
   44   1                   pid->kd * (int32)dd_err) >> PID_Q_SHIFT;
   45   1      
   46   1          pid->out += delta;
   47   1          if (pid->out > OUT_MAX) pid->out = OUT_MAX;
   48   1          if (pid->out < OUT_MIN) pid->out = OUT_MIN;
   49   1      
   50   1          pid->err2 = pid->err1;
   51   1          pid->err1 = error;
   52   1      }
   53          
   54          /* 舵机 PID：根据中线偏差、偏差变化和曲率前馈计算舵机占空比。 */
   55          void PID_servof(volatile PID_t *pid)
   56          {
C251 COMPILER V5.60.0,  pid                                                                15/07/26  19:17:45  PAGE 2   

   57   1          uint8 ref;
   58   1          uint8 near_ref;
   59   1          int16 err;
   60   1          int16 d_err;
   61   1          int16 curve;
   62   1          int16 abs_err;
   63   1          int16 gyro_correction;
   64   1          int32 out;
   65   1          int32 duty;
   66   1      
   67   1          ref = controlReferenceLine;
   68   1          if (ref >= SEARCH_IMAGE_H) {
   69   2              ref = SEARCH_IMAGE_H - 1;
   70   2          }
   71   1      
   72   1          near_ref = (uint8)(ref + 20);
   73   1          if (near_ref >= SEARCH_IMAGE_H) {
   74   2              near_ref = SEARCH_IMAGE_H - 1;
   75   2          }
   76   1      
   77   1          err = (int16)mid_line[ref] - (int16)Mid_Col;
   78   1          curve = (int16)mid_line[ref] - (int16)mid_line[near_ref];
   79   1          d_err = err - pid->err1;
   80   1          abs_err = abs16_local(err);
   81   1      
   82   1          out = pid->kp * (int32)err;
   83   1          out += pid->kd * (int32)d_err;
   84   1          out += pid->kf * (int32)curve;
   85   1          out += pid->kp2 * (int32)err * (int32)abs_err;
   86   1          out >>= PID_Q_SHIFT;
   87   1      
   88   1          gyro_correction = limit_int16(
   89   1              (pid->kg * (int32)g_gyro_z_for_servo) / PID_Q_ONE,
   90   1              -GYRO_SERVO_CORRECTION_LIMIT,
   91   1              GYRO_SERVO_CORRECTION_LIMIT);
   92   1          Gyro_Set_Servo_Correction(gyro_correction);
   93   1          out -= gyro_correction;
   94   1      
   95   1          out = limit_int16(out, -MAX_TURN, MAX_TURN);
   96   1      
   97   1          duty = (int32)SERVO_DUTY_MID - out;
   98   1          duty = limit_int16(duty, SERVO_DUTY_MIN, SERVO_DUTY_MAX);
   99   1      
  100   1          Out_servo = (uint16)duty;
  101   1          pid->err2 = pid->err1;
  102   1          pid->err1 = err;
  103   1          pid->out = out;
  104   1      }
  105          
  106          void PID_Set_Servo_Gyro_Gain(int16 gain_q10)
  107          {
  108   1          bit interrupt_state;
  109   1      
  110   1          interrupt_state = EA;
  111   1          EA = 0;
  112   1          servo_pidf.kg = gain_q10;
  113   1          EA = interrupt_state;
  114   1      }
  115          
  116          int16 PID_Get_Servo_Gyro_Gain(void)
  117          {
  118   1          bit interrupt_state;
  119   1          int32 gain_q10;
  120   1      
  121   1          interrupt_state = EA;
  122   1          EA = 0;
C251 COMPILER V5.60.0,  pid                                                                15/07/26  19:17:45  PAGE 3   

  123   1          gain_q10 = servo_pidf.kg;
  124   1          EA = interrupt_state;
  125   1      
  126   1          return limit_int16(gain_q10, -32768, 32767);
  127   1      }


Module Information          Static   Overlayable
------------------------------------------------
  code size            =    ------     ------
  ecode size           =      1436     ------
  data size            =    ------     ------
  idata size           =    ------     ------
  pdata size           =    ------     ------
  xdata size           =       168     ------
  xdata-const size     =    ------     ------
  edata size           =    ------     ------
  bit size             =         2     ------
  ebit size            =    ------     ------
  bitaddressable size  =    ------     ------
  ebitaddressable size =    ------     ------
  far data size        =    ------     ------
  huge data size       =    ------     ------
  const size           =    ------     ------
  hconst size          =       130     ------
End of Module Information.


C251 COMPILATION COMPLETE.  0 WARNING(S),  0 ERROR(S)
