C251 COMPILER V5.60.0,  ring                                                               19/07/26  16:34:10  PAGE 1   


C251 COMPILER V5.60.0, COMPILATION OF MODULE ring
OBJECT MODULE PLACED IN .\out_file\ring.obj
COMPILER INVOKED BY: D:\keil_v5\C251\BIN\C251.EXE ..\code\ring.c LARGE ROM(HUGE) WARNINGLEVEL(3) OPTIMIZE(0,SIZE) BROWSE
                    - INCDIR(..\..\libraries\zf_common;..\..\libraries\zf_components;..\..\libraries\zf_device;..\..\libraries\zf_driver;..\u
                    -ser;..\code;..\..\libraries\zf_components\stc32g_usb_lib;..\..\libraries\zf_components\seekfree_assistant) DEBUG PRINT(.
                    -\out_file\ring.lst) TABS(2) OBJECT(.\out_file\ring.obj) 

stmt  level    source

    1          #include "ring.h"
    2          #include "servo.h"
    3          #include "visual_avoidance.h"
    4          #include <stdlib.h>
    5          #include <string.h>
    6          
    7          #define FIRST_TO_NORMAL_CONFIRM_FRAMES 3u
    8          #define ENTER_TO_FIRST_CONFIRM_FRAMES  3u
    9          #define TURN_TO_IN_CONFIRM_FRAMES      3u
   10          #define IN_TO_OUT_MIN_FRAMES           20u
   11          #define IN_TO_OUT_CONFIRM_FRAMES       3u
   12          #define LEFT_IN_AUTO_OUT_FRAMES        35u
   13          #define RING_IN_LEFT_TOP_COL           15u
   14          #define RING_OUT_LEFT_TOP_COL          10u
   15          #define RING_MIRROR_COL(col)           ((uint8)(SEARCH_IMAGE_W - 1u - (col)))
   16          #define RING_IN_RIGHT_TOP_COL          170u
   17          #define RING_OUT_RIGHT_TOP_COL         170u
   18          #define RING_LEFT_IN_OUT_BOTTOM_BASE_COL   141u
   19          #define RING_RIGHT_IN_OUT_BOTTOM_BASE_COL  10u
   20          #define RING_RIGHT_TURN_BOTTOM_COL     30u
   21          #define RING_BACK_TOP_ROW              40u
   22          #define RIGHT_IN_AUTO_OUT_FRAMES       35u
   23          #define BACK_AUTO_EXIT_FRAMES          100u
   24          #define RIGHT_RING_ENABLE              1u
   25          
   26          #define RING_STEP_PRE_MEET              0u
   27          #define RING_STEP_FIRST_MEETING         1u
   28          #define RING_STEP_ENTER                 2u
   29          #define RING_STEP_TURN                  3u
   30          #define RING_STEP_IN                    4u
   31          #define RING_STEP_OUT                   5u
   32          #define RING_STEP_STRAIGHTEN            6u
   33          #define RING_STEP_OVER                  7u
   34          
   35          uint8 left_control_line[SEARCH_IMAGE_H];
   36          uint8 right_control_line[SEARCH_IMAGE_H];
   37          
   38          uint8 current_step = 0;
   39          uint8 key_anlysis1 = 0;
   40          uint8 key_anlysis2 = 0;
   41          uint8 key_anlysis3 = 0;
   42          
   43          uint8 ring_preMeet_flag = 0;
   44          uint8 ring_l = 0;
   45          uint8 ring_r = 0;
   46          uint8 first_meeting_flag = 0;
   47          uint8 ring_enter_flag = 0;
   48          uint8 ring_turn_flag = 0;
   49          uint8 Out_flag = 0;
   50          uint8 Straighten_flag = 0;
   51          uint8 ring_over_flag = 0;
   52          
   53          static uint8 mid_under_flag = 0;
   54          static uint8 first_to_normal_cnt = 0;
   55          static uint8 enter_to_first_cnt = 0;
   56          static uint8 turn_to_in_cnt = 0;
C251 COMPILER V5.60.0,  ring                                                               19/07/26  16:34:10  PAGE 2   

   57          static uint8 in_to_out_cnt = 0;
   58          static uint16 cnt_over = 0;
   59          static uint16 back_frame_cnt = 0;
   60          
   61          static void Ring_First_meeting_Right(void);
   62          static void Ring_Enter_Right(void);
   63          static void Ring_Turing_Right(void);
   64          static void Ring_Ring_Ring_Right(void);
   65          static void Ring_Out_Right(void);
   66          static void Ring_Straighten_Right(void);
   67          static void Ring_Change_Step(uint8 next_step);
   68          void Ring_Over(void);
   69          
   70          /*
   71           * 集中处理状态切换时需要清除的标志和计数器。
   72           * 左右处理函数只负责本阶段识别与补线，不再各自修改一堆状态变量。
   73           */
   74          static void Ring_Change_Step(uint8 next_step)
   75          {
   76   1          switch (next_step) {
   77   2          case RING_STEP_PRE_MEET:
   78   2              Ring_Over();
   79   2              return;
   80   2      
   81   2          case RING_STEP_FIRST_MEETING:
   82   2              first_meeting_flag = 0;
   83   2              ring_enter_flag = 0;
   84   2              mid_under_flag = 0;
   85   2              first_to_normal_cnt = 0;
   86   2              enter_to_first_cnt = 0;
   87   2              break;
   88   2      
   89   2          case RING_STEP_ENTER:
   90   2              ring_enter_flag = 0;
   91   2              mid_under_flag = 0;
   92   2              enter_to_first_cnt = 0;
   93   2              break;
   94   2      
   95   2          case RING_STEP_TURN:
   96   2              ring_turn_flag = 0;
   97   2              enter_to_first_cnt = 0;
   98   2              turn_to_in_cnt = 0;
   99   2              break;
  100   2      
  101   2          case RING_STEP_IN:
  102   2              Out_flag = 0;
  103   2              cnt_over = 0;
  104   2              in_to_out_cnt = 0;
  105   2              turn_to_in_cnt = 0;
  106   2              break;
  107   2      
  108   2          case RING_STEP_OUT:
  109   2              Straighten_flag = 0;
  110   2              in_to_out_cnt = 0;
  111   2              break;
  112   2      
  113   2          case RING_STEP_STRAIGHTEN:
  114   2              ring_over_flag = 0;
  115   2              back_frame_cnt = 0;
  116   2              break;
  117   2      
  118   2          case RING_STEP_OVER:
  119   2              break;
  120   2      
  121   2          default:
  122   2              Ring_Over();
C251 COMPILER V5.60.0,  ring                                                               19/07/26  16:34:10  PAGE 3   

  123   2              return;
  124   2          }
  125   1      
  126   1          current_step = next_step;
  127   1      }
  128          
  129          /* 计算两个无符号 8 位数的差值绝对值。 */
  130          static uint8 abs_diff_u8(uint8 a, uint8 b)
  131          {
  132   1          return (a > b) ? (a - b) : (b - a);
  133   1      }
  134          
  135          static uint8 Ring_Row_Width_Over(uint8 row, uint8 width)
  136          {
  137   1          if (right_edge_line[row] <= left_edge_line[row]) {
  138   2              return 0;
  139   2          }
  140   1      
  141   1          return ((uint8)(right_edge_line[row] - left_edge_line[row]) > width) ? 1u : 0u;
  142   1      }
  143          
  144          static uint8 Ring_Left_Side_Ready(void)
  145          {
  146   1          return (left_edge_line[110] >= 10u) ? 1 : 0;
  147   1      }
  148          
  149          static uint8 Ring_Right_Side_Ready(void)
  150          {
  151   1          return (right_edge_line[110] <= RING_MIRROR_COL(10u)) ? 1 : 0;
  152   1      }
  153          
  154          /* 把列坐标限制在图像宽度范围内。 */
  155          uint8 clamp_col_int16(int16 val)
  156          {
  157   1          if (val < 0) return 0;
  158   1          if (val >= SEARCH_IMAGE_W) return (SEARCH_IMAGE_W - 1);
  159   1          return (uint8)val;
  160   1      }
  161          
  162          /* Map the same-side raw lower corner around the configured IN/OUT base. */
  163          static uint8 Ring_Adjust_Bottom_Anchor(uint8 base_col, uint8 detected_col)
  164          {
  165   1          int16 delta;
  166   1          int16 anchor;
  167   1      
  168   1          delta = (int16)base_col - (int16)detected_col;
  169   1          if (delta >= 0) {
  170   2              anchor = (int16)base_col + (delta >> 2);
  171   2          } else {
  172   2              anchor = (int16)base_col - ((-delta) >> 2);
  173   2          }
  174   1          return clamp_col_int16(anchor);
  175   1      }
  176          
  177          static void Ring_Fill_Line(uint8 start_row, uint8 end_row,
  178                                     int16 start_col, int16 end_col, uint8 to_flag)
  179          {
  180   1          int16 diff;
  181   1          int16 dir;
  182   1          int16 den;
  183   1          int16 base_step;
  184   1          int16 rem;
  185   1          int16 acc;
  186   1          int16 col;
  187   1          uint8 i;
  188   1      
C251 COMPILER V5.60.0,  ring                                                               19/07/26  16:34:10  PAGE 4   

  189   1          if (end_row <= start_row) {
  190   2              return;
  191   2          }
  192   1      
  193   1          den = (int16)(end_row - start_row);
  194   1      
  195   1          diff = end_col - start_col;
  196   1          dir = 1;
  197   1          if (diff < 0) {
  198   2              diff = (int16)(-diff);
  199   2              dir = -1;
  200   2          }
  201   1      
  202   1          base_step = diff / den;
  203   1          rem = (int16)(diff - base_step * den);
  204   1          acc = den >> 1;
  205   1          col = start_col;
  206   1      
  207   1          for (i = start_row + 1; i < end_row; i++) {
  208   2              col = (int16)(col + dir * base_step);
  209   2              acc = (int16)(acc + rem);
  210   2              if (acc >= den) {
  211   3                  col = (int16)(col + dir);
  212   3                  acc = (int16)(acc - den);
  213   3              }
  214   2      
  215   2              if (!to_flag) {
  216   3                  left_control_line[i] = clamp_col_int16(col);
  217   3              } else {
  218   3                  right_control_line[i] = clamp_col_int16(col);
  219   3              }
  220   2          }
  221   1      }
  222          
  223          /* IN/OUT only: keep the control line opposite the slanted fill at the image edge. */
  224          static void Ring_Keep_Left_Control_At_Edge(void)
  225          {
  226   1          memset(left_control_line, 0, sizeof(left_control_line));
  227   1      }
  228          
  229          static void Ring_Keep_Right_Control_At_Edge(void)
  230          {
  231   1          memset(right_control_line, SEARCH_IMAGE_W - 1, sizeof(right_control_line));
  232   1      }
  233          
  234          /*
  235           * 圆环状态机入口。
  236           * 左右分发只在这里完成一次，避免先调用“通用函数”，再在函数内部二次跳
             -转到右环函数。
  237           */
  238          void Ring(uint8 visual_avoid_enable)
  239          {
  240   1          uint8 avoid_result;
  241   1      
  242   1          /* 除预判阶段外，必须且只能锁定一个圆环方向。 */
  243   1          if (current_step != RING_STEP_PRE_MEET) {
  244   2              if (((ring_l != 0u) + (ring_r != 0u)) != 1u) {
  245   3                  Ring_Over();
  246   3                  return;
  247   3              }
  248   2          }
  249   1      
  250   1          switch (current_step) {
  251   2          case RING_STEP_PRE_MEET:
  252   2              if (Ring_Pre_Meet()) {
  253   3                  Ring_Change_Step(RING_STEP_FIRST_MEETING);
C251 COMPILER V5.60.0,  ring                                                               19/07/26  16:34:10  PAGE 5   

  254   3              }
  255   2              break;
  256   2      
  257   2          case RING_STEP_FIRST_MEETING:
  258   2              /* Obstacles and rings share PRE_MEET; FIRST must reject obstacles first. */
  259   2              avoid_result = VisualAvoid_ProcessFrame(visual_avoid_enable);
  260   2              if (avoid_result == VISUAL_AVOID_RESULT_HOLD) {
  261   3                  break;
  262   3              }
  263   2              if (avoid_result == VISUAL_AVOID_RESULT_DONE) {
  264   3                  Ring_Over();
  265   3                  break;
  266   3              }
  267   2      
  268   2              if (ring_r) {
  269   3                  Ring_First_meeting_Right();
  270   3              } else {
  271   3                  Ring_First_meeting();
  272   3              }
  273   2      
  274   2              if (first_meeting_flag) {
  275   3                  Ring_Change_Step(RING_STEP_ENTER);
  276   3              }
  277   2              break;
  278   2      
  279   2          case RING_STEP_ENTER:
  280   2              if (ring_r) {
  281   3                  Ring_Enter_Right();
  282   3              } else {
  283   3                  Ring_Enter();
  284   3              }
  285   2      
  286   2              if (ring_enter_flag) {
  287   3                  Ring_Change_Step(RING_STEP_TURN);
  288   3              }
  289   2              break;
  290   2      
  291   2          case RING_STEP_TURN:
  292   2              if (ring_r) {
  293   3                  Ring_Turing_Right();
  294   3              } else {
  295   3                  Ring_Turing();
  296   3              }
  297   2      
  298   2              if (ring_turn_flag) {
  299   3                  if (++turn_to_in_cnt >= TURN_TO_IN_CONFIRM_FRAMES) {
  300   4                      Ring_Change_Step(RING_STEP_IN);
  301   4                  }
  302   3                  ring_turn_flag = 0;
  303   3              } else {
  304   3                  turn_to_in_cnt = 0;
  305   3              }
  306   2              break;
  307   2      
  308   2          case RING_STEP_IN:
  309   2              /* 右环进入 IN 后只会直接调用一次该函数。 */
  310   2              if (ring_r) {
  311   3                  Ring_Ring_Ring_Right();
  312   3              } else {
  313   3                  Ring_Ring_Ring();
  314   3              }
  315   2      
  316   2              if (Out_flag) {
  317   3                  Ring_Change_Step(RING_STEP_OUT);
  318   3              }
  319   2              break;
C251 COMPILER V5.60.0,  ring                                                               19/07/26  16:34:10  PAGE 6   

  320   2      
  321   2          case RING_STEP_OUT:
  322   2              if (ring_r) {
  323   3                  Ring_Out_Right();
  324   3              } else {
  325   3                  Ring_Out();
  326   3              }
  327   2      
  328   2              if (Straighten_flag) {
  329   3                  Ring_Change_Step(RING_STEP_STRAIGHTEN);
  330   3              }
  331   2              break;
  332   2      
  333   2          case RING_STEP_STRAIGHTEN:
  334   2              if (back_frame_cnt < BACK_AUTO_EXIT_FRAMES) {
  335   3                  back_frame_cnt++;
  336   3              }
  337   2      
  338   2              if (ring_r) {
  339   3                  Ring_Straighten_Right();
  340   3              } else {
  341   3                  Ring_Straighten();
  342   3              }
  343   2      
  344   2              if (ring_over_flag || back_frame_cnt >= BACK_AUTO_EXIT_FRAMES) {
  345   3                  Ring_Change_Step(RING_STEP_OVER);
  346   3              }
  347   2              break;
  348   2      
  349   2          case RING_STEP_OVER:
  350   2          default:
  351   2              Ring_Over();
  352   2              break;
  353   2          }
  354   1      }
  355          
  356          /* 在左右控制线之间补一条斜线，用于圆环阶段修正缺失边线。 */
  357          void draw_line(uint8 left_point, uint8 right_point, uint8 to_flag)
  358          {
  359   1          uint8 start_row;
  360   1          uint8 end_row;
  361   1          int16 start_col;
  362   1          int16 end_col;
  363   1      
  364   1          if (left_point >= SEARCH_IMAGE_H) left_point = SEARCH_IMAGE_H - 1;
  365   1          if (right_point >= SEARCH_IMAGE_H) right_point = SEARCH_IMAGE_H - 1;
  366   1      
  367   1          if (left_point > right_point) {
  368   2              start_row = right_point;
  369   2              end_row = left_point;
  370   2              start_col = right_control_line[right_point];
  371   2              end_col = left_control_line[left_point];
  372   2          } else {
  373   2              start_row = left_point;
  374   2              end_row = right_point;
  375   2              start_col = left_control_line[left_point];
  376   2              end_col = right_control_line[right_point];
  377   2          }
  378   1      
  379   1          if (end_row == start_row) {
  380   2              return;
  381   2          }
  382   1      
  383   1          if (!to_flag) {
  384   2              Ring_Fill_Line(start_row, end_row, start_col, end_col, 0);
  385   2          } else {
C251 COMPILER V5.60.0,  ring                                                               19/07/26  16:34:10  PAGE 7   

  386   2              Ring_Fill_Line(start_row, end_row, start_col, end_col, 1);
  387   2          }
  388   1      }
  389          
  390          /* 连接同一侧控制线上的上下两个点，补齐中间缺失行。 */
  391          void connect_point(uint8 under, uint8 top, uint8 l_r)
  392          {
  393   1          int16 start_col;
  394   1          int16 end_col;
  395   1      
  396   1          if (under >= SEARCH_IMAGE_H) under = SEARCH_IMAGE_H - 1;
  397   1          if (top >= SEARCH_IMAGE_H) top = SEARCH_IMAGE_H - 1;
  398   1          if (under <= top) return;
  399   1      
  400   1          if (!l_r) {
  401   2              start_col = left_control_line[top];
  402   2              end_col = left_control_line[under];
  403   2              Ring_Fill_Line(top, under, start_col, end_col, 0);
  404   2          } else {
  405   2              start_col = right_control_line[top];
  406   2              end_col = right_control_line[under];
  407   2              Ring_Fill_Line(top, under, start_col, end_col, 1);
  408   2          }
  409   1      }
  410          
  411          /* 判断一条边线是否连续，突变过大则认为当前边线不稳定。 */
  412          uint8 isContinueLine(uint8 *arr)
  413          {
  414   1          int16 i;
  415   1          uint8 curr;
  416   1          uint8 prev;
  417   1      
  418   1          for (i = SEARCH_IMAGE_H - 1 - 4; i > 7 * 4; i -= 4) {
  419   2              curr = arr[i];
  420   2              prev = arr[i - 4];
  421   2      
  422   2              if (abs_diff_u8(curr, prev) > 20) {
  423   3                  return 0;
  424   3              }
  425   2          }
  426   1      
  427   1          return 1;
  428   1      }
  429          
  430          /* 圆环预判：左右边线一侧连续、一侧不连续时认为可能进入圆环。 */
  431          uint8 Ring_Pre_Meet(void)
  432          {
  433   1          uint8 r_con;
  434   1          uint8 l_con;
  435   1       
  436   1          r_con = isContinueLine(right_edge_line);
  437   1          l_con = isContinueLine(left_edge_line);
  438   1      
  439   1          if (!l_con && r_con && Ring_Left_Side_Ready()) {
  440   2              ring_preMeet_flag = 1;
  441   2              ring_l = 1;
  442   2              ring_r = 0;
  443   2              return 1;
  444   2          }
  445   1      
  446   1      #if RIGHT_RING_ENABLE
  447   1          if (!r_con && l_con && Ring_Right_Side_Ready()) {
  448   2              ring_preMeet_flag = 1;
  449   2              ring_l = 0;
  450   2              ring_r = 1;
  451   2              return 1;
C251 COMPILER V5.60.0,  ring                                                               19/07/26  16:34:10  PAGE 8   

  452   2          }
  453   1      #endif
  454   1      
  455   1          ring_preMeet_flag = 0;
  456   1          ring_l = 0;
  457   1          ring_r = 0;
  458   1          return 0;
  459   1      }
  460          
  461          /* 只返回圆环预判结果，不直接修改主状态标志。 */
  462          uint8 Ring_Pre_Meet_use(void)
  463          {
  464   1          uint8 r_con;
  465   1          uint8 l_con;
  466   1      
  467   1          r_con = isContinueLine(right_edge_line);
  468   1          l_con = isContinueLine(left_edge_line);
  469   1      
  470   1          if (ring_l) {
  471   2              return (!l_con && r_con && Ring_Left_Side_Ready()) ? 1 : 0;
  472   2          }
  473   1      
  474   1      #if RIGHT_RING_ENABLE
  475   1          if (ring_r) {
  476   2              return (!r_con && l_con && Ring_Right_Side_Ready()) ? 1 : 0;
  477   2          }
  478   1      #endif
  479   1      
  480   1          return (r_con != l_con) ? 1 : 0;
  481   1      }
  482          
  483          static void Ring_First_To_Normal_Check(void)
  484          {
  485   1          if (!Ring_Pre_Meet_use()) {
  486   2              if (++first_to_normal_cnt >= FIRST_TO_NORMAL_CONFIRM_FRAMES) {
  487   3                  Ring_Change_Step(RING_STEP_PRE_MEET);
  488   3              }
  489   2          } else {
  490   2              first_to_normal_cnt = 0;
  491   2          }
  492   1      }
  493          
  494          /* 第一次遇到圆环边线变化时，寻找拐点并尝试补左边线。 */
  495          void Ring_First_meeting(void)
  496          {
  497   1          uint8 i;
  498   1          uint8 under;
  499   1          uint8 top;
  500   1          uint8 mid;
  501   1          uint8 turnPoint = 0;
  502   1          uint8 midPoint = 0;
  503   1      
  504   1          
  505   1      
  506   1          for (i = SEARCH_IMAGE_H - 1 - PIXEL_OFFSET; i > 30; i -= PIXEL_OFFSET) {
  507   2              under = left_edge_line[i];
  508   2              top = left_edge_line[i - PIXEL_OFFSET];
  509   2      
  510   2              if ((int16)under - (int16)top >= 15) {
  511   3                  turnPoint = i;
  512   3                  break;
  513   3              }
  514   2          }
  515   1      
  516   1          if (turnPoint == 0) {
  517   2              Ring_First_To_Normal_Check();
C251 COMPILER V5.60.0,  ring                                                               19/07/26  16:34:10  PAGE 9   

  518   2              return;
  519   2          }
  520   1      
  521   1          for (i = turnPoint - 4; i >= STOP_ROW + 4u; i -= 4) {
  522   2              under = left_edge_line[i + 4];
  523   2              mid = left_edge_line[i];
  524   2              top = left_edge_line[i - 4];
  525   2      
  526   2              if (mid >= under && mid >= top && mid > 30) {
  527   3                  midPoint = i;
  528   3              }
  529   2          }
  530   1      
  531   1          if (midPoint) {
  532   2              connect_point(turnPoint, midPoint, 0);
  533   2          }
  534   1      
  535   1          if (midPoint &&
  536   1              Ring_Left_Side_Ready() &&
  537   1              left_edge_line[94] <= 2 &&
  538   1              left_edge_line[85] <= 2 &&
  539   1              (Ring_Row_Width_Over(55, 110u) ||
  540   1               Ring_Row_Width_Over(30, 110u) ||
  541   1               Ring_Row_Width_Over(35, 110u) ||
  542   1               Ring_Row_Width_Over(40, 110u))) {
  543   2              first_meeting_flag = 1;
  544   2              first_to_normal_cnt = 0;
  545   2              return;
  546   2          }
  547   1      
  548   1          Ring_First_To_Normal_Check();
  549   1      }
  550          
  551          /* 进入圆环阶段，持续补左边线，直到拐点移动到远端。 */
  552          void Ring_Enter(void)
  553          {
  554   1          uint8 i;
  555   1          uint8 under;
  556   1          uint8 mid;
  557   1          uint8 top;
  558   1          uint8 ttop;
  559   1          uint8 uunder;
  560   1          uint8 midPoint = 0;
  561   1          uint8 turn_flag = 0;
  562   1      
  563   1          for (i = SEARCH_IMAGE_H - 1 - 2 * 2; i > 20; i -= 2) {
  564   2              uunder = left_edge_line[i + 4 ];
  565   2              under  = left_edge_line[i + 2];
  566   2              mid    = left_edge_line[i];
  567   2              top    = left_edge_line[i - 2];
  568   2              ttop   = left_edge_line[i - 4];
  569   2      
  570   2              if (mid < 8) {
  571   3                  continue;
  572   3              }
  573   2      
  574   2              if (mid >= under && (mid - under) < 20 &&
  575   2                  under >= uunder && (under - uunder) < 20 &&
  576   2                  mid >= top && (mid - top) < 20 &&
  577   2                  top >= ttop && (top - ttop) < 20 &&
  578   2                  mid > 20) {
  579   3                  midPoint = i;
  580   3                  break;
  581   3              }
  582   2          }
  583   1      
C251 COMPILER V5.60.0,  ring                                                               19/07/26  16:34:10  PAGE 10  

  584   1          if (midPoint) {
  585   2              enter_to_first_cnt = 0;
  586   2              connect_point(SEARCH_IMAGE_H - 1, midPoint, 0);
  587   2          } else {
  588   2              if (++enter_to_first_cnt >= ENTER_TO_FIRST_CONFIRM_FRAMES) {
  589   3                  Ring_Change_Step(RING_STEP_FIRST_MEETING);
  590   3              }
  591   2              return;
  592   2          }
  593   1      
  594   1          if (midPoint >= 60) {
  595   2              mid_under_flag = 1;
  596   2          }
  597   1          for (i = 81; i > 10; i -= 2) {
  598   2              under = left_edge_line[i];
  599   2              top = left_edge_line[i - 2];
  600   2              
  601   2              if (top - under >= 15 && left_edge_line[110] >= 10 && left_edge_line[i - 4] > 20 &&left_edge_line
             -[i-6] > 20) {
  602   3                  turn_flag = 1;
  603   3                break;
  604   3              }
  605   2          }
  606   1          if (mid_under_flag && (turn_flag || midPoint < 45)) {
  607   2              ring_enter_flag = 1;
  608   2              enter_to_first_cnt = 0;
  609   2          }
  610   1      }
  611          
  612          /* 圆环转向阶段，找到左上拐点后用右控制线辅助车辆转入。 */
  613          void Ring_Turing(void)
  614          {
  615   1          uint8 i;
  616   1          uint8 under;
  617   1          uint8 top;
  618   1          uint8 leftTopPoint = 0;
  619   1      
  620   1          for (i = SEARCH_IMAGE_H - 1; i > 10; i -= 2) {
  621   2              top = left_edge_line[i - 2];
  622   2              under = left_edge_line[i];
  623   2      
  624   2              if (top- under >= 20 && left_edge_line[i-4] > 20 && left_edge_line[i-6] >20) {
  625   3                  leftTopPoint = i - 2;
  626   3                  break;
  627   3              }
  628   2          }
  629   1      
  630   1          if (leftTopPoint == 0) {
  631   2              return;
  632   2          }
  633   1      
  634   1          draw_line(leftTopPoint, SEARCH_IMAGE_H - 1, 1);
  635   1      
  636   1          if (leftTopPoint >= controlReferenceLine - 30) {
  637   2              ring_turn_flag = 1;
  638   2          }
  639   1      }
  640          
  641          /* 车身处在圆环内部时，修正右控制线并判断是否接近出口。 */
  642          void Ring_Ring_Ring(void)
  643          {
  644   1          uint8 i;
  645   1          uint8 minPoint = SEARCH_IMAGE_H - 1;
  646   1          uint8 index;
  647   1          uint8 minn = SEARCH_IMAGE_W - 1;
  648   1      
C251 COMPILER V5.60.0,  ring                                                               19/07/26  16:34:10  PAGE 11  

  649   1          Ring_Keep_Left_Control_At_Edge();
  650   1      
  651   1          if (cnt_over < LEFT_IN_AUTO_OUT_FRAMES) {
  652   2              cnt_over++;
  653   2          }
  654   1      
  655   1          for (i = SEARCH_IMAGE_H - 1; i > PIXEL_OFFSET * 3; i -= PIXEL_OFFSET) {
  656   2              index = right_edge_line[i];
  657   2              if (index < minn) {
  658   3                  minn = index;
  659   3                  minPoint = i;
  660   3              }
  661   2          }
  662   1      
  663   1          if (minPoint > PIXEL_OFFSET &&
  664   1              minPoint < SEARCH_IMAGE_H - PIXEL_OFFSET &&
  665   1              (((int16)right_edge_line[minPoint - PIXEL_OFFSET] - (int16)right_edge_line[minPoint] < 30 &&
  666   1               (int16)right_edge_line[minPoint + PIXEL_OFFSET] - (int16)right_edge_line[minPoint] < 30) ||
  667   1              minPoint < 40)) {
  668   2              right_control_line[SEARCH_IMAGE_H - 1] =
  669   2                  Ring_Adjust_Bottom_Anchor(RING_LEFT_IN_OUT_BOTTOM_BASE_COL,
  670   2                                            left_edge_line[SEARCH_IMAGE_H - 1]);
  671   2              left_control_line[0] = RING_IN_LEFT_TOP_COL;
  672   2              right_control_line[0] = RING_IN_LEFT_TOP_COL;
  673   2              draw_line(0, SEARCH_IMAGE_H - 1, 1);
  674   2              left_control_line[0] = 0;
  675   2          }
  676   1      
  677   1          /* Keep the visual exit, but never remain in left IN indefinitely. */
  678   1          if (cnt_over >= LEFT_IN_AUTO_OUT_FRAMES) {
  679   2              Out_flag = 1;
  680   2              in_to_out_cnt = 0;
  681   2          } else if (cnt_over >= IN_TO_OUT_MIN_FRAMES &&
  682   1              right_edge_line[50] > 180 &&
  683   1              right_edge_line[60] > 180 &&
  684   1      
  685   1              left_edge_line[50] < 2) {
  686   2              if (++in_to_out_cnt >= IN_TO_OUT_CONFIRM_FRAMES) {
  687   3                  Out_flag = 1;
  688   3                  in_to_out_cnt = 0;
  689   3              }
  690   2          } else {
  691   2              in_to_out_cnt = 0;
  692   2          }
  693   1      }
  694          
  695          /* 出圆环阶段，继续补右控制线并判断是否可以开始回正。 */
  696          void Ring_Out(void)
  697          {
  698   1          Ring_Keep_Left_Control_At_Edge();
  699   1          right_control_line[SEARCH_IMAGE_H - 1] =
  700   1              Ring_Adjust_Bottom_Anchor(RING_LEFT_IN_OUT_BOTTOM_BASE_COL,
  701   1                                        left_edge_line[SEARCH_IMAGE_H - 1]);
  702   1          left_control_line[0] = RING_OUT_LEFT_TOP_COL;
  703   1          right_control_line[0] = RING_OUT_LEFT_TOP_COL;
  704   1          draw_line(0, SEARCH_IMAGE_H - 1, 1);
  705   1          left_control_line[0] = 0;
  706   1      
  707   1          if ((left_edge_line[30] > 16 ||
  708   1               left_edge_line[40] > 16 ||
  709   1               left_edge_line[50] > 16) &&
  710   1              right_edge_line[40] < 170 &&
  711   1              right_edge_line[50] < 170 &&
  712   1              right_edge_line[60] < 170 &&
  713   1              right_edge_line[30] < right_edge_line[35] &&
  714   1              right_edge_line[35] < right_edge_line[40] &&
C251 COMPILER V5.60.0,  ring                                                               19/07/26  16:34:10  PAGE 12  

  715   1              right_edge_line[45] < right_edge_line[50] &&
  716   1              right_edge_line[40] < right_edge_line[45] &&
  717   1              right_edge_line[50] < right_edge_line[55]
  718   1          )
  719   1              Straighten_flag = 1;
  720   1      }
  721          
  722          /* 回正阶段，重新补左线，等左右边线恢复连续后结束圆环。 */
  723          void Ring_Straighten(void)
  724          {
  725   1          connect_point(SEARCH_IMAGE_H - 1, RING_BACK_TOP_ROW, 0);
  726   1      
  727   1          if (isContinueLine(left_edge_line) && isContinueLine(right_edge_line) && left_edge_line[110] >= 5) {
  728   2              ring_over_flag = 1;
  729   2          }
  730   1      } 
  731          
  732          /* 圆环结束或异常复位时，清空所有圆环状态标志。 */
  733          static void Ring_First_meeting_Right(void)
  734          {
  735   1          uint8 i;
  736   1          uint8 under;
  737   1          uint8 top;
  738   1          uint8 mid;
  739   1          uint8 turnPoint = 0;
  740   1          uint8 midPoint = 0;
  741   1      
  742   1          for (i = SEARCH_IMAGE_H - 1 - PIXEL_OFFSET; i > 30; i -= PIXEL_OFFSET) {
  743   2              under = right_edge_line[i];
  744   2              top = right_edge_line[i - PIXEL_OFFSET];
  745   2      
  746   2              if ((int16)top - (int16)under >= 15) {
  747   3                  turnPoint = i;
  748   3                  break;
  749   3              }
  750   2          }
  751   1      
  752   1          if (turnPoint == 0) {
  753   2              Ring_First_To_Normal_Check();
  754   2              return;
  755   2          }
  756   1      
  757   1          for (i = turnPoint - 4; i >= STOP_ROW + 4u; i -= 4) {
  758   2              under = right_edge_line[i + 4];
  759   2              mid = right_edge_line[i];
  760   2              top = right_edge_line[i - 4];
  761   2      
  762   2              if (mid <= under && mid <= top && mid < RING_MIRROR_COL(30u)) {
  763   3                  midPoint = i;
  764   3              }
  765   2          }
  766   1      
  767   1          if (midPoint) {
  768   2              connect_point(turnPoint, midPoint, 1);
  769   2          }
  770   1      
  771   1          if (midPoint &&
  772   1              Ring_Right_Side_Ready() &&
  773   1              right_edge_line[94] >= RING_MIRROR_COL(2u) &&
  774   1              right_edge_line[85] >= RING_MIRROR_COL(2u) &&
  775   1              (Ring_Row_Width_Over(55, 110u) ||
  776   1               Ring_Row_Width_Over(30, 110u) ||
  777   1               Ring_Row_Width_Over(35, 110u) ||
  778   1               Ring_Row_Width_Over(40, 110u))) {
  779   2              first_meeting_flag = 1;
  780   2              first_to_normal_cnt = 0;
C251 COMPILER V5.60.0,  ring                                                               19/07/26  16:34:10  PAGE 13  

  781   2              return;
  782   2          }
  783   1      
  784   1          Ring_First_To_Normal_Check();
  785   1      }
  786          
  787          static void Ring_Enter_Right(void)
  788          {
  789   1          uint8 i;
  790   1          uint8 under;
  791   1          uint8 mid;
  792   1          uint8 top;
  793   1          uint8 ttop;
  794   1          uint8 uunder;
  795   1          uint8 midPoint = 0;
  796   1          uint8 turn_flag = 0;
  797   1      
  798   1          for (i = SEARCH_IMAGE_H - 1 - 2 * 2; i > 20; i -= 2) {
  799   2              uunder = right_edge_line[i + 4];
  800   2              under  = right_edge_line[i + 2];
  801   2              mid    = right_edge_line[i];
  802   2              top    = right_edge_line[i - 2];
  803   2              ttop   = right_edge_line[i - 4];
  804   2      
  805   2              if (mid > RING_MIRROR_COL(8u)) {
  806   3                  continue;
  807   3              }
  808   2      
  809   2              if (mid <= under && (under - mid) < 20 &&
  810   2                  under <= uunder && (uunder - under) < 20 &&
  811   2                  mid <= top && (top - mid) < 20 &&
  812   2                  top <= ttop && (ttop - top) < 20 &&
  813   2                  mid < RING_MIRROR_COL(20u)) {
  814   3                  midPoint = i;
  815   3                  break;
  816   3              }
  817   2          }
  818   1      
  819   1          if (midPoint) {
  820   2              enter_to_first_cnt = 0;
  821   2              connect_point(SEARCH_IMAGE_H - 1, midPoint, 1);
  822   2          } else {
  823   2              if (++enter_to_first_cnt >= ENTER_TO_FIRST_CONFIRM_FRAMES) {
  824   3                  Ring_Change_Step(RING_STEP_FIRST_MEETING);
  825   3              }
  826   2              return;
  827   2          }
  828   1      
  829   1          if (midPoint >= 60) {
  830   2              mid_under_flag = 1;
  831   2          }
  832   1      
  833   1          for (i = 81; i > 10; i -= 2) {
  834   2              under = right_edge_line[i];
  835   2              top = right_edge_line[i - 2];
  836   2      
  837   2              if ((int16)under - (int16)top >= 15 &&
  838   2                  right_edge_line[110] <= RING_MIRROR_COL(10u) &&
  839   2                  right_edge_line[i - 4] < RING_MIRROR_COL(20u) &&
  840   2                  right_edge_line[i - 6] < RING_MIRROR_COL(20u)) {
  841   3                  turn_flag = 1;
  842   3                  break;
  843   3              }
  844   2          }
  845   1      
  846   1          if (mid_under_flag && (turn_flag || midPoint < 45)) {
C251 COMPILER V5.60.0,  ring                                                               19/07/26  16:34:10  PAGE 14  

  847   2              ring_enter_flag = 1;
  848   2              enter_to_first_cnt = 0;
  849   2          }
  850   1      }
  851          
  852          static void Ring_Turing_Right(void)
  853          {
  854   1          uint8 i;
  855   1          uint8 under;
  856   1          uint8 top;
  857   1          uint8 rightTopPoint = 0;
  858   1      
  859   1          for (i = SEARCH_IMAGE_H - 1; i > 10; i -= 2) {
  860   2              top = right_edge_line[i - 2];
  861   2              under = right_edge_line[i];
  862   2      
  863   2              if ((int16)under - (int16)top >= 20 &&
  864   2                  right_edge_line[i - 4] < RING_MIRROR_COL(20u) &&
  865   2                  right_edge_line[i - 6] < RING_MIRROR_COL(20u)) {
  866   3                  rightTopPoint = i - 2;
  867   3                  break;
  868   3              }
  869   2          }
  870   1      
  871   1          if (rightTopPoint == 0) {
  872   2              return;
  873   2          }
  874   1      
  875   1          if (left_control_line[SEARCH_IMAGE_H - 1] < RING_RIGHT_TURN_BOTTOM_COL) {
  876   2              left_control_line[SEARCH_IMAGE_H - 1] = RING_RIGHT_TURN_BOTTOM_COL;
  877   2          }
  878   1          draw_line(SEARCH_IMAGE_H - 1, rightTopPoint, 0);
  879   1      
  880   1          if (rightTopPoint >= controlReferenceLine - 30) {
  881   2              ring_turn_flag = 1;
  882   2          }
  883   1      }
  884          
  885          static void Ring_Ring_Ring_Right(void)
  886          {
  887   1          Ring_Keep_Right_Control_At_Edge();
  888   1      
  889   1          if (cnt_over < RIGHT_IN_AUTO_OUT_FRAMES) {
  890   2              cnt_over++;
  891   2          }
  892   1      
  893   1          left_control_line[SEARCH_IMAGE_H - 1] =
  894   1              Ring_Adjust_Bottom_Anchor(RING_RIGHT_IN_OUT_BOTTOM_BASE_COL,
  895   1                                        right_edge_line[SEARCH_IMAGE_H - 1]);
  896   1          left_control_line[0] = RING_IN_RIGHT_TOP_COL;
  897   1          right_control_line[0] = RING_IN_RIGHT_TOP_COL;
  898   1          draw_line(SEARCH_IMAGE_H - 1, 0, 0);
  899   1          right_control_line[0] = SEARCH_IMAGE_W - 1;
  900   1      
  901   1          if (cnt_over >= RIGHT_IN_AUTO_OUT_FRAMES) {
  902   2              Out_flag = 1;
  903   2          }
  904   1      }
  905          
  906          static void Ring_Out_Right(void)
  907          {
  908   1          Ring_Keep_Right_Control_At_Edge();
  909   1          left_control_line[SEARCH_IMAGE_H - 1] =
  910   1              Ring_Adjust_Bottom_Anchor(RING_RIGHT_IN_OUT_BOTTOM_BASE_COL,
  911   1                                        right_edge_line[SEARCH_IMAGE_H - 1]);
  912   1          left_control_line[0] = RING_OUT_RIGHT_TOP_COL;
C251 COMPILER V5.60.0,  ring                                                               19/07/26  16:34:10  PAGE 15  

  913   1          right_control_line[0] = RING_OUT_RIGHT_TOP_COL;
  914   1          draw_line(SEARCH_IMAGE_H - 1, 0, 0);
  915   1          right_control_line[0] = SEARCH_IMAGE_W - 1;
  916   1      
  917   1          if ((right_edge_line[30] < RING_MIRROR_COL(16u) ||
  918   1               right_edge_line[40] < RING_MIRROR_COL(16u) ||
  919   1               right_edge_line[50] < RING_MIRROR_COL(16u)) &&
  920   1              left_edge_line[40] > RING_MIRROR_COL(170u) &&
  921   1              left_edge_line[50] > RING_MIRROR_COL(170u) &&
  922   1              left_edge_line[60] > RING_MIRROR_COL(170u) &&
  923   1              left_edge_line[30] > left_edge_line[35] &&
  924   1              left_edge_line[35] > left_edge_line[40] &&
  925   1              left_edge_line[45] > left_edge_line[50] &&
  926   1              left_edge_line[40] > left_edge_line[45] &&
  927   1              left_edge_line[50] > left_edge_line[55]) {
  928   2              Straighten_flag = 1;
  929   2          }
  930   1      }
  931          
  932          static void Ring_Straighten_Right(void)
  933          {
  934   1          connect_point(SEARCH_IMAGE_H - 1, RING_BACK_TOP_ROW, 1);
  935   1      
  936   1          if (isContinueLine(left_edge_line) && isContinueLine(right_edge_line) &&
  937   1              right_edge_line[110] <= RING_MIRROR_COL(5u)) {
  938   2              ring_over_flag = 1;
  939   2          }
  940   1      }
  941          
  942          void Ring_Over(void)
  943          {
  944   1          ring_preMeet_flag = 0;
  945   1          first_meeting_flag = 0;
  946   1          ring_l = 0;
  947   1          ring_r = 0;
  948   1          ring_enter_flag = 0;
  949   1          ring_turn_flag = 0;
  950   1          Out_flag = 0;
  951   1          Straighten_flag = 0;
  952   1          ring_over_flag = 0;
  953   1          mid_under_flag = 0;
  954   1          first_to_normal_cnt = 0;
  955   1          enter_to_first_cnt = 0;
  956   1          turn_to_in_cnt = 0;
  957   1          in_to_out_cnt = 0;
  958   1          current_step = 0;
  959   1          cnt_over = 0;
  960   1          back_frame_cnt = 0;
  961   1      }


Module Information          Static   Overlayable
------------------------------------------------
  code size            =    ------     ------
  ecode size           =      6269     ------
  data size            =    ------     ------
  idata size           =    ------     ------
  pdata size           =    ------     ------
  xdata size           =       367     ------
  xdata-const size     =    ------     ------
  edata size           =    ------     ------
  bit size             =    ------     ------
  ebit size            =    ------     ------
  bitaddressable size  =    ------     ------
  ebitaddressable size =    ------     ------
  far data size        =    ------     ------
  huge data size       =    ------     ------
C251 COMPILER V5.60.0,  ring                                                               19/07/26  16:34:10  PAGE 16  

  const size           =    ------     ------
  hconst size          =       122     ------
End of Module Information.


C251 COMPILATION COMPLETE.  0 WARNING(S),  0 ERROR(S)
