C251 COMPILER V5.60.0,  usb_req_std                                                        13/06/26  12:52:09  PAGE 1   


C251 COMPILER V5.60.0, COMPILATION OF MODULE usb_req_std
OBJECT MODULE PLACED IN .\out_file\usb_req_std.obj
COMPILER INVOKED BY: D:\keil_v5\C251\BIN\C251.EXE ..\..\libraries\zf_components\stc32g_usb_lib\usb_req_std.c LARGE ROM(H
                    -UGE) WARNINGLEVEL(3) OPTIMIZE(0,SIZE) BROWSE INCDIR(..\..\libraries\zf_common;..\..\libraries\zf_components;..\..\librar
                    -ies\zf_device;..\..\libraries\zf_driver;..\user;..\code;..\..\libraries\zf_components\stc32g_usb_lib;..\..\libraries\zf_
                    -components\seekfree_assistant) DEBUG PRINT(.\out_file\usb_req_std.lst) TABS(2) OBJECT(.\out_file\usb_req_std.obj) 

stmt  level    source

    1          /*---------------------------------------------------------------------*/
    2          /* --- STC MCU Limited ------------------------------------------------*/
    3          /* --- STC 1T Series MCU Demo Programme -------------------------------*/
    4          /* --- Mobile: (86)13922805190 ----------------------------------------*/
    5          /* --- Fax: 86-0513-55012956,55012947,55012969 ------------------------*/
    6          /* --- Tel: 86-0513-55012928,55012929,55012966 ------------------------*/
    7          /* --- Web: www.STCAI.com ---------------------------------------------*/
    8          /* --- BBS: www.STCAIMCU.com  -----------------------------------------*/
    9          /* --- QQ:  800003751 -------------------------------------------------*/
   10          /* 如果要在程序中使用此代码,请在程序中注明使用了STC的资料及程序        */
   11          /*---------------------------------------------------------------------*/
   12          
   13          #include "stc.h"
   14          #include "usb.h"
   15          #include "usb_desc.h"
   16          #include "usb_req_std.h"
   17          #include "usb_req_class.h"
   18          
   19          void usb_req_std()
   20          {
   21   1          switch (Setup.bRequest)
   22   1          {
   23   2          case GET_STATUS:
   24   2              usb_get_status();
   25   2              break;
   26   2          case CLEAR_FEATURE:
   27   2              usb_clear_feature();
   28   2              break;
   29   2          case SET_FEATURE:
   30   2              usb_set_feature();
   31   2              break;
   32   2          case SET_ADDRESS:
   33   2              usb_set_address();
   34   2              break;
   35   2          case GET_DESCRIPTOR:
   36   2              usb_get_descriptor();
   37   2              break;
   38   2          case SET_DESCRIPTOR:
   39   2              usb_set_descriptor();
   40   2              break;
   41   2          case GET_CONFIGURATION:
   42   2              usb_get_configuration();
   43   2              break;
   44   2          case SET_CONFIGURATION:
   45   2              usb_set_configuration();
   46   2              break;
   47   2          case GET_INTERFACE:
   48   2              usb_get_interface();
   49   2              break;
   50   2          case SET_INTERFACE:
   51   2              usb_set_interface();
   52   2              break;
   53   2          case SYNCH_FRAME:
   54   2              usb_synch_frame();
   55   2              break;
   56   2          default:
C251 COMPILER V5.60.0,  usb_req_std                                                        13/06/26  12:52:09  PAGE 2   

   57   2              usb_setup_stall();
   58   2              return;
   59   2          }
   60   1      }
   61          
   62          void usb_get_status()
   63          {
   64   1          BYTE ep;
   65   1          
   66   1          if (((Setup.bmRequestType & DIRECT_MASK) != IN_DIRECT) ||
   67   1              (Setup.wValueH != 0) ||
   68   1              (Setup.wValueL != 0) ||
   69   1              (Setup.wLength != 2))
   70   1          {
   71   2              usb_setup_stall();
   72   2              return;
   73   2          }
   74   1          
   75   1          switch (Setup.bmRequestType & RECIPIENT_MASK)
   76   1          {
   77   2          case DEVICE_RECIPIENT:
   78   2              if ((Setup.wIndexH != 0) ||
   79   2                  (Setup.wIndexL != 0))
   80   2              {
   81   3                  usb_setup_stall();
   82   3                  return;
   83   3              }
   84   2              else
   85   2              {
   86   3                  Ep0State.pData = PACKET0;
   87   3                  Ep0State.wSize = 2;
   88   3              }
   89   2              break;
   90   2          case INTERFACE_RECIPIENT:
   91   2              if ((DeviceState != DEVSTATE_CONFIGURED) ||
   92   2                  (Setup.wIndexH != 0) ||
   93   2                  (Setup.wIndexL != 0))
   94   2              {
   95   3                  usb_setup_stall();
   96   3                  return;
   97   3              }
   98   2              else
   99   2              {
  100   3                  Ep0State.pData = PACKET0;
  101   3                  Ep0State.wSize = 2;
  102   3              }
  103   2              break;
  104   2          case ENDPOINT_RECIPIENT:
  105   2              if ((DeviceState != DEVSTATE_CONFIGURED) ||
  106   2                  (Setup.wIndexH != 0))
  107   2              {
  108   3                  usb_setup_stall();
  109   3                  return;
  110   3              }
  111   2              else
  112   2              {
  113   3                  ep = Setup.wIndexL & 0x0f;
  114   3                  switch (Setup.wIndexL)
  115   3                  {
  116   4      #ifdef EN_EP1IN
  117   4                  case EP1_IN:
  118   4      #endif
  119   4      #ifdef EN_EP2IN
  120   4                  case EP2_IN:
  121   4      #endif
  122   4      #ifdef EN_EP3IN
C251 COMPILER V5.60.0,  usb_req_std                                                        13/06/26  12:52:09  PAGE 3   

                           case EP3_IN:
               #endif
  125   4      #ifdef EN_EP4IN
                           case EP4_IN:
               #endif
  128   4      #ifdef EN_EP5IN
                           case EP5_IN:
               #endif
  131   4      #if (defined(EN_EP1IN) || defined(EN_EP2IN) || defined(EN_EP3IN) || defined(EN_EP4IN) || defined(EN_EP5IN
             -))
  132   4                      if (InEpState & (1 << ep))
  133   4                      {
  134   5                          Ep0State.pData = PACKET1;
  135   5                          Ep0State.wSize = 2;
  136   5                      }
  137   4                      else
  138   4                      {
  139   5                          Ep0State.pData = PACKET0;
  140   5                          Ep0State.wSize = 2;
  141   5                      }
  142   4                      break;
  143   4      #endif
  144   4      #ifdef EN_EP1OUT
  145   4                  case EP1_OUT:
  146   4      #endif
  147   4      #ifdef EN_EP2OUT
                           case EP2_OUT:
               #endif
  150   4      #ifdef EN_EP3OUT
                           case EP3_OUT:
               #endif
  153   4      #ifdef EN_EP4OUT
                           case EP4_OUT:
               #endif
  156   4      #ifdef EN_EP5OUT
                           case EP5_OUT:
               #endif
  159   4      #if (defined(EN_EP1OUT) || defined(EN_EP2OUT) || defined(EN_EP3OUT) || defined(EN_EP4OUT) || defined(EN_E
             -P5OUT))
  160   4                      if (OutEpState & (1 << ep))
  161   4                      {
  162   5                          Ep0State.pData = PACKET1;
  163   5                          Ep0State.wSize = 2;
  164   5                      }
  165   4                      else
  166   4                      {
  167   5                          Ep0State.pData = PACKET0;
  168   5                          Ep0State.wSize = 2;
  169   5                      }
  170   4                      break;
  171   4      #endif
  172   4                  default:
  173   4                      usb_setup_stall();
  174   4                      return;
  175   4                  }
  176   3              }
  177   2              break;
  178   2          default:
  179   2              usb_setup_stall();
  180   2              return;
  181   2          }
  182   1      
  183   1          usb_setup_in();
  184   1      }
  185          
  186          void usb_clear_feature()
C251 COMPILER V5.60.0,  usb_req_std                                                        13/06/26  12:52:09  PAGE 4   

  187          {
  188   1          BYTE ep;
  189   1          
  190   1          if ((DeviceState != DEVSTATE_CONFIGURED) ||
  191   1              (Setup.bmRequestType != (OUT_DIRECT | STANDARD_REQUEST | ENDPOINT_RECIPIENT)) ||
  192   1              (Setup.wIndexH != 0) ||
  193   1              (Setup.wValueH != 0) ||
  194   1              (Setup.wValueL != ENDPOINT_HALT) ||
  195   1              (Setup.wLength != 0))
  196   1          {
  197   2              usb_setup_stall();
  198   2              return;
  199   2          }
  200   1          
  201   1          ep = Setup.wIndexL & 0x0f;
  202   1          switch (Setup.wIndexL)
  203   1          {
  204   2      #ifdef EN_EP1IN
  205   2          case EP1_IN:
  206   2      #endif
  207   2      #ifdef EN_EP2IN
  208   2          case EP2_IN:
  209   2      #endif
  210   2      #ifdef EN_EP3IN
                   case EP3_IN:
               #endif
  213   2      #ifdef EN_EP4IN
                   case EP4_IN:
               #endif
  216   2      #ifdef EN_EP5IN
                   case EP5_IN:
               #endif
  219   2      #if (defined(EN_EP1IN) || defined(EN_EP2IN) || defined(EN_EP3IN) || defined(EN_EP4IN) || defined(EN_EP5IN
             -))
  220   2              InEpState &= ~(1 << ep);
  221   2              usb_write_reg(INDEX, ep);
  222   2              usb_write_reg(INCSR1, INCLRDT);
  223   2              usb_write_reg(INDEX, 0);
  224   2              break;
  225   2      #endif
  226   2      #ifdef EN_EP1OUT
  227   2          case EP1_OUT:
  228   2      #endif
  229   2      #ifdef EN_EP2OUT
                   case EP2_OUT:
               #endif
  232   2      #ifdef EN_EP3OUT
                   case EP3_OUT:
               #endif
  235   2      #ifdef EN_EP4OUT
                   case EP4_OUT:
               #endif
  238   2      #ifdef EN_EP5OUT
                   case EP5_OUT:
               #endif
  241   2      #if (defined(EN_EP1OUT) || defined(EN_EP2OUT) || defined(EN_EP3OUT) || defined(EN_EP4OUT) || defined(EN_E
             -P5OUT))
  242   2              OutEpState &= ~(1 << ep);
  243   2              usb_write_reg(INDEX, ep);
  244   2              usb_write_reg(OUTCSR1, OUTCLRDT);
  245   2              usb_write_reg(INDEX, 0);
  246   2              break;
  247   2      #endif
  248   2          default:
  249   2              usb_setup_stall();
  250   2              return;
C251 COMPILER V5.60.0,  usb_req_std                                                        13/06/26  12:52:09  PAGE 5   

  251   2          }
  252   1      
  253   1          usb_setup_status();
  254   1      }
  255          
  256          void usb_set_feature()
  257          {
  258   1          BYTE ep;
  259   1          
  260   1          if ((DeviceState != DEVSTATE_CONFIGURED) ||
  261   1              (Setup.bmRequestType != (OUT_DIRECT | STANDARD_REQUEST | ENDPOINT_RECIPIENT)) ||
  262   1              (Setup.wIndexH != 0) ||
  263   1              (Setup.wValueH != 0) ||
  264   1              (Setup.wValueL != ENDPOINT_HALT) ||
  265   1              (Setup.wLength != 0))
  266   1          {
  267   2              usb_setup_stall();
  268   2              return;
  269   2          }
  270   1          
  271   1          ep = Setup.wIndexL & 0x0f;
  272   1          switch (Setup.wIndexL)
  273   1          {
  274   2      #ifdef EN_EP1IN
  275   2          case EP1_IN:
  276   2      #endif
  277   2      #ifdef EN_EP2IN
  278   2          case EP2_IN:
  279   2      #endif
  280   2      #ifdef EN_EP3IN
                   case EP3_IN:
               #endif
  283   2      #ifdef EN_EP4IN
                   case EP4_IN:
               #endif
  286   2      #ifdef EN_EP5IN
                   case EP5_IN:
               #endif
  289   2      #if (defined(EN_EP1IN) || defined(EN_EP2IN) || defined(EN_EP3IN) || defined(EN_EP4IN) || defined(EN_EP5IN
             -))
  290   2              InEpState |= (1 << ep);
  291   2              usb_write_reg(INDEX, ep);
  292   2              usb_write_reg(INCSR1, INSDSTL);
  293   2              usb_write_reg(INDEX, 0);
  294   2              break;
  295   2      #endif
  296   2      #ifdef EN_EP1OUT
  297   2          case EP1_OUT:
  298   2      #endif
  299   2      #ifdef EN_EP2OUT
                   case EP2_OUT:
               #endif
  302   2      #ifdef EN_EP3OUT
                   case EP3_OUT:
               #endif
  305   2      #ifdef EN_EP4OUT
                   case EP4_OUT:
               #endif
  308   2      #ifdef EN_EP5OUT
                   case EP5_OUT:
               #endif
  311   2      #if (defined(EN_EP1OUT) || defined(EN_EP2OUT) || defined(EN_EP3OUT) || defined(EN_EP4OUT) || defined(EN_E
             -P5OUT))
  312   2              OutEpState |= (1 << ep);
  313   2              usb_write_reg(INDEX, ep);
  314   2              usb_write_reg(OUTCSR1, OUTSDSTL);
C251 COMPILER V5.60.0,  usb_req_std                                                        13/06/26  12:52:09  PAGE 6   

  315   2              usb_write_reg(INDEX, 0);
  316   2              break;
  317   2      #endif
  318   2          default:
  319   2              usb_setup_stall();
  320   2              return;
  321   2          }
  322   1      
  323   1          usb_setup_status();
  324   1      }
  325          
  326          void usb_set_address()
  327          {
  328   1          BYTE addr;
  329   1          
  330   1          if ((Setup.bmRequestType != (OUT_DIRECT | STANDARD_REQUEST | DEVICE_RECIPIENT)) ||
  331   1              (Setup.wIndexH != 0) ||
  332   1              (Setup.wIndexL != 0) ||
  333   1              (Setup.wValueH != 0) ||
  334   1              (Setup.wValueL >= 0x80) ||
  335   1              (Setup.wLength != 0))
  336   1          {
  337   2              usb_setup_stall();
  338   2              return;
  339   2          }
  340   1          
  341   1          addr = Setup.wValueL;
  342   1          usb_write_reg(FADDR, addr);
  343   1          if (addr != 0)
  344   1          {
  345   2              DeviceState = DEVSTATE_ADDRESS;
  346   2          }
  347   1          else
  348   1          {
  349   2              DeviceState = DEVSTATE_DEFAULT;
  350   2          }
  351   1      
  352   1          usb_setup_status();
  353   1      }
  354          
  355          void usb_get_descriptor()
  356          {
  357   1          if ((Setup.bmRequestType & DIRECT_MASK) != IN_DIRECT)
  358   1          {
  359   2              usb_setup_stall();
  360   2              return;
  361   2          }
  362   1          
  363   1          switch (Setup.wValueH)
  364   1          {
  365   2          case DESC_DEVICE:
  366   2              Ep0State.pData = DEVICEDESC;
  367   2              Ep0State.wSize = sizeof(DEVICEDESC);
  368   2              break;
  369   2          case DESC_CONFIGURATION:
  370   2              Ep0State.pData = CONFIGDESC;
  371   2              Ep0State.wSize = sizeof(CONFIGDESC);
  372   2              break;
  373   2          case DESC_STRING:
  374   2              switch (Setup.wValueL)
  375   2              {
  376   3              case 0:
  377   3                  Ep0State.pData = LANGIDDESC;
  378   3                  Ep0State.wSize = sizeof(LANGIDDESC);
  379   3                  break;
  380   3              case 1:
C251 COMPILER V5.60.0,  usb_req_std                                                        13/06/26  12:52:09  PAGE 7   

  381   3                  Ep0State.pData = MANUFACTDESC;
  382   3                  Ep0State.wSize = sizeof(MANUFACTDESC);
  383   3                  break;
  384   3              case 2:
  385   3                  Ep0State.pData = PRODUCTDESC;
  386   3                  Ep0State.wSize = sizeof(PRODUCTDESC);
  387   3                  break;
  388   3              default:
  389   3                  usb_setup_stall();
  390   3                  return;
  391   3              }
  392   2              break;
  393   2          default:
  394   2              usb_setup_stall();
  395   2              return;
  396   2          }
  397   1          
  398   1          if (Ep0State.wSize > Setup.wLength)
  399   1          {
  400   2              Ep0State.wSize = Setup.wLength;
  401   2          }
  402   1      
  403   1          usb_setup_in();
  404   1      }
  405          
  406          void usb_set_descriptor()
  407          {
  408   1          usb_setup_stall();
  409   1      }
  410          
  411          void usb_get_configuration()
  412          {
  413   1          if ((Setup.bmRequestType != (IN_DIRECT | STANDARD_REQUEST | DEVICE_RECIPIENT)) ||
  414   1              (Setup.wValueH != 0) ||
  415   1              (Setup.wValueL != 0) ||
  416   1              (Setup.wIndexH != 0) ||
  417   1              (Setup.wIndexL != 0) ||
  418   1              (Setup.wLength != 1))
  419   1          {
  420   2              usb_setup_stall();
  421   2              return;
  422   2          }
  423   1          
  424   1          if (DeviceState == DEVSTATE_CONFIGURED)
  425   1          {
  426   2              Ep0State.pData = PACKET1;
  427   2              Ep0State.wSize = 1;
  428   2          }
  429   1          else
  430   1          {
  431   2              Ep0State.pData = PACKET0;
  432   2              Ep0State.wSize = 1;
  433   2          }
  434   1      
  435   1          usb_setup_in();
  436   1      }
  437          
  438          void usb_set_configuration()
  439          {
  440   1          if ((DeviceState == DEVSTATE_DEFAULT) ||
  441   1              (Setup.bmRequestType != (OUT_DIRECT | STANDARD_REQUEST | DEVICE_RECIPIENT)) ||
  442   1              (Setup.wValueH != 0) ||
  443   1              (Setup.wIndexH != 0) ||
  444   1              (Setup.wIndexL != 0) ||
  445   1              (Setup.wLength != 0))
  446   1          {
C251 COMPILER V5.60.0,  usb_req_std                                                        13/06/26  12:52:09  PAGE 8   

  447   2              usb_setup_stall();
  448   2              return;
  449   2          }
  450   1          
  451   1          if (Setup.wValueL == 1)
  452   1          {
  453   2              DeviceState = DEVSTATE_CONFIGURED;
  454   2              InEpState = 0x00;
  455   2              OutEpState = 0x00;
  456   2      #ifdef EN_EP1IN
  457   2              usb_write_reg(INDEX, 1);
  458   2              usb_write_reg(INCSR2, INMODEIN);
  459   2              usb_write_reg(INMAXP, EP1IN_SIZE / 8);
  460   2      #endif
  461   2      #ifdef EN_EP2IN
  462   2              usb_write_reg(INDEX, 2);
  463   2              usb_write_reg(INCSR2, INMODEIN);
  464   2              usb_write_reg(INMAXP, EP2IN_SIZE / 8);
  465   2      #endif
  466   2      #ifdef EN_EP3IN
                       usb_write_reg(INDEX, 3);
                       usb_write_reg(INCSR2, INMODEIN);
                       usb_write_reg(INMAXP, EP3IN_SIZE / 8);
               #endif
  471   2      #ifdef EN_EP4IN
                       usb_write_reg(INDEX, 4);
                       usb_write_reg(INCSR2, INMODEIN);
                       usb_write_reg(INMAXP, EP4IN_SIZE / 8);
               #endif
  476   2      #ifdef EN_EP5IN
                       usb_write_reg(INDEX, 5);
                       usb_write_reg(INCSR2, INMODEIN);
                       usb_write_reg(INMAXP, EP5IN_SIZE / 8);
               #endif
  481   2      #ifdef EN_EP1OUT
  482   2              usb_write_reg(INDEX, 1);
  483   2              usb_write_reg(INCSR2, INMODEOUT);
  484   2              usb_write_reg(OUTMAXP, EP1OUT_SIZE / 8);
  485   2      #endif
  486   2      #ifdef EN_EP2OUT
                       usb_write_reg(INDEX, 2);
                       usb_write_reg(INCSR2, INMODEOUT);
                       usb_write_reg(OUTMAXP, EP2OUT_SIZE / 8);
               #endif
  491   2      #ifdef EN_EP3OUT
                       usb_write_reg(INDEX, 3);
                       usb_write_reg(INCSR2, INMODEOUT);
                       usb_write_reg(OUTMAXP, EP3OUT_SIZE / 8);
               #endif
  496   2      #ifdef EN_EP4OUT
                       usb_write_reg(INDEX, 4);
                       usb_write_reg(INCSR2, INMODEOUT);
                       usb_write_reg(OUTMAXP, EP4OUT_SIZE / 8);
               #endif
  501   2      #ifdef EN_EP5OUT
                       usb_write_reg(INDEX, 5);
                       usb_write_reg(INCSR2, INMODEOUT);
                       usb_write_reg(OUTMAXP, EP5OUT_SIZE / 8);
               #endif
  506   2              usb_write_reg(INDEX, 0);
  507   2          }
  508   1          else
  509   1          {
  510   2              DeviceState = DEVSTATE_ADDRESS;
  511   2              InEpState = 0xff;
  512   2              OutEpState = 0xff;
C251 COMPILER V5.60.0,  usb_req_std                                                        13/06/26  12:52:09  PAGE 9   

  513   2          }
  514   1      
  515   1          usb_setup_status();
  516   1      }
  517          
  518          void usb_get_interface()
  519          {
  520   1          if ((DeviceState != DEVSTATE_CONFIGURED) ||
  521   1              (Setup.bmRequestType != (IN_DIRECT | STANDARD_REQUEST | INTERFACE_RECIPIENT)) ||
  522   1              (Setup.wValueH != 0) ||
  523   1              (Setup.wIndexH != 0) ||
  524   1              (Setup.wLength != 1))
  525   1          {
  526   2              usb_setup_stall();
  527   2              return;
  528   2          }
  529   1          
  530   1          Ep0State.pData = PACKET0;
  531   1          Ep0State.wSize = 1;
  532   1          
  533   1          usb_setup_in();
  534   1      }
  535          
  536          void usb_set_interface()
  537          {
  538   1          if ((DeviceState != DEVSTATE_CONFIGURED) ||
  539   1              (Setup.bmRequestType != (OUT_DIRECT | STANDARD_REQUEST | INTERFACE_RECIPIENT)) ||
  540   1              (Setup.wValueH != 0) ||
  541   1              (Setup.wIndexH != 0) ||
  542   1              (Setup.wLength != 0))
  543   1          {
  544   2              usb_setup_stall();
  545   2              return;
  546   2          }
  547   1      
  548   1          usb_setup_status();
  549   1      }
  550          
  551          void usb_synch_frame()
  552          {
  553   1          usb_setup_stall();
  554   1      }


Module Information          Static   Overlayable
------------------------------------------------
  code size            =    ------     ------
  ecode size           =      1876     ------
  data size            =    ------     ------
  idata size           =    ------     ------
  pdata size           =    ------     ------
  xdata size           =         4     ------
  xdata-const size     =    ------     ------
  edata size           =    ------     ------
  bit size             =    ------     ------
  ebit size            =    ------     ------
  bitaddressable size  =    ------     ------
  ebitaddressable size =    ------     ------
  far data size        =    ------     ------
  huge data size       =    ------     ------
  const size           =    ------     ------
  hconst size          =    ------     ------
End of Module Information.


C251 COMPILATION COMPLETE.  0 WARNING(S),  0 ERROR(S)
