C251 COMPILER V5.60.0,  util                                                               17/07/26  22:33:44  PAGE 1   


C251 COMPILER V5.60.0, COMPILATION OF MODULE util
OBJECT MODULE PLACED IN .\out_file\util.obj
COMPILER INVOKED BY: D:\keil_v5\C251\BIN\C251.EXE ..\..\libraries\zf_components\stc32g_usb_lib\util.c LARGE ROM(HUGE) WA
                    -RNINGLEVEL(3) OPTIMIZE(0,SIZE) BROWSE INCDIR(..\..\libraries\zf_common;..\..\libraries\zf_components;..\..\libraries\zf_
                    -device;..\..\libraries\zf_driver;..\user;..\code;..\..\libraries\zf_components\stc32g_usb_lib;..\..\libraries\zf_compone
                    -nts\seekfree_assistant) DEBUG PRINT(.\out_file\util.lst) TABS(2) OBJECT(.\out_file\util.obj) 

stmt  level    source

    1          /*---------------------------------------------------------------------*/
    2          /* --- STC MCU Limited ------------------------------------------------*/
    3          /* --- STC 1T Series MCU Demo Programme -------------------------------*/
    4          /* --- Mobile: (86)13922805190 ----------------------------------------*/
    5          /* --- Fax: 86-0513-55012956,55012947,55012969 ------------------------*/
    6          /* --- Tel: 86-0513-55012928,55012929,55012966 ------------------------*/
    7          /* --- Web: www.STCAI.com ---------------------------------------------*/
    8          /* --- BBS: www.STCAIMCU.com  -----------------------------------------*/
    9          /* --- QQ:  800003751 -------------------------------------------------*/
   10          /* 如果要在程序中使用此代码,请在程序中注明使用了STC的资料及程序        */
   11          /*---------------------------------------------------------------------*/
   12          
   13          #include "stc.h"
   14          #include "util.h"
   15          
   16          DWORD reverse4(DWORD d)
   17          {   
   18   1          DWORD ret;
   19   1          
   20   1          ((BYTE *)&ret)[0] = ((BYTE *)&d)[3];
   21   1          ((BYTE *)&ret)[1] = ((BYTE *)&d)[2];
   22   1          ((BYTE *)&ret)[2] = ((BYTE *)&d)[1];
   23   1          ((BYTE *)&ret)[3] = ((BYTE *)&d)[0];
   24   1      
   25   1          return ret;
   26   1      }
   27             
   28          WORD reverse2(WORD w)
   29          {
   30   1          WORD ret;
   31   1          
   32   1          ((BYTE *)&ret)[0] = ((BYTE *)&w)[1];
   33   1          ((BYTE *)&ret)[1] = ((BYTE *)&w)[0];
   34   1      
   35   1          return ret;
   36   1      }


Module Information          Static   Overlayable
------------------------------------------------
  code size            =    ------     ------
  ecode size           =       166     ------
  data size            =    ------     ------
  idata size           =    ------     ------
  pdata size           =    ------     ------
  xdata size           =        12     ------
  xdata-const size     =    ------     ------
  edata size           =    ------     ------
  bit size             =    ------     ------
  ebit size            =    ------     ------
  bitaddressable size  =    ------     ------
  ebitaddressable size =    ------     ------
  far data size        =    ------     ------
  huge data size       =    ------     ------
  const size           =    ------     ------
  hconst size          =    ------     ------
End of Module Information.

C251 COMPILER V5.60.0,  util                                                               17/07/26  22:33:44  PAGE 2   


C251 COMPILATION COMPLETE.  0 WARNING(S),  0 ERROR(S)
