C251 COMPILER V5.60.0,  zf_driver_eeprom                                                   23/07/26  02:13:02  PAGE 1   


C251 COMPILER V5.60.0, COMPILATION OF MODULE zf_driver_eeprom
OBJECT MODULE PLACED IN .\out_file\zf_driver_eeprom.obj
COMPILER INVOKED BY: D:\keil_v5\C251\BIN\C251.EXE ..\..\libraries\zf_driver\zf_driver_eeprom.c LARGE ROM(HUGE) WARNINGLE
                    -VEL(3) OPTIMIZE(0,SIZE) BROWSE INCDIR(..\..\libraries\zf_common;..\..\libraries\zf_components;..\..\libraries\zf_device;
                    -..\..\libraries\zf_driver;..\user;..\code;..\..\libraries\zf_components\stc32g_usb_lib;..\..\libraries\zf_components\see
                    -kfree_assistant) DEBUG PRINT(.\out_file\zf_driver_eeprom.lst) TABS(2) OBJECT(.\out_file\zf_driver_eeprom.obj) 

stmt  level    source

    1          /********************************************************************************************************
             -*************
    2          * STC32G144K Opensourec Library 即（STC32G144K 开源库）是一个基于官方 SDK 接口的第三方开源库
    3          * Copyright (c) 2025 SEEKFREE 逐飞科技
    4          *
    5          * 本文件是STC32G144K开源库的一部分
    6          *
    7          * STC32G144K 开源库 是免费软件
    8          * 您可以根据自由软件基金会发布的 GPL（GNU General Public License，即 GNU通用公共许可证）的条款
    9          * 即 GPL 的第3版（即 GPL3.0）或（您选择的）任何后来的版本，重新发布和/或修改它
   10          *
   11          * 本开源库的发布是希望它能发挥作用，但并未对其作任何的保证
   12          * 甚至没有隐含的适销性或适合特定用途的保证
   13          * 更多细节请参见 GPL
   14          *
   15          * 您应该在收到本开源库的同时收到一份 GPL 的副本
   16          * 如果没有，请参阅<https://www.gnu.org/licenses/>
   17          *
   18          * 额外注明：
   19          * 本开源库使用 GPL3.0 开源许可证协议 以上许可申明为译文版本
   20          * 许可申明英文版在 libraries/doc 文件夹下的 GPL3_permission_statement.txt 文件中
   21          * 许可证副本在 libraries 文件夹下 即该文件夹下的 LICENSE 文件
   22          * 欢迎各位使用并传播本程序 但修改内容时必须保留逐飞科技的版权声明（即本声明）
   23          *
   24          * 文件名称          
   25          * 公司名称          成都逐飞科技有限公司
   26          * 版本信息          查看 libraries/doc 文件夹内 version 文件 版本说明
   27          * 开发环境          MDK FOR C251
   28          * 适用平台          STC32G144K
   29          * 店铺链接          https://seekfree.taobao.com/
   30          *
   31          * 修改记录
   32          * 日期              作者           备注
   33          * 2025-11-20        大W            first version
   34          *********************************************************************************************************
             -***********/
   35          
   36          #include "zf_common_clock.h"
   37          #include "zf_driver_eeprom.h"
   38          #include "zf_driver_delay.h"
   39          
   40          
   41          //-------------------------------------------------------------------------------------------------------
             -------------
   42          // 函数简介     EEPROM触发操作，
   43          // 参数说明     void      
   44          // 返回参数     void
   45          // 备注信息
   46          // 使用示例     内部使用用户无需关心
   47          //-------------------------------------------------------------------------------------------------------
             -------------
   48          void eeprom_trig(void)
   49          {
   50   1      
   51   1          IAP_TRIG = 0x5A;
   52   1          IAP_TRIG = 0xA5;                    //先送5AH，再送A5H到IAP触发寄存器，每次都需要如此
C251 COMPILER V5.60.0,  zf_driver_eeprom                                                   23/07/26  02:13:02  PAGE 2   

   53   1          //送完A5H后，IAP命令立即被触发启动
   54   1          //CPU等待IAP完成后，才会继续执行程序。
   55   1          _nop_();   //由于STC32G144K是多级流水线的指令系统，触发命令后建议加4个NOP，保证IAP_DATA的数据完成准备
   56   1          _nop_();
   57   1          _nop_();
   58   1          _nop_();
   59   1      
   60   1      }
   61          
   62          //-------------------------------------------------------------------------------------------------------
             -------------
   63          // 函数简介     初始化EEPROM，
   64          // 参数说明     void      
   65          // 返回参数     void
   66          // 备注信息
   67          // 使用示例     
   68          //-------------------------------------------------------------------------------------------------------
             -------------
   69          void iap_init(void)
   70          {
   71   1          IAP_CONTR = 0x80;   //使能EEPROM操作
   72   1          iap_set_tps();      //设置擦除等待时间
   73   1      }
   74          
   75          //-------------------------------------------------------------------------------------------------------
             -------------
   76          // 函数简介     关闭EEPROM，
   77          // 参数说明     void      
   78          // 返回参数     void
   79          // 备注信息
   80          // 使用示例     
   81          //-------------------------------------------------------------------------------------------------------
             -------------
   82          void iap_idle(void)
   83          {
   84   1          IAP_CONTR = 0;      //失能EEPROM操作
   85   1      }
   86          
   87          //-------------------------------------------------------------------------------------------------------
             -------------
   88          // 函数简介     获取状态
   89          // 参数说明     void      
   90          // 返回参数     void
   91          // 备注信息
   92          // 使用示例     
   93          //-------------------------------------------------------------------------------------------------------
             -------------
   94          uint8 iap_get_cmd_state(void)
   95          {
   96   1          return ((IAP_CONTR & 0x01) == 0x01);
   97   1      }
   98          
   99          //-------------------------------------------------------------------------------------------------------
             -------------
  100          // 函数简介     设置IAP等待时间，
  101          // 参数说明     void      
  102          // 返回参数     void
  103          // 备注信息
  104          // 使用示例     内部使用用户无需关心
  105          //-------------------------------------------------------------------------------------------------------
             -------------
  106          void iap_set_tps(void)
  107          {
  108   1          uint8 write_time;
  109   1          write_time = (system_clock / 1000000) ;
  110   1          IAP_TPS = write_time + 1;
C251 COMPILER V5.60.0,  zf_driver_eeprom                                                   23/07/26  02:13:02  PAGE 3   

  111   1      }
  112          
  113          //-------------------------------------------------------------------------------------------------------
             -------------
  114          // 函数简介     EEPROM读一个字节，
  115          // 参数说明     addr    需要读的地址
  116          // 返回参数     uint8   读取到的值
  117          // 备注信息
  118          // 使用示例     dat = iap_read_byte(0); // 向0地址读取一个数据到dat
  119          //-------------------------------------------------------------------------------------------------------
             -------------
  120          uint8 iap_read_byte(uint32 addr)
  121          {
  122   1        uint8 temp;
  123   1        bit flag = 0;
  124   1        flag = EA;
  125   1        EA = 0;
  126   1        
  127   1          IAP_CMD = 1;        //设置 IAP 读命令
  128   1      
  129   1        IAP_ADDRL = addr;     //设置 IAP 低地址
  130   1        IAP_ADDRH = addr >> 8;  //设置 IAP 高地址
  131   1        IAP_ADDRE = addr >> 16; //设置 IAP 最高地址
  132   1        eeprom_trig();
  133   1        temp = IAP_DATA;    //读 IAP 数据
  134   1      
  135   1          EA = flag;
  136   1        return temp;
  137   1      }
  138          
  139          
  140          //-------------------------------------------------------------------------------------------------------
             -------------
  141          // 函数简介     EEPROM写一个字节
  142          // 参数说明     addr    需要读的地址
  143          // 返回参数     uint8   读取到的值
  144          // 使用示例     iap_write_byte(0x00, 0x33); // 向0地址写入一个0x33
  145          //-------------------------------------------------------------------------------------------------------
             -------------
  146          void iap_write_byte(uint32 addr, uint8 byte)
  147          {
  148   1        bit flag = 0;
  149   1      
  150   1        flag = EA;
  151   1        EA = 0;
  152   1      
  153   1        IAP_CMD = 2;      // 设置 IAP 写命令
  154   1      
  155   1        IAP_ADDRL = addr;     // 设置 IAP 低地址
  156   1        IAP_ADDRH = addr >> 8;  // 设置 IAP 高地址
  157   1        IAP_ADDRE = addr >> 16; // 设置 IAP 最高地址
  158   1        IAP_DATA = byte;    // 写 IAP 数据
  159   1      
  160   1        eeprom_trig();
  161   1      
  162   1        EA = flag;
  163   1      }
  164            
  165          //-------------------------------------------------------------------------------------------------------
             -------------
  166          // 函数简介     EEPROM读取多个字节，
  167          // 参数说明     addr      需要读取的eeprom地址
  168          // 参数说明     *buf      需要读取的数据地址
  169          // 返回参数     void
  170          // 备注信息
  171          // 使用示例     iap_read_buff(0x00, buff, 10);  // 向0地址读取一个数组，数组长度为10
C251 COMPILER V5.60.0,  zf_driver_eeprom                                                   23/07/26  02:13:02  PAGE 4   

  172          //-------------------------------------------------------------------------------------------------------
             -------------
  173          void iap_read_buff(uint32 addr, uint8 *buf, uint16 len)
  174          {
  175   1          while(len--)
  176   1          {
  177   2              *buf++ = iap_read_byte(addr);     //读 IAP 数据
  178   2              addr++;
  179   2          }
  180   1      }
  181          
  182          //-------------------------------------------------------------------------------------------------------
             -------------
  183          // 函数简介     EEPROM写多个字节，
  184          // 参数说明     addr      需要写的eeprom地址      、
  185          // 参数说明     *buf      需要写的数据地址
  186          // 参数说明     len       需要写的数据长度
  187          // 返回参数     void
  188          // 备注信息
  189          // 使用示例     iap_read_buff(0x00, buff, 10);  // 向0地址写入一个数组，数组长度为10
  190          //-------------------------------------------------------------------------------------------------------
             -------------
  191          void iap_write_buff(uint32 addr, uint8 *buf, uint16 len)
  192          {
  193   1        while(len--)
  194   1          {
  195   2              iap_write_byte(addr, *buf);     //读 IAP 数据
  196   2              addr++;
  197   2          buf++;
  198   2          }
  199   1      }
  200          
  201          //-------------------------------------------------------------------------------------------------------
             -------------
  202          // 函数简介     EEPROM擦除目标地址所在的一页（1扇区/512字节），
  203          // 参数说明     addr      需要写的eeprom地址      
  204          // 返回参数     void
  205          // 备注信息
  206          // 使用示例     iap_erase_page(0); // 擦除0x00到0x100区域
  207          //-------------------------------------------------------------------------------------------------------
             -------------
  208          void iap_erase_page(uint32 addr)
  209          {
  210   1        bit flag = 0;
  211   1      
  212   1        flag = EA;
  213   1        EA = 0;
  214   1          IAP_CMD = 3;        //设置 IAP 擦除命令
  215   1          IAP_ADDRL = addr;       //设置 IAP 低地址
  216   1          IAP_ADDRH = addr >> 8;    //设置 IAP 高地址
  217   1          IAP_ADDRE = addr >> 16;   //设置 IAP 最高地址
  218   1          eeprom_trig();
  219   1          
  220   1          EA = flag;
  221   1          system_delay_ms(10);    //擦除1扇区(512字节)：约4-6ms
  222   1      }
  223          
  224          //-------------------------------------------------------------------------------------------------------
             -------------
  225          // 函数简介     扩展EEPROM写多个字节(无需擦除)，
  226          // 参数说明     addr      需要写的eeprom地址   
  227          // 参数说明     *buf      需要写的数据地址
  228          // 参数说明     len       需要写的数据长度
  229          // 返回参数     void
  230          // 备注信息
  231          // 使用示例             extern_iap_write_bytes(0x0000,(uint8 *)"0123456789",10);
C251 COMPILER V5.60.0,  zf_driver_eeprom                                                   23/07/26  02:13:02  PAGE 5   

  232          //                将"0123456789"写入0x00-0x0A地址中;
  233          // 注意事项           不要跨扇区使用。
  234          //                addr地址：0-511为一个扇区,512-1023为一个扇区，1024-1535为一个扇区，依次类推
  235          //-------------------------------------------------------------------------------------------------------
             -------------
  236          void extern_iap_write_buff(uint16 addr, uint8 *buf, uint16 len)
  237          {
  238   1          uint8 temp[512] = {0};
  239   1          uint16 i;
  240   1          
  241   1          for(i = 0; i < 512 ; i++) temp[i] = 0;            //清0
  242   1          
  243   1          iap_read_buff(addr & 0xFE00, temp, 512);            //读取
  244   1          
  245   1          for(i = 0; i < len; i++)  temp[(addr & 0x1FF) + i] = buf[i];  //改
  246   1          
  247   1          iap_erase_page(addr);                     //擦除
  248   1          iap_write_buff(addr & 0xFE00, temp, 512);         //写入
  249   1      }
  250          
  251          


Module Information          Static   Overlayable
------------------------------------------------
  code size            =    ------     ------
  ecode size           =       874     ------
  data size            =    ------     ------
  idata size           =    ------     ------
  pdata size           =    ------     ------
  xdata size           =       557     ------
  xdata-const size     =    ------     ------
  edata size           =    ------     ------
  bit size             =         3     ------
  ebit size            =    ------     ------
  bitaddressable size  =    ------     ------
  ebitaddressable size =    ------     ------
  far data size        =    ------     ------
  huge data size       =    ------     ------
  const size           =    ------     ------
  hconst size          =       512     ------
End of Module Information.


C251 COMPILATION COMPLETE.  0 WARNING(S),  0 ERROR(S)
