C251 COMPILER V5.60.0,  zf_driver_gpio                                                     23/07/26  03:28:01  PAGE 1   


C251 COMPILER V5.60.0, COMPILATION OF MODULE zf_driver_gpio
OBJECT MODULE PLACED IN .\out_file\zf_driver_gpio.obj
COMPILER INVOKED BY: D:\keil_v5\C251\BIN\C251.EXE ..\..\libraries\zf_driver\zf_driver_gpio.c LARGE ROM(HUGE) WARNINGLEVE
                    -L(3) OPTIMIZE(0,SIZE) BROWSE INCDIR(..\..\libraries\zf_common;..\..\libraries\zf_components;..\..\libraries\zf_device;..
                    -\..\libraries\zf_driver;..\user;..\code;..\..\libraries\zf_components\stc32g_usb_lib;..\..\libraries\zf_components\seekf
                    -ree_assistant) DEBUG PRINT(.\out_file\zf_driver_gpio.lst) TABS(2) OBJECT(.\out_file\zf_driver_gpio.obj) 

stmt  level    source

    1          /********************************************************************************************************
             -*************
    2          * STC32G144K Opensourec Library 即（STC32G144K 开源库）是一个基于官方 SDK 接口的第三方开源库
    3          * Copyright (c) 2025 SEEKFREE 逐飞科技
    4          *
    5          * 本文件是STC32G144K开源库的一部分
    6          *
    7          * STC32G144K 开源库 是免费软件
    8          * 您可以根据自由软件基金会发布的 GPL（GNU General Public License，即 GNU通用公共许可证）的条款
    9          * 即 GPL 的第3版（即 GPL3.0）或（您选择的）任何后来的版本，重新发布和/或修改它
   10          *
   11          * 本开源库的发布是希望它能发挥作用，但并未对其作任何的保证
   12          * 甚至没有隐含的适销性或适合特定用途的保证
   13          * 更多细节请参见 GPL
   14          *
   15          * 您应该在收到本开源库的同时收到一份 GPL 的副本
   16          * 如果没有，请参阅<https://www.gnu.org/licenses/>
   17          *
   18          * 额外注明：
   19          * 本开源库使用 GPL3.0 开源许可证协议 以上许可申明为译文版本
   20          * 许可申明英文版在 libraries/doc 文件夹下的 GPL3_permission_statement.txt 文件中
   21          * 许可证副本在 libraries 文件夹下 即该文件夹下的 LICENSE 文件
   22          * 欢迎各位使用并传播本程序 但修改内容时必须保留逐飞科技的版权声明（即本声明）
   23          *
   24          * 文件名称          
   25          * 公司名称          成都逐飞科技有限公司
   26          * 版本信息          查看 libraries/doc 文件夹内 version 文件 版本说明
   27          * 开发环境          MDK FOR C251
   28          * 适用平台          STC32G144K
   29          * 店铺链接          https://seekfree.taobao.com/
   30          *
   31          * 修改记录
   32          * 日期              作者           备注
   33          * 2025-11-20        大W            first version
   34          * 2024-xx-xx        优化           精简重复逻辑，适配SFR特性
   35          *********************************************************************************************************
             -***********/
   36          
   37          #include "zf_common_debug.h"
   38          #include "zf_driver_gpio.h"
   39          
   40          //-------------------------------------------------------------------------------------------------------
             -------------
   41          // 函数简介     GPIO设置推挽输出
   42          // 参数说明     pin         引脚号选择的引脚
   43          // 返回参数     void
   44          // 使用示例     
   45          //-------------------------------------------------------------------------------------------------------
             -------------
   46          static void gpio_set_push_pull(gpio_pin_enum pin)
   47          {
   48   1          uint8 pin_bit = pin & 0x0F;
   49   1          uint8 port_flag = pin & 0xF0;
   50   1      
   51   1          // 统一高阻输入配置（PnM1置位，PnM0清零）
   52   1          switch(port_flag)
C251 COMPILER V5.60.0,  zf_driver_gpio                                                     23/07/26  03:28:01  PAGE 2   

   53   1          {
   54   2              case IO_P00: P0M1 &= ~(1 << pin_bit); P0M0 |= (1 << pin_bit); break;
   55   2              case IO_P10: P1M1 &= ~(1 << pin_bit); P1M0 |= (1 << pin_bit); break;
   56   2              case IO_P20: P2M1 &= ~(1 << pin_bit); P2M0 |= (1 << pin_bit); break;
   57   2              case IO_P30: P3M1 &= ~(1 << pin_bit); P3M0 |= (1 << pin_bit); break;
   58   2              case IO_P40: P4M1 &= ~(1 << pin_bit); P4M0 |= (1 << pin_bit); break;
   59   2              case IO_P50: P5M1 &= ~(1 << pin_bit); P5M0 |= (1 << pin_bit); break;
   60   2              case IO_P60: P6M1 &= ~(1 << pin_bit); P6M0 |= (1 << pin_bit); break;
   61   2              case IO_P70: P7M1 &= ~(1 << pin_bit); P7M0 |= (1 << pin_bit); break;
   62   2              case IO_P80: P8M1 &= ~(1 << pin_bit); P8M0 |= (1 << pin_bit); break;
   63   2              case IO_P90: P9M1 &= ~(1 << pin_bit); P9M0 |= (1 << pin_bit); break;
   64   2              case IO_PA0: PAM1 &= ~(1 << pin_bit); PAM0 |= (1 << pin_bit); break;
   65   2              case IO_PB0: PBM1 &= ~(1 << pin_bit); PBM0 |= (1 << pin_bit); break;
   66   2              
   67   2              default: break; // 无效引脚
   68   2          }
   69   1      
   70   1      }
   71          
   72          //-------------------------------------------------------------------------------------------------------
             -------------
   73          // 函数简介     GPIO设置开漏
   74          // 参数说明     pin         引脚号选择的引脚
   75          // 返回参数     void
   76          // 使用示例     
   77          //-------------------------------------------------------------------------------------------------------
             -------------
   78          static void gpio_set_open_dtain(gpio_pin_enum pin)
   79          {
   80   1          uint8 pin_bit = pin & 0x0F;
   81   1          uint8 port_flag = pin & 0xF0;
   82   1      
   83   1          // 统一高阻输入配置（PnM1置位，PnM0清零）
   84   1          switch(port_flag)
   85   1          {
   86   2              case IO_P00: P0M1 |= (1 << pin_bit); P0M0 |= (1 << pin_bit); break;
   87   2              case IO_P10: P1M1 |= (1 << pin_bit); P1M0 |= (1 << pin_bit); break;
   88   2              case IO_P20: P2M1 |= (1 << pin_bit); P2M0 |= (1 << pin_bit); break;
   89   2              case IO_P30: P3M1 |= (1 << pin_bit); P3M0 |= (1 << pin_bit); break;
   90   2              case IO_P40: P4M1 |= (1 << pin_bit); P4M0 |= (1 << pin_bit); break;
   91   2              case IO_P50: P5M1 |= (1 << pin_bit); P5M0 |= (1 << pin_bit); break;
   92   2              case IO_P60: P6M1 |= (1 << pin_bit); P6M0 |= (1 << pin_bit); break;
   93   2              case IO_P70: P7M1 |= (1 << pin_bit); P7M0 |= (1 << pin_bit); break;
   94   2              case IO_P80: P8M1 |= (1 << pin_bit); P8M0 |= (1 << pin_bit); break;
   95   2              case IO_P90: P9M1 |= (1 << pin_bit); P9M0 |= (1 << pin_bit); break;
   96   2              case IO_PA0: PAM1 |= (1 << pin_bit); PAM0 |= (1 << pin_bit); break;
   97   2              case IO_PB0: PBM1 |= (1 << pin_bit); PBM0 |= (1 << pin_bit); break;
   98   2              
   99   2              default: break; // 无效引脚
  100   2          }
  101   1      
  102   1      }
  103          
  104          //-------------------------------------------------------------------------------------------------------
             -------------
  105          // 函数简介     GPIO设置高阻输入
  106          // 参数说明     pin         引脚号选择的引脚
  107          // 返回参数     void
  108          // 使用示例     
  109          //-------------------------------------------------------------------------------------------------------
             -------------
  110          void gpio_set_impedance(gpio_pin_enum pin)
  111          {
  112   1          uint8 pin_bit = pin & 0x0F;
  113   1          uint8 port_flag = pin & 0xF0;
  114   1      
C251 COMPILER V5.60.0,  zf_driver_gpio                                                     23/07/26  03:28:01  PAGE 3   

  115   1          // 统一高阻输入配置（PnM1置位，PnM0清零）
  116   1          switch(port_flag)
  117   1          {
  118   2              case IO_P00: P0M1 |= (1 << pin_bit); P0M0 &= ~(1 << pin_bit); break;
  119   2              case IO_P10: P1M1 |= (1 << pin_bit); P1M0 &= ~(1 << pin_bit); break;
  120   2              case IO_P20: P2M1 |= (1 << pin_bit); P2M0 &= ~(1 << pin_bit); break;
  121   2              case IO_P30: P3M1 |= (1 << pin_bit); P3M0 &= ~(1 << pin_bit); break;
  122   2              case IO_P40: P4M1 |= (1 << pin_bit); P4M0 &= ~(1 << pin_bit); break;
  123   2              case IO_P50: P5M1 |= (1 << pin_bit); P5M0 &= ~(1 << pin_bit); break;
  124   2              case IO_P60: P6M1 |= (1 << pin_bit); P6M0 &= ~(1 << pin_bit); break;
  125   2              case IO_P70: P7M1 |= (1 << pin_bit); P7M0 &= ~(1 << pin_bit); break;
  126   2              case IO_P80: P8M1 |= (1 << pin_bit); P8M0 &= ~(1 << pin_bit); break;
  127   2              case IO_P90: P9M1 |= (1 << pin_bit); P9M0 &= ~(1 << pin_bit); break;
  128   2              case IO_PA0: PAM1 |= (1 << pin_bit); PAM0 &= ~(1 << pin_bit); break;
  129   2              case IO_PB0: PBM1 |= (1 << pin_bit); PBM0 &= ~(1 << pin_bit); break;
  130   2              
  131   2              default: break; // 无效引脚
  132   2          }
  133   1      }
  134          
  135          // 设置上拉电阻
  136          static void gpio_set_up(gpio_pin_enum pin)
  137          {
  138   1          // P0PU 0x7efe10
  139   1          // P8PU 0x7ef9c0
  140   1          if(pin < IO_P80)
  141   1          {
  142   2              (*(unsigned char volatile far *)(0x7efe10 + ((pin >> 4) - 1))) |= (1 << (pin & 0x0F));
  143   2          }
  144   1          else
  145   1          {
  146   2              (*(unsigned char volatile far *)(0x7ef9c0 + ((pin >> 4) - 9))) |= (1 << (pin & 0x0F));
  147   2          }
  148   1      }
  149          
  150          // 设置下拉电阻
  151          static void gpio_set_pd(gpio_pin_enum pin)
  152          {
  153   1          // P0PD 0x7efe40
  154   1          // P8PD 0x7ef9f0
  155   1          if(pin < IO_P80)
  156   1          {
  157   2              (*(unsigned char volatile far *)(0x7efe40 + ((pin >> 4) - 1))) |= (1 << (pin & 0x0F));
  158   2          }
  159   1          else
  160   1          {
  161   2              (*(unsigned char volatile far *)(0x7ef9f0 + ((pin >> 4) - 9))) |= (1 << (pin & 0x0F));
  162   2          }
  163   1      }
  164          
  165          //  端口驱动电流控制寄存器
  166          static void gpio_set_dr(gpio_pin_enum pin, gpio_drive_capability_enum mode)
  167          {
  168   1          switch(mode)
  169   1          {
  170   2              case GPIO_DRIVE_ENHANCE: 
  171   2              {
  172   3                  if(pin < IO_P80)
  173   3                  {
  174   4                      (*(unsigned char volatile far *)(0x7efe28 + ((pin >> 4) - 1))) &= ~(1 << (pin & 0x0F));
  175   4                  }
  176   3                  else
  177   3                  {
  178   4                      (*(unsigned char volatile far *)(0x7ef9d8 + ((pin >> 4) - 9))) &= ~(1 << (pin & 0x0F));
  179   4                  }
  180   3                  break;
C251 COMPILER V5.60.0,  zf_driver_gpio                                                     23/07/26  03:28:01  PAGE 4   

  181   3              }
  182   2              
  183   2              case GPIO_DRIVE_NORMOL: 
  184   2              {
  185   3                  if(pin < IO_P80)
  186   3                  {
  187   4                      (*(unsigned char volatile far *)(0x7efe28 + ((pin >> 4) - 1))) |= (1 << (pin & 0x0F));
  188   4                  }
  189   3                  else
  190   3                  {
  191   4                      (*(unsigned char volatile far *)(0x7ef9d8 + ((pin >> 4) - 9))) |= (1 << (pin & 0x0F));
  192   4                  }
  193   3                  break;
  194   3              }
  195   2              
  196   2              default:
  197   2              {
  198   3                  zf_assert(0);   // 参数不匹配
  199   3                  break;          // 无效引脚
  200   3              }
  201   2          }
  202   1      }
  203          
  204          //  端口驱动电流控制寄存器
  205          static void gpio_set_ie(gpio_pin_enum pin, gpio_port_digital_signal_input_enum mode)
  206          {
  207   1          // 0：禁止数字信号输入。
  208   1          // 若I/O被当作比较器输入口、ADC输入口或者触摸按键输入口等模拟口时，
  209   1          // 进入主时钟停振/省电模式前，必须设置为0，否则会有额外的耗电。
  210   1          
  211   1          // 1：使能数字信号输入。若IO被当作数字口时，必须设置为1，否MCU无法读取外部端口的电平。
  212   1      
  213   1          switch(mode)
  214   1          {
  215   2              case GPIO_DIGITAL_IN_DISABLE: 
  216   2              {
  217   3                  if(pin < IO_P80)
  218   3                  {
  219   4                      (*(unsigned char volatile far *)(0x7efe30 + ((pin >> 4) - 1))) &= ~(1 << (pin & 0x0F));
  220   4                  }
  221   3                  else
  222   3                  {
  223   4                      (*(unsigned char volatile far *)(0x7ef9e0 + ((pin >> 4) - 9))) &= ~(1 << (pin & 0x0F));
  224   4                  }
  225   3                  break;
  226   3              }
  227   2              
  228   2              case GPIO_DIGITAL_IN_ENABLE: 
  229   2              {
  230   3                  if(pin < IO_P80)
  231   3                  {
  232   4                      (*(unsigned char volatile far *)(0x7efe30 + ((pin >> 4) - 1))) |= (1 << (pin & 0x0F));
  233   4                  }
  234   3                  else
  235   3                  {
  236   4                      (*(unsigned char volatile far *)(0x7ef9e0 + ((pin >> 4) - 9))) |= (1 << (pin & 0x0F));
  237   4                  }
  238   3                  break;
  239   3              }
  240   2              
  241   2              default:
  242   2              {
  243   3                  zf_assert(0);   // 参数不匹配
  244   3                  break;          // 无效引脚
  245   3              }
  246   2          }
C251 COMPILER V5.60.0,  zf_driver_gpio                                                     23/07/26  03:28:01  PAGE 5   

  247   1      }
  248          
  249          // 内部使用，用户无需关心。
  250          void gpio_set_level_speed(gpio_pin_enum pin, gpio_speed_enum speed)
  251          {
  252   1          // P0SR 0x7efe20
  253   1          // P8SR 0x7ef9d0
  254   1          if(pin < IO_P00)
  255   1          {
  256   2              zf_assert(0); // 无效引脚
  257   2          }
  258   1          
  259   1          // 0:电平转换速度快，相应的上下冲会比较大
  260   1          // 1:电平转换速度慢，相应的上下冲会比较小
  261   1          if(GPIO_SPEED_FAST == speed)
  262   1          {
  263   2              if(pin < IO_P80)
  264   2              {
  265   3                  (*(unsigned char volatile far *)(0x7efe20 + ((pin >> 4) - 1))) &= ~(1 << (pin & 0x0F));
  266   3              }
  267   2              else
  268   2              {
  269   3                  (*(unsigned char volatile far *)(0x7ef9d0 + ((pin >> 4) - 9))) &= ~(1 << (pin & 0x0F));
  270   3              }
  271   2          }
  272   1          else
  273   1          {
  274   2              if(pin < IO_P80)
  275   2              {
  276   3                  (*(unsigned char volatile far *)(0x7efe20 + ((pin >> 4) - 1))) |= (1 << (pin & 0x0F));
  277   3              }
  278   2              else
  279   2              {
  280   3                  (*(unsigned char volatile far *)(0x7ef9d0 + ((pin >> 4) - 9))) |= (1 << (pin & 0x0F));
  281   3              }
  282   2          }
  283   1      }
  284          
  285          
  286          
  287          //-------------------------------------------------------------------------------------------------------
             -------------
  288          // 函数简介     GPIO状态获取
  289          // 参数说明     pin         选择的引脚 (可选择范围由 zf_driver_gpio.h 内gpio_pin_enum枚举值确定)
  290          // 返回参数     uint8       0：低电平 1：高电平
  291          // 使用示例     uint8 status = gpio_get_level(IO_P00);//获取P00引脚电平
  292          //-------------------------------------------------------------------------------------------------------
             -------------
  293          uint8 gpio_get_level(gpio_pin_enum pin)
  294          {
  295   1          uint8 pin_bit = pin & 0x0F;
  296   1          uint8 port_flag = pin & 0xF0;
  297   1          uint8 status = 0;
  298   1      
  299   1          // 根据端口标志读取对应Pn寄存器
  300   1          switch(port_flag)
  301   1          {
  302   2              case IO_P00: status = P0 & (1 << pin_bit); break;
  303   2              case IO_P10: status = P1 & (1 << pin_bit); break;
  304   2              case IO_P20: status = P2 & (1 << pin_bit); break;
  305   2              case IO_P30: status = P3 & (1 << pin_bit); break;
  306   2              case IO_P40: status = P4 & (1 << pin_bit); break;
  307   2              case IO_P50: status = P5 & (1 << pin_bit); break;
  308   2              case IO_P60: status = P6 & (1 << pin_bit); break;
  309   2              case IO_P70: status = P7 & (1 << pin_bit); break;
  310   2              
C251 COMPILER V5.60.0,  zf_driver_gpio                                                     23/07/26  03:28:01  PAGE 6   

  311   2              case IO_P80: status = P8IN & (1 << pin_bit); break;
  312   2              case IO_P90: status = P9IN & (1 << pin_bit); break;
  313   2              case IO_PA0: status = PAIN & (1 << pin_bit); break;
  314   2              case IO_PB0: status = PBIN & (1 << pin_bit); break;
  315   2      
  316   2              default: break; // 无效引脚
  317   2          }
  318   1          
  319   1          return status ? 1 : 0; // 转换为0/1返回
  320   1      }
  321          
  322          //-------------------------------------------------------------------------------------------------------
             -------------
  323          // 函数简介     GPIO输出设置
  324          // 参数说明     pin         引脚号选择的引脚 (可选择范围由 common.h 内GPIO_PIN_enum枚举值确定)
  325          // 参数说明     dat         引脚的电平状态，输出时有效 0：低电平 1：高电平
  326          // 返回参数     void
  327          // 使用示例     gpio_set_level(D0, 0);//D0输出低电平
  328          //-------------------------------------------------------------------------------------------------------
             -------------
  329          void gpio_set_level(gpio_pin_enum pin, uint8 dat)
  330          {
  331   1          uint8 pin_bit = pin & 0x0F;
  332   1          uint8 port_flag = pin & 0xF0;
  333   1      
  334   1          // 三元运算符精简置位/清零逻辑
  335   1          switch(port_flag)
  336   1          {
  337   2              case IO_P00: dat ? (P0 |= (1 << pin_bit)) : (P0 &= ~(1 << pin_bit)); break;
  338   2              case IO_P10: dat ? (P1 |= (1 << pin_bit)) : (P1 &= ~(1 << pin_bit)); break;
  339   2              case IO_P20: dat ? (P2 |= (1 << pin_bit)) : (P2 &= ~(1 << pin_bit)); break;
  340   2              case IO_P30: dat ? (P3 |= (1 << pin_bit)) : (P3 &= ~(1 << pin_bit)); break;
  341   2              case IO_P40: dat ? (P4 |= (1 << pin_bit)) : (P4 &= ~(1 << pin_bit)); break;
  342   2              case IO_P50: dat ? (P5 |= (1 << pin_bit)) : (P5 &= ~(1 << pin_bit)); break;
  343   2              case IO_P60: dat ? (P6 |= (1 << pin_bit)) : (P6 &= ~(1 << pin_bit)); break;
  344   2              case IO_P70: dat ? (P7 |= (1 << pin_bit)) : (P7 &= ~(1 << pin_bit)); break;
  345   2              
  346   2              case IO_P80: dat ? (P8OUT |= (1 << pin_bit)) : (P8OUT &= ~(1 << pin_bit)); break;
  347   2              case IO_P90: dat ? (P9OUT |= (1 << pin_bit)) : (P9OUT &= ~(1 << pin_bit)); break;
  348   2              case IO_PA0: dat ? (PAOUT |= (1 << pin_bit)) : (PAOUT &= ~(1 << pin_bit)); break;
  349   2              case IO_PB0: dat ? (PBOUT |= (1 << pin_bit)) : (PBOUT &= ~(1 << pin_bit)); break;
  350   2              
  351   2              default: break; // 无效引脚
  352   2          }
  353   1      }
  354          
  355          //-------------------------------------------------------------------------------------------------------
             -------------
  356          // 函数简介     GPIO电平翻转
  357          // 参数说明     pin         引脚号选择的引脚
  358          // 返回参数     void
  359          // 使用示例     gpio_toggle_level(D0);//翻转D0电平
  360          //-------------------------------------------------------------------------------------------------------
             -------------
  361          void gpio_toggle_level(gpio_pin_enum pin)
  362          {
  363   1          // 直接调用现有函数，逻辑清晰
  364   1          gpio_set_level(pin, !gpio_get_level(pin));
  365   1      }
  366          
  367          
  368          //-------------------------------------------------------------------------------------------------------
             -------------
  369          // 函数简介     GPIO初始化
  370          // 参数说明     pin         选择的引脚
  371          // 参数说明     dir         引脚的方向   输出：GPO   输入：GPI
C251 COMPILER V5.60.0,  zf_driver_gpio                                                     23/07/26  03:28:01  PAGE 7   

  372          // 参数说明     dat         引脚初始化时设置的电平状态，输出时有效
  373          // 参数说明     mode        引脚模式（上下拉/开漏等）
  374          // 返回参数     void
  375          // 使用示例     gpio_init(D0, GPO, 1, GPO_PUSH_PULL);//D0初始化为输出、高电平、推挽模式
  376          //-------------------------------------------------------------------------------------------------------
             -------------
  377          void gpio_init(gpio_pin_enum pin, gpio_dir_enum dir, const uint8 dat, gpio_mode_enum mode)
  378          {
  379   1        zf_assert(dir == ((uint8)mode >> 4));
  380   1      
  381   1          if(dir == GPI)
  382   1        {
  383   2          if(mode == GPI_IMPEDANCE)
  384   2          {
  385   3                  gpio_set_impedance(pin);
  386   3                  gpio_set_ie(pin, GPIO_DIGITAL_IN_ENABLE);
  387   3          }
  388   2          else if(mode == GPI_PULL_UP)
  389   2          {
  390   3                  gpio_set_impedance(pin);
  391   3            gpio_set_up(pin); 
  392   3                  gpio_set_ie(pin, GPIO_DIGITAL_IN_ENABLE);
  393   3      //            gpio_set_level_speed(pin, GPIO_SPEED_FAST);
  394   3          }
  395   2              else if(mode == GPI_ANALOG)
  396   2              {
  397   3                  gpio_set_impedance(pin);
  398   3                  gpio_set_ie(pin, GPIO_DIGITAL_IN_DISABLE);
  399   3              }
  400   2              else if(mode == GPI_PULL_DOWN)
  401   2              {
  402   3                  gpio_set_impedance(pin);
  403   3                  gpio_set_pd(pin);
  404   3              }
  405   2        }
  406   1        else if(dir == GPO)
  407   1        {
  408   2          if(mode == GPO_PUSH_PULL)
  409   2          {
  410   3                  gpio_set_push_pull(pin);
  411   3                  gpio_set_dr(pin, GPIO_DRIVE_ENHANCE);
  412   3          }
  413   2          else if(mode == GPO_OPEN_DTAIN)
  414   2          {
  415   3            gpio_set_open_dtain(pin);
  416   3          }
  417   2              gpio_set_level(pin, dat);
  418   2        }
  419   1      
  420   1      }


Module Information          Static   Overlayable
------------------------------------------------
  code size            =    ------     ------
  ecode size           =      5295     ------
  data size            =    ------     ------
  idata size           =    ------     ------
  pdata size           =    ------     ------
  xdata size           =        47     ------
  xdata-const size     =    ------     ------
  edata size           =    ------     ------
  bit size             =    ------     ------
  ebit size            =    ------     ------
  bitaddressable size  =    ------     ------
  ebitaddressable size =    ------     ------
  far data size        =    ------     ------
C251 COMPILER V5.60.0,  zf_driver_gpio                                                     23/07/26  03:28:01  PAGE 8   

  huge data size       =    ------     ------
  const size           =    ------     ------
  hconst size          =        43     ------
End of Module Information.


C251 COMPILATION COMPLETE.  0 WARNING(S),  0 ERROR(S)
