C251 COMPILER V5.60.0,  zf_driver_uart                                                     14/07/26  10:25:58  PAGE 1   


C251 COMPILER V5.60.0, COMPILATION OF MODULE zf_driver_uart
OBJECT MODULE PLACED IN .\out_file\zf_driver_uart.obj
COMPILER INVOKED BY: D:\keil_v5\C251\BIN\C251.EXE ..\..\libraries\zf_driver\zf_driver_uart.c LARGE ROM(HUGE) WARNINGLEVE
                    -L(3) OPTIMIZE(0,SIZE) BROWSE INCDIR(..\..\libraries\zf_common;..\..\libraries\zf_components;..\..\libraries\zf_device;..
                    -\..\libraries\zf_driver;..\user;..\code;..\..\libraries\zf_components\stc32g_usb_lib;..\..\libraries\zf_components\seekf
                    -ree_assistant) DEBUG PRINT(.\out_file\zf_driver_uart.lst) TABS(2) OBJECT(.\out_file\zf_driver_uart.obj) 

stmt  level    source

    1          /********************************************************************************************************
             -*************
    2          * STC32G144K Opensourec Library 即（STC32G144K 开源库）是一个基于官方 SDK 接口的第三方开源库
    3          * Copyright (c) 2025 SEEKFREE 逐飞科技
    4          *
    5          * 本文件是STC32G144K开源库的一部分
    6          *
    7          * STC32G144K 开源库 是免费软件
    8          * 您可以根据自由软件基金会发布的 GPL（GNU General Public License，即 GNU通用公共许可证）的条款
    9          * 即 GPL 的第3版（即 GPL3.0）或（您选择的）任何后来的版本，重新发布和/或修改它
   10          *
   11          * 本开源库的发布是希望它能发挥作用，但并未对其作任何的保证
   12          * 甚至没有隐含的适销性或适合特定用途的保证
   13          * 更多细节请参见 GPL
   14          *
   15          * 您应该在收到本开源库的同时收到一份 GPL 的副本
   16          * 如果没有，请参阅<https://www.gnu.org/licenses/>
   17          *
   18          * 额外注明：
   19          * 本开源库使用 GPL3.0 开源许可证协议 以上许可申明为译文版本
   20          * 许可申明英文版在 libraries/doc 文件夹下的 GPL3_permission_statement.txt 文件中
   21          * 许可证副本在 libraries 文件夹下 即该文件夹下的 LICENSE 文件
   22          * 欢迎各位使用并传播本程序 但修改内容时必须保留逐飞科技的版权声明（即本声明）
   23          *
   24          * 文件名称          
   25          * 公司名称          成都逐飞科技有限公司
   26          * 版本信息          查看 libraries/doc 文件夹内 version 文件 版本说明
   27          * 开发环境          MDK FOR C251
   28          * 适用平台          STC32G144K
   29          * 店铺链接          https://seekfree.taobao.com/
   30          *
   31          * 修改记录
   32          * 日期              作者           备注
   33          * 2025-11-20        大W            first version
   34          *********************************************************************************************************
             -***********/
   35          
   36          #include "stdlib.h"
   37          #include "zf_common_clock.h"
   38          #include "zf_common_debug.h"
   39          
   40          #include "zf_driver_uart.h"
   41          #include "zf_driver_gpio.h"
   42          
   43          
   44          #pragma warning disable = 177
   45          #pragma warning disable = 183
   46          
   47          
   48          uart_callback_function uart_rx_handlers[8] = {0};
   49          
   50          
   51          uint8 xdata uart_rx_buff[UART_RESERVE][1] = {0};
   52          
   53          
   54          // UR1~UR8 通用寄存器宏定义（自动区分范围）
C251 COMPILER V5.60.0,  zf_driver_uart                                                     14/07/26  10:25:58  PAGE 2   

   55          #define DMA_URXT_CFG(uart_n)  \
   56              (*(unsigned char volatile far *)( \
   57                  (uart_n >= UART_1 && uart_n <= UART_4) ? (0x7efa30 + (uart_n)*0x10) : (0x7ef750 + (uart_n - UART_
             -5)*0x30) \
   58              ))
   59          
   60          #define DMA_URXT_CR(uart_n)   \
   61              (*(unsigned char volatile far *)( \
   62                  (uart_n >= UART_1 && uart_n <= UART_4) ? (0x7efa31 + (uart_n)*0x10) : (0x7ef751 + (uart_n - UART_
             -5)*0x30) \
   63              ))
   64          
   65          #define DMA_URXT_STA(uart_n)  \
   66              (*(unsigned char volatile far *)( \
   67                  (uart_n >= UART_1 && uart_n <= UART_4) ? (0x7efa32 + (uart_n)*0x10) : (0x7ef752 + (uart_n - UART_
             -5)*0x30) \
   68              ))
   69          
   70          // UR1~UR4 的 AMT 是独立偏移，UR5~UR8 的 AMT 偏移不同（需匹配硬件）
   71          #define DMA_URXT_AMT(uart_n)  \
   72              (*(unsigned char volatile far *)( \
   73                  (uart_n >= UART_1 && uart_n <= UART_4) ? (0x7efa33 + (uart_n)*0x10) : (0x7ef755 + (uart_n - UART_
             -5)*0x30) \
   74              ))
   75          
   76          #define DMA_URXT_DONE(uart_n) \
   77              (*(unsigned char volatile far *)( \
   78                  (uart_n >= UART_1 && uart_n <= UART_4) ? (0x7efa34 + (uart_n)*0x10) : (0x7ef757 + (uart_n - UART_
             -5)*0x30) \
   79              ))
   80          
   81          #define DMA_URXT_TXAH(uart_n) \
   82              (*(unsigned char volatile far *)( \
   83                  (uart_n >= UART_1 && uart_n <= UART_4) ? (0x7efa35 + (uart_n)*0x10) : (0x7ef758 + (uart_n - UART_
             -5)*0x30) \
   84              ))
   85          
   86          #define DMA_URXT_TXAL(uart_n) \
   87              (*(unsigned char volatile far *)( \
   88                  (uart_n >= UART_1 && uart_n <= UART_4) ? (0x7efa36 + (uart_n)*0x10) : (0x7ef759 + (uart_n - UART_
             -5)*0x30) \
   89              ))
   90          
   91          // 接收通道寄存器
   92          #define DMA_URXR_CFG(uart_n)  \
   93              (*(unsigned char volatile far *)( \
   94                  (uart_n >= UART_1 && uart_n <= UART_4) ? (0x7efa38 + (uart_n)*0x10) : (0x7ef760 + (uart_n - UART_
             -5)*0x30) \
   95              ))
   96          
   97          #define DMA_URXR_CR(uart_n)   \
   98              (*(unsigned char volatile far *)( \
   99                  (uart_n >= UART_1 && uart_n <= UART_4) ? (0x7efa39 + (uart_n)*0x10) : (0x7ef761 + (uart_n - UART_
             -5)*0x30) \
  100              ))
  101          
  102          #define DMA_URXR_STA(uart_n)  \
  103              (*(unsigned char volatile far *)( \
  104                  (uart_n >= UART_1 && uart_n <= UART_4) ? (0x7efa3a + (uart_n)*0x10) : (0x7ef762 + (uart_n - UART_
             -5)*0x30) \
  105              ))
  106          
  107          #define DMA_URXR_AMT(uart_n)  \
  108              (*(unsigned char volatile far *)( \
  109                  (uart_n >= UART_1 && uart_n <= UART_4) ? (0x7efa3b + (uart_n)*0x10) : (0x7ef765 + (uart_n - UART_
             -5)*0x30) \
C251 COMPILER V5.60.0,  zf_driver_uart                                                     14/07/26  10:25:58  PAGE 3   

  110              ))
  111          
  112          #define DMA_URXR_DONE(uart_n) \
  113              (*(unsigned char volatile far *)( \
  114                  (uart_n >= UART_1 && uart_n <= UART_4) ? (0x7efa3c + (uart_n)*0x10) : (0x7ef767 + (uart_n - UART_
             -5)*0x30) \
  115              ))
  116          
  117          #define DMA_URXR_RXAH(uart_n) \
  118              (*(unsigned char volatile far *)( \
  119                  (uart_n >= UART_1 && uart_n <= UART_4) ? (0x7efa3d + (uart_n)*0x10) : (0x7ef768 + (uart_n - UART_
             -5)*0x30) \
  120              ))
  121          
  122          #define DMA_URXR_RXAL(uart_n) \
  123              (*(unsigned char volatile far *)( \
  124                  (uart_n >= UART_1 && uart_n <= UART_4) ? (0x7efa3e + (uart_n)*0x10) : (0x7ef769 + (uart_n - UART_
             -5)*0x30) \
  125              ))
  126          
  127          // 高位寄存器（UR1~4 分离，UR5~8 与基础寄存器连续）
  128          #define DMA_URXT_AMTH(uart_n)  \
  129              (*(unsigned char volatile far *)( \
  130                  (uart_n >= UART_1 && uart_n <= UART_4) ? (0x7efa88 + (uart_n)*0x04) : (0x7ef754 + (uart_n - UART_
             -5)*0x30) \
  131              ))
  132          
  133          #define DMA_URXT_DONEH(uart_n) \
  134              (*(unsigned char volatile far *)( \
  135                  (uart_n >= UART_1 && uart_n <= UART_4) ? (0x7efa89 + (uart_n)*0x04) : (0x7ef756 + (uart_n - UART_
             -5)*0x30) \
  136              ))
  137          
  138          #define DMA_URXR_AMTH(uart_n)  \
  139              (*(unsigned char volatile far *)( \
  140                  (uart_n >= UART_1 && uart_n <= UART_4) ? (0x7efa8a + (uart_n)*0x04) : (0x7ef764 + (uart_n - UART_
             -5)*0x30) \
  141              ))
  142          
  143          #define DMA_URXR_DONEH(uart_n) \
  144              (*(unsigned char volatile far *)( \
  145                  (uart_n >= UART_1 && uart_n <= UART_4) ? (0x7efa8b + (uart_n)*0x04) : (0x7ef766 + (uart_n - UART_
             -5)*0x30) \
  146              ))
  147          
  148          // 中断向量寄存器（UR1~4 和 UR5~8 地址规律不同）
  149          #define DMA_URX_ITVH(uart_n)  \
  150              (*(unsigned char volatile far *)( \
  151                  (uart_n >= UART_1 && uart_n <= UART_4) ? (0x7efac8 + (uart_n)*0x02) : (0x7ef75e + (uart_n - UART_
             -5)*0x30) \
  152              ))
  153          
  154          #define DMA_URX_ITVL(uart_n)  \
  155              (*(unsigned char volatile far *)( \
  156                  (uart_n >= UART_1 && uart_n <= UART_4) ? (0x7efac9 + (uart_n)*0x02) : (0x7ef75f + (uart_n - UART_
             -5)*0x30) \
  157              ))
  158          
  159              
  160          
  161          //#define DMA_URXT_CFG(uart_n)    (*(unsigned char volatile far *)(0x7efa30 + uart_n*0x10))
  162          //#define DMA_URXT_CR(uart_n)       (*(unsigned char volatile far *)(0x7efa31 + uart_n*0x10))
  163          //#define DMA_URXT_STA(uart_n)      (*(unsigned char volatile far *)(0x7efa32 + uart_n*0x10))
  164          //#define DMA_URXT_AMT(uart_n)      (*(unsigned char volatile far *)(0x7efa33 + uart_n*0x10))
  165          //#define DMA_URXT_DONE(uart_n)     (*(unsigned char volatile far *)(0x7efa34 + uart_n*0x10))
  166          //#define DMA_URXT_TXAH(uart_n)     (*(unsigned char volatile far *)(0x7efa35 + uart_n*0x10))
C251 COMPILER V5.60.0,  zf_driver_uart                                                     14/07/26  10:25:58  PAGE 4   

  167          //#define DMA_URXT_TXAL(uart_n)     (*(unsigned char volatile far *)(0x7efa36 + uart_n*0x10))
  168              
  169          //#define DMA_URXR_CFG(uart_n)      (*(unsigned char volatile far *)(0x7efa38 + uart_n*0x10))
  170          //#define DMA_URXR_CR(uart_n)       (*(unsigned char volatile far *)(0x7efa39 + uart_n*0x10))
  171          //#define DMA_URXR_STA(uart_n)      (*(unsigned char volatile far *)(0x7efa3a + uart_n*0x10))
  172          //#define DMA_URXR_AMT(uart_n)      (*(unsigned char volatile far *)(0x7efa3b + uart_n*0x10))
  173          //#define DMA_URXR_DONE(uart_n)     (*(unsigned char volatile far *)(0x7efa3c + uart_n*0x10))
  174          //#define DMA_URXR_RXAH(uart_n)     (*(unsigned char volatile far *)(0x7efa3d + uart_n*0x10))
  175          //#define DMA_URXR_RXAL(uart_n)     (*(unsigned char volatile far *)(0x7efa3e + uart_n*0x10))
  176          
  177          //#define DMA_URXT_AMTH(uart_n)     (*(unsigned char volatile far *)(0x7efa88 + uart_n*0x04))
  178          //#define DMA_URXT_DONEH(uart_n)    (*(unsigned char volatile far *)(0x7efa89 + uart_n*0x04))
  179          //#define DMA_URXR_AMTH(uart_n)     (*(unsigned char volatile far *)(0x7efa8a + uart_n*0x04))
  180          //#define DMA_URXR_DONEH(uart_n)    (*(unsigned char volatile far *)(0x7efa8b + uart_n*0x04))
  181          
  182          //-------------------------------------------------------------------------------------------------------
             -------------
  183          // 函数简介     串口发送数组
  184          // 参数说明     uart_n       串口通道
  185          // 参数说明     buff        要发送的数组地址
  186          // 参数说明     len         数据长度
  187          // 返回参数     void
  188          // 使用示例     uart_write_buffer(UART_1, buff, 10);     //串口1发送10个buff数组。
  189          //-------------------------------------------------------------------------------------------------------
             -------------
  190          void uart_write_buffer(uart_index_enum uart_n, const uint8 *buff, uint16 len)
  191          {
  192   1          #define BUFF_LEN 64
  193   1        
  194   1        // 因UART_DMA只能操作xdata区域的数据，所以，这里新建一个数组，搬移。
  195   1        uint8 xdata tmp_buff[BUFF_LEN] = {0};
  196   1          uint16 tmp_len = 0;
  197   1        while(len)
  198   1        {
  199   2              tmp_len = (len > BUFF_LEN) ? BUFF_LEN : len;        // 计算长度
  200   2              memcpy(tmp_buff, buff, tmp_len);                    // 拷贝
  201   2              len -= tmp_len;                                     // 去掉已经发送的长度
  202   2              buff += tmp_len;                                    // 指针指向后面
  203   2              
  204   2              DMA_URXT_CFG(uart_n)  = 0x00;                     // DMA优先级低
  205   2              DMA_URXT_STA(uart_n)  = 0;                    // 清空标志位
  206   2      
  207   2              DMA_URXT_AMT(uart_n)  = (tmp_len - 1) & 0xff;   // 设置传输总字节数(低8位)：n+1
  208   2              DMA_URXT_AMTH(uart_n) = (tmp_len - 1) >> 8;       // 设置传输总字节数(高8位)：n+1
  209   2              DMA_URXT_TXAH(uart_n) = (uint8)((uint16)tmp_buff >> 8);
  210   2              DMA_URXT_TXAL(uart_n) = (uint8)((uint16)tmp_buff);
  211   2              DMA_URXT_CR(uart_n) = 0xC0;                   // 使能DMA TX功能
  212   2      
  213   2              while(!(DMA_URXT_STA(uart_n) & 0x01));              // 等待发送完成
  214   2      
  215   2              DMA_URXT_CR(uart_n) = 0x00;                   // 关闭DMA TX
  216   2        }
  217   1      }
  218          //-------------------------------------------------------------------------------------------------------
             -------------
  219          // 函数简介     串口发送字符串
  220          // 参数说明     uart_n       串口通道
  221          // 参数说明     str         字符串首地址
  222          // 返回参数     void
  223          // 使用示例     uart_putstr(UART_1, (uint8 *)"12345")   //串口1发送12345这个字符串
  224          //-------------------------------------------------------------------------------------------------------
             -------------
  225          void uart_write_string(uart_index_enum uart_n, const char *str)
  226          {
  227   1          uint16 len = strlen(str);
  228   1          uart_write_buffer(uart_n, str, len);
C251 COMPILER V5.60.0,  zf_driver_uart                                                     14/07/26  10:25:58  PAGE 5   

  229   1      }
  230          
  231          //-------------------------------------------------------------------------------------------------------
             -------------
  232          // 函数简介     串口发送一个字节
  233          // 参数说明     uart_n       串口通道
  234          // 参数说明     dat         串口数据
  235          // 返回参数     void
  236          // 使用示例     uart_write_byte(UART_1, 0x43);        //串口1发送0x43。
  237          //-------------------------------------------------------------------------------------------------------
             -------------
  238          void uart_write_byte(uart_index_enum uart_n, const uint8 dat)
  239          {
  240   1          uart_write_buffer(uart_n, &dat, 1);
  241   1      }
  242          
  243          //-------------------------------------------------------------------------------------------------------
             -------------
  244          // 函数简介     串口开始接收数据
  245          // 参数说明     uart_n       串口通道
  246          // 返回参数     void
  247          // 使用示例     uart_rx_start_buff(UART_1);
  248          //-------------------------------------------------------------------------------------------------------
             -------------
  249          void uart_rx_start_buff(uart_index_enum uart_n)
  250          {
  251   1          DMA_URXR_AMT(uart_n) = (1 - 1);                   // 设置接收的字节数
  252   1          DMA_URXR_AMTH(uart_n) = (1 - 1) >> 8;               // 设置接收的字节数
  253   1          DMA_URXR_RXAL(uart_n) = (uint8)((uint16)uart_rx_buff[uart_n]);    // 设置接收缓冲地址
  254   1          DMA_URXR_RXAH(uart_n) = (uint8)((uint16)uart_rx_buff[uart_n] >> 8); // 设置接收缓冲地址
  255   1          DMA_URXR_CR(uart_n) = 0xA1;                     // 开启DMA RX接收中断，开启DMA RX接收，清空FIFO
  256   1      }
  257          
  258          //-------------------------------------------------------------------------------------------------------
             -------------
  259          // 函数简介     打开串口接收中断
  260          // 参数说明     uart_n       串口通道
  261          // 参数说明     status      使能或者失能
  262          // 返回参数     void
  263          // 使用示例     uart_rx_irq(UART_1, ENABLE);        //打开串口1接收中断
  264          //-------------------------------------------------------------------------------------------------------
             -------------
  265          void uart_rx_interrupt (uart_index_enum uart_n, uint8 status, uart_callback_function callback_handler)
  266          {
  267   1        if(status)
  268   1        {
  269   2          DMA_URXR_CFG(uart_n) |= 0x80;
  270   2        }
  271   1        else
  272   1        {
  273   2          DMA_URXR_CFG(uart_n) &= ~0x80;
  274   2        }
  275   1          // 设置回调函数
  276   1          uart_rx_handlers[uart_n] = callback_handler;
  277   1      }
  278          
  279          //-------------------------------------------------------------------------------------------------------
             -------------
  280          // 函数简介     读取串口接收的数据（whlie等待）
  281          // 参数说明     uart_n           串口模块号(UART_1 - UART_4)
  282          // 参数说明     *dat            接收数据的地址
  283          // 返回参数     void
  284          // 使用示例     dat = uart_read_byte(USART_1);       // 接收串口1数据  存在在dat变量里
  285          //-------------------------------------------------------------------------------------------------------
             -------------
  286          uint8 uart_read_byte(uart_index_enum uart_n)
C251 COMPILER V5.60.0,  zf_driver_uart                                                     14/07/26  10:25:58  PAGE 6   

  287          {
  288   1        uint8 dat;
  289   1        
  290   1        // 等待串口有数据
  291   1        while(!(DMA_URXR_STA(uart_n)&0x03));
  292   1      
  293   1        // 读取数据
  294   1        dat = uart_rx_buff[uart_n][0];
  295   1          
  296   1        // 清空标志位
  297   1        DMA_URXR_STA(uart_n) = 0x00;
  298   1        
  299   1        // 开始下一次接收
  300   1        uart_rx_start_buff(uart_n);
  301   1        return dat;
  302   1      }
  303          
  304          //-------------------------------------------------------------------------------------------------------
             -------------
  305          // 函数简介     读取串口接收的数据（查询接收）
  306          // 参数说明     uart_n           串口模块号(UART_1 - UART_8)
  307          // 参数说明     *dat            接收数据的地址
  308          // 返回参数     uint8           1：接收成功   0：未接收到数据
  309          // 使用示例     uint8 dat; uart_query_byte(USART_1,&dat);       // 接收串口1数据  存在在dat变量里
  310          //-------------------------------------------------------------------------------------------------------
             -------------
  311          uint8 uart_query_byte(uart_index_enum uart_n, uint8 *dat)
  312          {
  313   1        uint8 ret = 0; 
  314   1      
  315   1        // 读取数据
  316   1        *dat = uart_rx_buff[uart_n][0];
  317   1        
  318   1        if(DMA_URXR_STA(uart_n) & 0x03)
  319   1        {
  320   2          ret = 1;
  321   2          
  322   2          DMA_URXR_STA(uart_n) &= ~0x03;
  323   2        }
  324   1        else
  325   1        {
  326   2          ret = 0;
  327   2        }
  328   1        
  329   1        // 开始下一次接收
  330   1        uart_rx_start_buff(uart_n);
  331   1      
  332   1        return ret;
  333   1      }
  334          
  335          //-------------------------------------------------------------------------------------------------------
             -------------
  336          // 函数简介     串口DMA初始化
  337          // 参数说明     uart_n       串口通道
  338          // 返回参数     void
  339          // 使用示例     uart_dma_init(UART_1);
  340          //-------------------------------------------------------------------------------------------------------
             -------------
  341          void uart_dma_init(uart_index_enum uart_n)
  342          {
  343   1        DMA_URXT_CFG(uart_n)  = 0x00; // DMA TX数据访问优先级最低，关闭DMA发送中断，
  344   1        DMA_URXT_STA(uart_n)  = 0x00; // 清除DMA TX状态
  345   1        DMA_URXT_CR(uart_n)   = 0x00; // 关闭DMA TX
  346   1          
  347   1        DMA_URXR_CFG(uart_n)  = 0x00; // 关闭DMA接收中断
  348   1        DMA_URXR_STA(uart_n)  = 0x00; // 清除DMA RX状态
C251 COMPILER V5.60.0,  zf_driver_uart                                                     14/07/26  10:25:58  PAGE 7   

  349   1        DMA_URXR_CR(uart_n)   = 0x00; // 关闭DMA RX
  350   1      
  351   1        DMA_URXR_AMT(uart_n)  = (1 - 1);                  // 设置接收的字节数
  352   1        DMA_URXR_AMTH(uart_n) = (1 - 1)>>8;                 // 设置接收的字节数
  353   1        DMA_URXR_RXAL(uart_n) = (uint8)((uint16)uart_rx_buff[uart_n]);    // 设置接收缓冲地址
  354   1        DMA_URXR_RXAH(uart_n) = (uint8)((uint16)uart_rx_buff[uart_n] >> 8); // 设置接收缓冲地址
  355   1        DMA_URXR_CFG(uart_n)  = 0x0F;                   // 中断优先级最高，DMA优先级最高
  356   1        DMA_URXR_CR(uart_n)   = 0xA1;                   // 开启DMA RX，清空FIFO
  357   1       
  358   1      }
  359          
  360          //-------------------------------------------------------------------------------------------------------
             -------------
  361          // 函数简介     串口初始化
  362          // 参数说明     uart_n       串口通道
  363          // 参数说明     baud        波特率
  364          // 参数说明     tx_pin      串口发送引脚号
  365          // 参数说明     rx_pin      串口接收引脚号
  366          // 返回参数     void
  367          // 使用示例     uart_init(UART_2, 115200, UART2_TX_P11, UART2_RX_P10); //串口2初始化引脚号,TX为P11,RX为P1
             -0
  368          // 备注信息     所有的串口，都只能使用定时器2 做波特率发生器，所有的串口只能是同一个波特率。
  369          //-------------------------------------------------------------------------------------------------------
             -------------
  370          void uart_tim_init(uart_index_enum uart_n, uint32 baud, uart_pin_enum tx_pin, uart_pin_enum rx_pin, timer
             -_index_enum tim_n)
  371          {
  372   1          uint16 brt;
  373   1      
  374   1        // 如果程序在输出了断言信息 并且提示出错位置在这里
  375   1          // 就去查看你在什么地方调用这个函数 检查你的传入参数
  376   1          // 这里是检查是否有重复使用定时器
  377   1        // TIM2已经给串口用作波特率发生器了。不能再初始化为其他的。
  378   1        zf_assert(timer_funciton_check(tim_n, TIMER_FUNCTION_UART));
  379   1        
  380   1        
  381   1        // 串口的RX和TX必须是一组切换，如果在这里进行报错，
  382   1        // 则说明你选到不是同一组的引脚了
  383   1        zf_assert(((tx_pin >> 8) & 0x0f) == ((rx_pin >> 8) & 0x0f));
  384   1        
  385   1        // 串口的RX、TX和uart的通道号必须一致，如果在这里进行报错，
  386   1        // 则说明你可能引脚和通道号不一致，
  387   1          // 例如，选择UART_1的通道，选择UART_2的两个引脚UART2_RX_P84、UART2_TX_P85
  388   1          zf_assert((uart_n == tx_pin >> 12 & 0x0F));
  389   1          zf_assert((uart_n == tx_pin >> 12 & 0x0F));
  390   1          
  391   1        // 初始化GPIO
  392   1        gpio_init(tx_pin&0xFF, GPO, 1, GPO_PUSH_PULL);
  393   1        gpio_init(rx_pin&0xFF, GPI, 1, GPI_PULL_UP);
  394   1        
  395   1          brt = (uint16)(65536 - (system_clock / (baud) / 4));
  396   1          
  397   1          switch(uart_n)
  398   1          {
  399   2              case UART_1:
  400   2              {
  401   3                  if(TIM_1 == tim_n)
  402   3                  {
  403   4                      SCON |= 0x50;
  404   4                      TMOD &= ~0x0F;
  405   4                      TL1 = brt;
  406   4                      TH1 = brt >> 8;
  407   4                      AUXR |= 0x40;
  408   4                      TR1 = 1;  
  409   4                  }
  410   3                  else if(TIM_2 == tim_n)
C251 COMPILER V5.60.0,  zf_driver_uart                                                     14/07/26  10:25:58  PAGE 8   

  411   3                  {
  412   4                      SCON |= 0x50;
  413   4                      T2L = brt;
  414   4                      T2H = brt >> 8;
  415   4                      AUXR |= 0x15;
  416   4                  }
  417   3                  
  418   3                  P_SW1 &= ~(0x03 << 6);
  419   3                  
  420   3                  if((UART1_RX_P30 == rx_pin) && (UART1_TX_P31 == tx_pin))
  421   3                  {
  422   4                      P_SW1 |= 0x00;
  423   4                  }
  424   3                  else if((UART1_RX_P36 == rx_pin) && (UART1_TX_P37 == tx_pin))
  425   3                  {
  426   4                      P_SW1 |= 0x40;
  427   4                  }
  428   3                  else if((UART1_RX_P16 == rx_pin) && (UART1_TX_P17 == tx_pin))
  429   3                  {
  430   4                      P_SW1 |= 0x80;
  431   4                  }
  432   3                  else if((UART1_RX_P43 == rx_pin) && (UART1_TX_P44 == tx_pin))
  433   3                  {
  434   4                      P_SW1 |= 0xc0;
  435   4                  }
  436   3                  
  437   3                  //            ES = 1; //允许串行口1中断
  438   3                  break;
  439   3              }
  440   2              
  441   2              case UART_2:
  442   2              {
  443   3                  if(TIM_2 == tim_n)
  444   3                  {
  445   4                      S2CON |= 0x50;
  446   4                      T2L = brt;
  447   4                      T2H = brt >> 8;
  448   4                      AUXR |= 0x14;
  449   4                  }
  450   3                  
  451   3                  P_SW2  &= ~(0x01 << 0);
  452   3                  P_SWX1 &= ~(0x01 << 5);
  453   3                  if((UART2_RX_P10 == rx_pin) && (UART2_TX_P11 == tx_pin))
  454   3                  {
  455   4                      P_SW2  |= 0x00 << 0;
  456   4                      P_SWX1 |= 0x00 << 5;
  457   4                  }
  458   3                  else if((UART2_RX_P46 == rx_pin) && (UART2_TX_P47 == tx_pin))
  459   3                  {
  460   4                      P_SW2  |= 0x01 << 0;
  461   4                      P_SWX1 |= 0x00 << 5;
  462   4                  }
  463   3                  else if((UART2_RX_P46 == rx_pin) && (UART2_TX_P47 == tx_pin))
  464   3                  {
  465   4                      P_SW2  |= 0x00 << 0;
  466   4                      P_SWX1 |= 0x01 << 5;
  467   4                  }
  468   3                  else if((UART2_RX_P46 == rx_pin) && (UART2_TX_P47 == tx_pin))
  469   3                  {
  470   4                      P_SW2  |= 0x01 << 0;
  471   4                      P_SWX1 |= 0x01 << 5;
  472   4                  }
  473   3                  //            IE2 |= 0x01 << 0; //允许串行口2中断
  474   3                  
  475   3                  break;
  476   3              }
C251 COMPILER V5.60.0,  zf_driver_uart                                                     14/07/26  10:25:58  PAGE 9   

  477   2              
  478   2              case UART_3:
  479   2              {
  480   3                  if(TIM_2 == tim_n)
  481   3                  {
  482   4                      T2L = brt;
  483   4                      T2H = brt >> 8;
  484   4                      AUXR |= 0x14;
  485   4                  }
  486   3                  else if(TIM_3 == tim_n)
  487   3                  {
  488   4                      T3L = brt;
  489   4                      T3H = brt >> 8;
  490   4                      T4T3M |= 0x0a;
  491   4                  }
  492   3                  
  493   3                  S3CON |= 0x50;
  494   3                  P_SW2  &= ~(0x01 << 1);
  495   3                  P_SWX1 &= ~(0x01 << 6);
  496   3                  
  497   3                  if((UART3_RX_P00 == rx_pin) && (UART3_TX_P01 == tx_pin))
  498   3                  {
  499   4                      P_SW2  |= 0x00 << 1;
  500   4                      P_SWX1 |= 0x00 << 6;
  501   4                  }
  502   3                  else if((UART3_RX_P50 == rx_pin) && (UART3_TX_P51 == tx_pin))
  503   3                  {
  504   4                      P_SW2  |= 0x01 << 1;
  505   4                      P_SWX1 |= 0x00 << 6;
  506   4                  }
  507   3                  else if((UART3_RX_P86 == rx_pin) && (UART3_TX_P87 == tx_pin))
  508   3                  {
  509   4                      P_SW2  |= 0x00 << 1;
  510   4                      P_SWX1 |= 0x01 << 6;
  511   4                  }
  512   3                  else if((UART3_RX_PB6 == rx_pin) && (UART3_TX_PB7 == tx_pin))
  513   3                  {
  514   4                      P_SW2  |= 0x01 << 1;
  515   4                      P_SWX1 |= 0x01 << 6;
  516   4                  }
  517   3                  //            IE2 |= 0x01 << 3; //允许串行口3中断
  518   3                  
  519   3                  break;
  520   3              }
  521   2              
  522   2              case UART_4:
  523   2              {
  524   3                  if(TIM_2 == tim_n)
  525   3                  {
  526   4                      T2L = brt;
  527   4                      T2H = brt >> 8;
  528   4                      AUXR |= 0x14;
  529   4      
  530   4                      S4CFG &= ~0x01;
  531   4                  }
  532   3                  else if(TIM_4 == tim_n)
  533   3                  {
  534   4                      T4L = brt;
  535   4                      T4H = brt >> 8;
  536   4                      T4T3M |= 0xa0;
  537   4      
  538   4                      S4CFG |= 0x01;
  539   4                  }
  540   3                  S4CON |= 0x50;
  541   3                  P_SW2  &= ~(0x01 << 2);
  542   3                  P_SWX1 &= ~(0x01 << 7);
C251 COMPILER V5.60.0,  zf_driver_uart                                                     14/07/26  10:25:58  PAGE 10  

  543   3                  if((UART4_RX_P02 == rx_pin) && (UART4_TX_P03 == tx_pin))
  544   3                  {
  545   4                      P_SW2  |= 0x00 << 2;
  546   4                      P_SWX1 |= 0x00 << 7;
  547   4                  }
  548   3                  else if((UART4_RX_P52 == rx_pin) && (UART4_TX_P53 == tx_pin))
  549   3                  {
  550   4                      P_SW2  |= 0x01 << 2;
  551   4                      P_SWX1 |= 0x00 << 7;
  552   4                  }
  553   3                  else if((UART4_RX_PA2 == rx_pin) && (UART4_TX_PA3 == tx_pin))
  554   3                  {
  555   4                      P_SW2  |= 0x00 << 2;
  556   4                      P_SWX1 |= 0x01 << 7;
  557   4                  }
  558   3                  else if((UART4_RX_PC0 == rx_pin) && (UART4_TX_PC1 == tx_pin))
  559   3                  {
  560   4                      P_SW2  |= 0x01 << 2;
  561   4                      P_SWX1 |= 0x01 << 7;
  562   4                  }
  563   3                  
  564   3                  //            IE2 |= 0x01 << 4; //允许串行口4中断
  565   3                  
  566   3                  break;
  567   3              }
  568   2              
  569   2              case UART_5:
  570   2              {
  571   3                     
  572   3                  if(TIM_2 == tim_n)
  573   3                  {
  574   4                      T2L = brt;
  575   4                      T2H = brt >> 8;
  576   4                      AUXR |= 0x14;
  577   4                      S5CFG &= ~0x01;
  578   4                  }
  579   3                  else if(TIM_5 == tim_n)
  580   3                  {
  581   4                      T5L = brt;
  582   4                      T5H = brt >> 8;
  583   4                      T6T5M |= 0x0a;   // 设置1T模式，开启定时器
  584   4                      S5CFG |= 0x01;
  585   4                  }
  586   3                                  
  587   3                  S5CON |= 0x50;
  588   3                  P_SWX2 &= ~(0x03 << 0); 
  589   3                  
  590   3                  if((UART5_RX_P04 == rx_pin) && (UART5_TX_P05 == tx_pin))
  591   3                  {
  592   4                       P_SWX2 |= 0x00; 
  593   4                  }
  594   3                  else if((UART5_RX_P40 == rx_pin) && (UART5_TX_P41 == tx_pin))
  595   3                  {
  596   4                      P_SWX2 |= 0x01; 
  597   4                  }
  598   3                  else if((UART5_RX_P14 == rx_pin) && (UART5_TX_P15 == tx_pin))
  599   3                  {
  600   4                      P_SWX2 |= 0x02; 
  601   4                  }
  602   3                  else if((UART5_RX_P20 == rx_pin) && (UART5_TX_P21 == tx_pin))
  603   3                  {
  604   4                      P_SWX2 |= 0x03; 
  605   4                  }
  606   3                  break;
  607   3              }
  608   2              
C251 COMPILER V5.60.0,  zf_driver_uart                                                     14/07/26  10:25:58  PAGE 11  

  609   2              case UART_6:
  610   2              {
  611   3                  if(TIM_2 == tim_n)
  612   3                  {
  613   4                      T2L = brt;
  614   4                      T2H = brt >> 8;
  615   4                      AUXR |= 0x14;
  616   4                      S6CFG &= ~0x01;
  617   4                  }
  618   3                  else if(TIM_6 == tim_n)
  619   3                  {
  620   4                      T6L = brt;
  621   4                      T6H = brt >> 8;
  622   4                      T6T5M |= 0xa0;
  623   4                      S6CFG |= 0x01;
  624   4                  }
  625   3                  
  626   3                  S6CON |= 0x50;
  627   3                  P_SWX2 &= ~(0x03 << 2); 
  628   3                  
  629   3                  if((UART6_RX_P06 == rx_pin) && (UART6_TX_P07 == tx_pin))
  630   3                  {
  631   4                      P_SWX2 |= 0x00 << 2; 
  632   4                  }
  633   3                  else if((UART6_RX_P62 == rx_pin) && (UART6_TX_P63 == tx_pin))
  634   3                  {
  635   4                      P_SWX2 |= 0x01 << 2; 
  636   4                  }
  637   3                  else if((UART6_RX_P32 == rx_pin) && (UART6_TX_P33 == tx_pin))
  638   3                  {
  639   4                      P_SWX2 |= 0x02 << 2; 
  640   4                  }
  641   3                  else if((UART6_RX_P26 == rx_pin) && (UART6_TX_P27 == tx_pin))
  642   3                  {
  643   4                      P_SWX2 |= 0x03 << 2; 
  644   4                  }
  645   3                  break;
  646   3              }
  647   2              
  648   2              case UART_7:
  649   2              {
  650   3                  
  651   3                  if(TIM_2 == tim_n)
  652   3                  {
  653   4                      T2L = brt;
  654   4                      T2H = brt >> 8;
  655   4                      AUXR |= 0x14;
  656   4                      S7CFG &= ~0x01;
  657   4                  }
  658   3                  else if(TIM_7 == tim_n)
  659   3                  {
  660   4                      T7L = brt;
  661   4                      T7H = brt >> 8;
  662   4                      T8T7M |= 0x0a;
  663   4                      S7CFG |= 0x01;
  664   4                  }
  665   3      
  666   3                  S7CON |= 0x50;
  667   3                  P_SWX5 &= ~(0x03 << 4); 
  668   3                  if((UART7_RX_P50 == rx_pin) && (UART7_TX_P51 == tx_pin))
  669   3                  {
  670   4                      P_SWX5 |= 0x00 << 4; 
  671   4                  }
  672   3                  else if((UART7_RX_PA4 == rx_pin) && (UART7_TX_PA5 == tx_pin))
  673   3                  {
  674   4                      P_SWX5 |= 0x01 << 4; 
C251 COMPILER V5.60.0,  zf_driver_uart                                                     14/07/26  10:25:58  PAGE 12  

  675   4                  }
  676   3                  else if((UART7_RX_P90 == rx_pin) && (UART7_TX_P91 == tx_pin))
  677   3                  {
  678   4                      P_SWX5 |= 0x02 << 4; 
  679   4                  }
  680   3                  else if((UART7_RX_P12 == rx_pin) && (UART7_TX_P13 == tx_pin))
  681   3                  {
  682   4                      P_SWX5 |= 0x03 << 4; 
  683   4                  }
  684   3                  break;
  685   3              }
  686   2              
  687   2              case UART_8:
  688   2              {
  689   3                  if(TIM_2 == tim_n)
  690   3                  {
  691   4                      T2L = brt;
  692   4                      T2H = brt >> 8;
  693   4                      AUXR |= 0x14;
  694   4                      S7CFG &= ~0x01;
  695   4                  }
  696   3                  else if(TIM_8 == tim_n)
  697   3                  {
  698   4                      T8L = brt;
  699   4                      T8H = brt >> 8;
  700   4                      T8T7M |= 0xa0;
  701   4                      S8CFG |= 0x01;
  702   4                  }
  703   3                  
  704   3                  S8CON |= 0x50;
  705   3                  P_SWX5 &= ~(0x03 << 6); 
  706   3                  if((UART8_RX_P52 == rx_pin) && (UART8_TX_P53 == tx_pin))
  707   3                  {
  708   4                      P_SWX5 |= 0x00 << 6; 
  709   4                  }
  710   3                  else if((UART8_RX_PA6 == rx_pin) && (UART8_TX_PA7 == tx_pin))
  711   3                  {
  712   4                      P_SWX5 |= 0x01 << 6; 
  713   4                  }
  714   3                  else if((UART8_RX_P92 == rx_pin) && (UART8_TX_P93 == tx_pin))
  715   3                  {
  716   4                      P_SWX5 |= 0x02 << 6; 
  717   4                  }
  718   3                  else if((UART8_RX_P60 == rx_pin) && (UART8_TX_P61 == tx_pin))
  719   3                  {
  720   4                      P_SWX5 |= 0x03 << 6; 
  721   4                  }
  722   3                  break;
  723   3              }
  724   2          }
  725   1          
  726   1        // uart dma 初始化
  727   1          uart_dma_init(uart_n);
  728   1          
  729   1      }
  730          
  731          void uart_init(uart_index_enum uart_n, uint32 baud, uart_pin_enum tx_pin, uart_pin_enum rx_pin)
  732          {
  733   1          // 直接通过枚举值映射：UART_1~UART_8 对应 TIM_1~TIM_8（假设枚举值连续递增）
  734   1          const uint8 tim_index_map[] = {TIM_1, TIM_2, TIM_3, TIM_4, TIM_5, TIM_6, TIM_7, TIM_8};
  735   1             
  736   1          uint8 tim_index = tim_index_map[uart_n - UART_1];
  737   1      
  738   1          // 合法性检查：仅处理 UART_1~UART_8，避免越界访问和非法配置
  739   1          zf_assert(!(uart_n < UART_1 || uart_n > UART_8));
  740   1      
C251 COMPILER V5.60.0,  zf_driver_uart                                                     14/07/26  10:25:58  PAGE 13  

  741   1          uart_tim_init(uart_n, baud, tx_pin, rx_pin, tim_index);
  742   1      }


Module Information          Static   Overlayable
------------------------------------------------
  code size            =    ------     ------
  ecode size           =      6629     ------
  data size            =    ------     ------
  idata size           =    ------     ------
  pdata size           =    ------     ------
  xdata size           =       179     ------
  xdata-const size     =    ------     ------
  edata size           =    ------     ------
  bit size             =    ------     ------
  ebit size            =    ------     ------
  bitaddressable size  =    ------     ------
  ebitaddressable size =    ------     ------
  far data size        =    ------     ------
  huge data size       =    ------     ------
  const size           =    ------     ------
  hconst size          =       165     ------
End of Module Information.


C251 COMPILATION COMPLETE.  0 WARNING(S),  0 ERROR(S)
